C:\Users\Jerry\Desktop\Wavenumber\spi_neopixel_demo\spi_neopixel\frdmmcxa153_spi_neopixel\CMSIS/core_cm33.h:2378:22:__NVIC_EnableIRQ	16	static
../drivers/fsl_clock.h:546:20:CLOCK_EnableClock	32	static
../drivers/fsl_clock.h:579:20:CLOCK_DisableClock	32	static
../drivers/fsl_reset.h:196:20:RESET_ReleasePeripheralReset	16	static
../drivers/fsl_common_arm.h:514:24:EnableIRQ	24	static
../drivers/fsl_common_arm.h:732:24:DisableGlobalIRQ	16	static
../drivers/fsl_common_arm.h:758:20:EnableGlobalIRQ	24	static
../drivers/fsl_lpuart.h:355:20:LPUART_SoftwareReset	16	static
../drivers/fsl_lpuart.c:168:10:LPUART_GetInstance	24	static
../drivers/fsl_lpuart.c:203:8:LPUART_TransferGetRxRingBufferLength	32	static
../drivers/fsl_lpuart.c:224:13:LPUART_TransferIsRxRingBufferFull	24	static
../drivers/fsl_lpuart.c:241:13:LPUART_WriteNonBlocking	32	static
../drivers/fsl_lpuart.c:255:13:LPUART_ReadNonBlocking	40	static
../drivers/fsl_lpuart.c:309:10:LPUART_Init	56	static
../drivers/fsl_lpuart.c:537:6:LPUART_Deinit	24	static
../drivers/fsl_lpuart.c:601:6:LPUART_GetDefaultConfig	16	static
../drivers/fsl_lpuart.c:646:10:LPUART_SetBaudRate	56	static
../drivers/fsl_lpuart.c:746:6:LPUART_Enable9bitMode	24	static
../drivers/fsl_lpuart.c:780:6:LPUART_SendAddress	24	static
../drivers/fsl_lpuart.c:802:6:LPUART_EnableInterrupts	24	static
../drivers/fsl_lpuart.c:844:6:LPUART_DisableInterrupts	24	static
../drivers/fsl_lpuart.c:892:10:LPUART_GetEnabledInterrupts	24	static
../drivers/fsl_lpuart.c:930:10:LPUART_GetStatusFlags	24	static
../drivers/fsl_lpuart.c:963:10:LPUART_ClearStatusFlags	24	static
../drivers/fsl_lpuart.c:1013:10:LPUART_WriteBlocking	32	static
../drivers/fsl_lpuart.c:1078:10:LPUART_ReadBlocking	48	static
../drivers/fsl_lpuart.c:1213:6:LPUART_TransferCreateHandle	40	static
../drivers/fsl_lpuart.c:1278:6:LPUART_TransferStartRingBuffer	32	static
../drivers/fsl_lpuart.c:1307:6:LPUART_TransferStopRingBuffer	24	static
../drivers/fsl_lpuart.c:1345:10:LPUART_TransferSendNonBlocking	32	static
../drivers/fsl_lpuart.c:1388:6:LPUART_TransferAbortSend	24	static
../drivers/fsl_lpuart.c:1413:10:LPUART_TransferGetSendCount	32	static
../drivers/fsl_lpuart.c:1471:10:LPUART_TransferReceiveNonBlocking	56	static
../drivers/fsl_lpuart.c:1610:6:LPUART_TransferAbortReceive	24	static
../drivers/fsl_lpuart.c:1641:10:LPUART_TransferGetReceiveCount	32	static
../drivers/fsl_lpuart.c:1661:13:LPUART_TransferHandleIDLEReady	32	static
../drivers/fsl_lpuart.c:1714:13:LPUART_TransferHandleReceiveDataFull	40	static
../drivers/fsl_lpuart.c:1827:13:LPUART_TransferHandleSendDataEmpty	24	static
../drivers/fsl_lpuart.c:1867:13:LPUART_TransferHandleTransmissionComplete	32	static
../drivers/fsl_lpuart.c:1895:6:LPUART_TransferHandleIRQ	40	static
../drivers/fsl_lpuart.c:1953:6:LPUART_TransferHandleErrorIRQ	16	static
../drivers/fsl_lpuart.c:2022:6:LPUART0_DriverIRQHandler	8	static
../drivers/fsl_lpuart.c:2048:6:LPUART1_DriverIRQHandler	8	static
../drivers/fsl_lpuart.c:2073:6:LPUART2_DriverIRQHandler	8	static
