../drivers/fsl_lpspi.h:507:20:LPSPI_Enable	16	static
../drivers/fsl_lpspi.h:560:23:LPSPI_GetRxFifoSize	16	static
../drivers/fsl_lpspi.h:580:24:LPSPI_GetRxFifoCount	16	static
../drivers/fsl_lpspi.h:598:20:LPSPI_ClearStatusFlags	16	static
../drivers/fsl_lpspi.h:640:20:LPSPI_DisableInterrupts	16	static
../drivers/fsl_lpspi.h:665:20:LPSPI_EnableDMA	16	static
../drivers/fsl_lpspi.h:681:20:LPSPI_DisableDMA	16	static
../drivers/fsl_lpspi.h:696:24:LPSPI_GetTxRegisterAddress	16	static
../drivers/fsl_lpspi.h:711:24:LPSPI_GetRxRegisterAddress	16	static
../drivers/fsl_lpspi.h:800:20:LPSPI_FlushFifo	16	static
../drivers/fsl_lpspi.h:849:20:LPSPI_SetFifoWatermarks	24	static
../drivers/fsl_lpspi.h:1008:24:LPSPI_ReadData	16	static
../drivers/fsl_lpspi_edma.c:82:13:LPSPI_SeparateEdmaReadData	24	static
../drivers/fsl_lpspi_edma.c:160:6:LPSPI_MasterTransferCreateHandleEDMA	32	static
../drivers/fsl_lpspi_edma.c:186:13:LPSPI_PrepareTransferEDMA	16	static
../drivers/fsl_lpspi_edma.c:207:10:LPSPI_MasterTransferPrepareEDMALite	48	static
../drivers/fsl_lpspi_edma.c:290:10:LPSPI_MasterTransferEDMALite	192	static
../drivers/fsl_lpspi_edma.c:600:10:LPSPI_MasterTransferEDMA	32	static
../drivers/fsl_lpspi_edma.c:611:13:EDMA_LpspiMasterCallback	48	static
../drivers/fsl_lpspi_edma.c:662:6:LPSPI_MasterTransferAbortEDMA	16	static
../drivers/fsl_lpspi_edma.c:684:10:LPSPI_MasterTransferGetCountEDMA	40	static
../drivers/fsl_lpspi_edma.c:731:6:LPSPI_SlaveTransferCreateHandleEDMA	32	static
../drivers/fsl_lpspi_edma.c:774:10:LPSPI_SlaveTransferEDMA	200	static
../drivers/fsl_lpspi_edma.c:1068:13:EDMA_LpspiSlaveCallback	48	static
../drivers/fsl_lpspi_edma.c:1124:6:LPSPI_SlaveTransferAbortEDMA	16	static
../drivers/fsl_lpspi_edma.c:1146:10:LPSPI_SlaveTransferGetCountEDMA	40	static
