C:\Users\Jerry\Documents\MCUXpressoIDE_11.9.0_2144\workspace\frdmmcxa153_lpspi_edma_b2b_transfer_master\CMSIS/core_cm33.h:2378:22:__NVIC_EnableIRQ	16	static
../drivers/fsl_clock.h:546:20:CLOCK_EnableClock	32	static
../drivers/fsl_clock.h:579:20:CLOCK_DisableClock	32	static
../drivers/fsl_reset.h:196:20:RESET_ReleasePeripheralReset	16	static
../drivers/fsl_common_arm.h:514:24:EnableIRQ	24	static
../drivers/fsl_lpspi.h:507:20:LPSPI_Enable	16	static
../drivers/fsl_lpspi.h:540:24:LPSPI_GetStatusFlags	16	static
../drivers/fsl_lpspi.h:560:23:LPSPI_GetRxFifoSize	16	static
../drivers/fsl_lpspi.h:570:24:LPSPI_GetTxFifoCount	16	static
../drivers/fsl_lpspi.h:580:24:LPSPI_GetRxFifoCount	16	static
../drivers/fsl_lpspi.h:598:20:LPSPI_ClearStatusFlags	16	static
../drivers/fsl_lpspi.h:625:20:LPSPI_EnableInterrupts	16	static
../drivers/fsl_lpspi.h:640:20:LPSPI_DisableInterrupts	16	static
../drivers/fsl_lpspi.h:743:20:LPSPI_SetMasterSlaveMode	16	static
../drivers/fsl_lpspi.h:788:20:LPSPI_IsMaster	16	static
../drivers/fsl_lpspi.h:800:20:LPSPI_FlushFifo	16	static
../drivers/fsl_lpspi.h:849:20:LPSPI_SetFifoWatermarks	24	static
../drivers/fsl_lpspi.h:994:20:LPSPI_WriteData	16	static
../drivers/fsl_lpspi.h:1008:24:LPSPI_ReadData	16	static
../drivers/fsl_lpspi.c:238:10:LPSPI_GetInstance	24	static
../drivers/fsl_lpspi.c:266:6:LPSPI_SetDummyData	24	static
../drivers/fsl_lpspi.c:279:6:LPSPI_MasterInit	32	static
../drivers/fsl_lpspi.c:349:6:LPSPI_MasterGetDefaultConfig	16	static
../drivers/fsl_lpspi.c:381:6:LPSPI_SlaveInit	24	static
../drivers/fsl_lpspi.c:437:6:LPSPI_SlaveGetDefaultConfig	16	static
../drivers/fsl_lpspi.c:462:6:LPSPI_Reset	16	static
../drivers/fsl_lpspi.c:478:6:LPSPI_Deinit	24	static
../drivers/fsl_lpspi.c:496:13:LPSPI_SetOnePcsPolarity	24	static
../drivers/fsl_lpspi.c:531:10:LPSPI_MasterSetBaudRate	64	static
../drivers/fsl_lpspi.c:643:6:LPSPI_MasterSetDelayScaler	32	static
../drivers/fsl_lpspi.c:716:10:LPSPI_MasterSetDelayTimes	192	static
../drivers/fsl_lpspi.c:839:6:LPSPI_MasterTransferCreateHandle	24	static
../drivers/fsl_lpspi.c:866:6:LPSPI_CheckTransferArgument	40	static
../drivers/fsl_lpspi.c:932:13:LPSPI_MasterTransferWriteAllTxData	64	static
../drivers/fsl_lpspi.c:1063:13:LPSPI_MasterTransferClearTCR	24	static
../drivers/fsl_lpspi.c:1084:13:LPSPI_MasterTransferReadDataInFifo	32	static
../drivers/fsl_lpspi.c:1122:13:LPSPI_MasterTransferReadDataInFifoNoBuf	16	static
../drivers/fsl_lpspi.c:1157:10:LPSPI_MasterTransferBlocking	48	static
../drivers/fsl_lpspi.c:1315:10:LPSPI_MasterTransferNonBlocking	48	static
../drivers/fsl_lpspi.c:1508:13:LPSPI_MasterTransferFillUpTxFifo	40	static
../drivers/fsl_lpspi.c:1576:13:LPSPI_MasterTransferComplete	24	static
../drivers/fsl_lpspi.c:1601:10:LPSPI_MasterTransferGetCount	32	static
../drivers/fsl_lpspi.c:1641:6:LPSPI_MasterTransferAbort	16	static
../drivers/fsl_lpspi.c:1663:6:LPSPI_MasterTransferHandleIRQ	32	static
../drivers/fsl_lpspi.c:1807:6:LPSPI_SlaveTransferCreateHandle	24	static
../drivers/fsl_lpspi.c:1843:10:LPSPI_SlaveTransferNonBlocking	40	static
../drivers/fsl_lpspi.c:1986:13:LPSPI_SlaveTransferFillUpTxFifo	32	static
../drivers/fsl_lpspi.c:2018:13:LPSPI_SlaveTransferComplete	32	static
../drivers/fsl_lpspi.c:2054:10:LPSPI_SlaveTransferGetCount	32	static
../drivers/fsl_lpspi.c:2094:6:LPSPI_SlaveTransferAbort	16	static
../drivers/fsl_lpspi.c:2116:6:LPSPI_SlaveTransferHandleIRQ	32	static
../drivers/fsl_lpspi.c:2240:17:LPSPI_CombineWriteData	24	static
../drivers/fsl_lpspi.c:2328:13:LPSPI_SeparateReadData	24	static
../drivers/fsl_lpspi.c:2418:6:LPSPI_WaitTxFifoEmpty	16	static
../drivers/fsl_lpspi.c:2437:13:LPSPI_CommonIRQHandler	16	static
../drivers/fsl_lpspi.c:2452:6:LPSPI0_DriverIRQHandler	8	static
../drivers/fsl_lpspi.c:2461:6:LPSPI1_DriverIRQHandler	8	static
