Archive member included to satisfy reference by file (symbol)

c:/nxp/mcuxpressoide_11.9.0_2144/ide/plugins/com.nxp.mcuxpresso.tools.win32_11.9.0.202307121226/tools/bin/../lib/gcc/arm-none-eabi/12.3.1/../../../../arm-none-eabi/lib/thumb/v8-m.main/nofp\libcr_nohost_nf.a(_cr__main.o)
                              ./startup/startup_mcxa153.o (__main)
c:/nxp/mcuxpressoide_11.9.0_2144/ide/plugins/com.nxp.mcuxpresso.tools.win32_11.9.0.202307121226/tools/bin/../lib/gcc/arm-none-eabi/12.3.1/../../../../arm-none-eabi/lib/thumb/v8-m.main/nofp\libcr_c.a(memset.o)
                              ./source/lpspi_edma_b2b_transfer_master.o (memset)
c:/nxp/mcuxpressoide_11.9.0_2144/ide/plugins/com.nxp.mcuxpresso.tools.win32_11.9.0.202307121226/tools/bin/../lib/gcc/arm-none-eabi/12.3.1/../../../../arm-none-eabi/lib/thumb/v8-m.main/nofp\libcr_c.a(alloc.o)
                              ./drivers/fsl_common.o (malloc)
c:/nxp/mcuxpressoide_11.9.0_2144/ide/plugins/com.nxp.mcuxpresso.tools.win32_11.9.0.202307121226/tools/bin/../lib/gcc/arm-none-eabi/12.3.1/../../../../arm-none-eabi/lib/thumb/v8-m.main/nofp\libcr_c.a(errno.o)
                              ./utilities/fsl_str.o (errno)
c:/nxp/mcuxpressoide_11.9.0_2144/ide/plugins/com.nxp.mcuxpresso.tools.win32_11.9.0.202307121226/tools/bin/../lib/gcc/arm-none-eabi/12.3.1/../../../../arm-none-eabi/lib/thumb/v8-m.main/nofp\libcr_c.a(initio.o)
                              c:/nxp/mcuxpressoide_11.9.0_2144/ide/plugins/com.nxp.mcuxpresso.tools.win32_11.9.0.202307121226/tools/bin/../lib/gcc/arm-none-eabi/12.3.1/../../../../arm-none-eabi/lib/thumb/v8-m.main/nofp\libcr_nohost_nf.a(_cr__main.o) (_initio)
c:/nxp/mcuxpressoide_11.9.0_2144/ide/plugins/com.nxp.mcuxpresso.tools.win32_11.9.0.202307121226/tools/bin/../lib/gcc/arm-none-eabi/12.3.1/../../../../arm-none-eabi/lib/thumb/v8-m.main/nofp\libcr_c.a(scanf.o)
                              ./utilities/fsl_str.o (strtoul)
c:/nxp/mcuxpressoide_11.9.0_2144/ide/plugins/com.nxp.mcuxpresso.tools.win32_11.9.0.202307121226/tools/bin/../lib/gcc/arm-none-eabi/12.3.1/../../../../arm-none-eabi/lib/thumb/v8-m.main/nofp\libcr_c.a(setvbuf.o)
                              c:/nxp/mcuxpressoide_11.9.0_2144/ide/plugins/com.nxp.mcuxpresso.tools.win32_11.9.0.202307121226/tools/bin/../lib/gcc/arm-none-eabi/12.3.1/../../../../arm-none-eabi/lib/thumb/v8-m.main/nofp\libcr_c.a(initio.o) (setvbuf)
c:/nxp/mcuxpressoide_11.9.0_2144/ide/plugins/com.nxp.mcuxpresso.tools.win32_11.9.0.202307121226/tools/bin/../lib/gcc/arm-none-eabi/12.3.1/../../../../arm-none-eabi/lib/thumb/v8-m.main/nofp\libcr_c.a(strlen.o)
                              ./utilities/fsl_debug_console.o (strlen)
c:/nxp/mcuxpressoide_11.9.0_2144/ide/plugins/com.nxp.mcuxpresso.tools.win32_11.9.0.202307121226/tools/bin/../lib/gcc/arm-none-eabi/12.3.1/../../../../arm-none-eabi/lib/thumb/v8-m.main/nofp\libcr_c.a(ungetc.o)
                              c:/nxp/mcuxpressoide_11.9.0_2144/ide/plugins/com.nxp.mcuxpresso.tools.win32_11.9.0.202307121226/tools/bin/../lib/gcc/arm-none-eabi/12.3.1/../../../../arm-none-eabi/lib/thumb/v8-m.main/nofp\libcr_c.a(scanf.o) (ungetc)
c:/nxp/mcuxpressoide_11.9.0_2144/ide/plugins/com.nxp.mcuxpresso.tools.win32_11.9.0.202307121226/tools/bin/../lib/gcc/arm-none-eabi/12.3.1/../../../../arm-none-eabi/lib/thumb/v8-m.main/nofp\libcr_c.a(__fillbuf.o)
                              c:/nxp/mcuxpressoide_11.9.0_2144/ide/plugins/com.nxp.mcuxpresso.tools.win32_11.9.0.202307121226/tools/bin/../lib/gcc/arm-none-eabi/12.3.1/../../../../arm-none-eabi/lib/thumb/v8-m.main/nofp\libcr_c.a(scanf.o) (__filbuf)
c:/nxp/mcuxpressoide_11.9.0_2144/ide/plugins/com.nxp.mcuxpresso.tools.win32_11.9.0.202307121226/tools/bin/../lib/gcc/arm-none-eabi/12.3.1/../../../../arm-none-eabi/lib/thumb/v8-m.main/nofp\libcr_c.a(__init_alloc.o)
                              c:/nxp/mcuxpressoide_11.9.0_2144/ide/plugins/com.nxp.mcuxpresso.tools.win32_11.9.0.202307121226/tools/bin/../lib/gcc/arm-none-eabi/12.3.1/../../../../arm-none-eabi/lib/thumb/v8-m.main/nofp\libcr_c.a(alloc.o) (__heaps)
c:/nxp/mcuxpressoide_11.9.0_2144/ide/plugins/com.nxp.mcuxpresso.tools.win32_11.9.0.202307121226/tools/bin/../lib/gcc/arm-none-eabi/12.3.1/../../../../arm-none-eabi/lib/thumb/v8-m.main/nofp\libcr_c.a(_cr_sbrk.o)
                              c:/nxp/mcuxpressoide_11.9.0_2144/ide/plugins/com.nxp.mcuxpresso.tools.win32_11.9.0.202307121226/tools/bin/../lib/gcc/arm-none-eabi/12.3.1/../../../../arm-none-eabi/lib/thumb/v8-m.main/nofp\libcr_c.a(alloc.o) (_sbrk)
c:/nxp/mcuxpressoide_11.9.0_2144/ide/plugins/com.nxp.mcuxpresso.tools.win32_11.9.0.202307121226/tools/bin/../lib/gcc/arm-none-eabi/12.3.1/../../../../arm-none-eabi/lib/thumb/v8-m.main/nofp\libcr_c.a(_deferredlazyseek.o)
                              c:/nxp/mcuxpressoide_11.9.0_2144/ide/plugins/com.nxp.mcuxpresso.tools.win32_11.9.0.202307121226/tools/bin/../lib/gcc/arm-none-eabi/12.3.1/../../../../arm-none-eabi/lib/thumb/v8-m.main/nofp\libcr_c.a(__fillbuf.o) (_deferredlazyseek)
[...]
Memory Configuration

Name             Origin             Length             Attributes
PROGRAM_FLASH    0x00000000         0x00020000         xr
SRAM             0x20000000         0x00006000         xrw
SRAMX0           0x04000000         0x00002000         xrw
SRAMX1           0x04002000         0x00001000         xrw
*default*        0x00000000         0xffffffff

Linker script and memory map

LOAD ./utilities/fsl_assert.o
LOAD ./utilities/fsl_debug_console.o
LOAD ./utilities/fsl_memcpy.o
LOAD ./utilities/fsl_str.o
LOAD ./startup/startup_mcxa153.o
LOAD ./source/lpspi_edma_b2b_transfer_master.o
LOAD ./source/semihost_hardfault.o
LOAD ./source/ws2812.o
LOAD ./drivers/fsl_clock.o
LOAD ./drivers/fsl_common.o
LOAD ./drivers/fsl_common_arm.o
LOAD ./drivers/fsl_edma.o
LOAD ./drivers/fsl_edma_soc.o
LOAD ./drivers/fsl_gpio.o
LOAD ./drivers/fsl_lpspi.o
LOAD ./drivers/fsl_lpspi_edma.o
LOAD ./drivers/fsl_lpuart.o
LOAD ./drivers/fsl_reset.o
LOAD ./drivers/fsl_spc.o
LOAD ./device/system_MCXA153.o
LOAD ./component/uart/fsl_adapter_lpuart.o
LOAD ./component/lists/fsl_component_generic_list.o
LOAD ./board/board.o
LOAD ./board/clock_config.o
LOAD ./board/pin_mux.o
START GROUP
LOAD c:/nxp/mcuxpressoide_11.9.0_2144/ide/plugins/com.nxp.mcuxpresso.tools.win32_11.9.0.202307121226/tools/bin/../lib/gcc/arm-none-eabi/12.3.1/../../../../arm-none-eabi/lib/thumb/v8-m.main/nofp\libcr_nohost_nf.a
LOAD c:/nxp/mcuxpressoide_11.9.0_2144/ide/plugins/com.nxp.mcuxpresso.tools.win32_11.9.0.202307121226/tools/bin/../lib/gcc/arm-none-eabi/12.3.1/../../../../arm-none-eabi/lib/thumb/v8-m.main/nofp\libcr_c.a
LOAD c:/nxp/mcuxpressoide_11.9.0_2144/ide/plugins/com.nxp.mcuxpresso.tools.win32_11.9.0.202307121226/tools/bin/../lib/gcc/arm-none-eabi/12.3.1/thumb/v8-m.main/nofp\libcr_eabihelpers.a
LOAD c:/nxp/mcuxpressoide_11.9.0_2144/ide/plugins/com.nxp.mcuxpresso.tools.win32_11.9.0.202307121226/tools/bin/../lib/gcc/arm-none-eabi/12.3.1/thumb/v8-m.main/nofp\libgcc.a
END GROUP
                0x00000000                        __base_PROGRAM_FLASH = 0x0
                0x00000000                        __base_Flash = 0x0
                0x00020000                        __top_PROGRAM_FLASH = 0x20000
                0x00020000                        __top_Flash = 0x20000
                0x20000000                        __base_SRAM = 0x20000000
                0x20000000                        __base_RAM = 0x20000000
                0x20006000                        __top_SRAM = 0x20006000
                0x20006000                        __top_RAM = 0x20006000
                0x04000000                        __base_SRAMX0 = 0x4000000
                0x04000000                        __base_RAM2 = 0x4000000
                0x04002000                        __top_SRAMX0 = 0x4002000
                0x04002000                        __top_RAM2 = 0x4002000
                0x04002000                        __base_SRAMX1 = 0x4002000
                0x04002000                        __base_RAM3 = 0x4002000
                0x04003000                        __top_SRAMX1 = 0x4003000
                0x04003000                        __top_RAM3 = 0x4003000

.text           0x00000000     0x6218
 FILL mask 0xff
                0x00000000                        __vectors_start__ = ABSOLUTE (.)
 *(SORT_BY_ALIGNMENT(.isr_vector))
 .isr_vector    0x00000000      0x16c ./startup/startup_mcxa153.o
                0x00000000                g_pfnVectors
                0x00000000                __Vectors
                0x0000016c                        . = ALIGN (0x4)
                0x0000016c                        __section_table_start = .
                0x0000016c                        __data_section_table = .
                0x0000016c        0x4 LONG 0x6218 LOADADDR (.data)
                0x00000170        0x4 LONG 0x20000000 ADDR (.data)
                0x00000174        0x4 LONG 0x8 SIZEOF (.data)
                0x00000178        0x4 LONG 0x6218 LOADADDR (.data_RAM2)
                0x0000017c        0x4 LONG 0x4000000 ADDR (.data_RAM2)
                0x00000180        0x4 LONG 0x0 SIZEOF (.data_RAM2)
                0x00000184        0x4 LONG 0x6218 LOADADDR (.data_RAM3)
                0x00000188        0x4 LONG 0x4002000 ADDR (.data_RAM3)
                0x0000018c        0x4 LONG 0x0 SIZEOF (.data_RAM3)
                0x00000190                        __data_section_table_end = .
                0x00000190                        __bss_section_table = .
                0x00000190        0x4 LONG 0x20000008 ADDR (.bss)
                0x00000194        0x4 LONG 0x2d8 SIZEOF (.bss)
                0x00000198        0x4 LONG 0x4000000 ADDR (.bss_RAM2)
                0x0000019c        0x4 LONG 0x0 SIZEOF (.bss_RAM2)
                0x000001a0        0x4 LONG 0x4002000 ADDR (.bss_RAM3)
                0x000001a4        0x4 LONG 0x0 SIZEOF (.bss_RAM3)
                0x000001a8                        __bss_section_table_end = .
                0x000001a8                        __section_table_end = .
 *(SORT_BY_ALIGNMENT(.after_vectors*))
 .after_vectors.reset
                0x000001a8       0x68 ./startup/startup_mcxa153.o
                0x000001a8                ResetISR
 .after_vectors.init_data
                0x00000210       0x1c ./startup/startup_mcxa153.o
                0x00000210                data_init
 .after_vectors.init_bss
                0x0000022c       0x12 ./startup/startup_mcxa153.o
                0x0000022c                bss_init
 .after_vectors
                0x0000023e       0x16 ./startup/startup_mcxa153.o
                0x0000023e                NMI_Handler
                0x00000242                MemManage_Handler
                0x00000244                BusFault_Handler
                0x00000246                UsageFault_Handler
                0x00000248                SecureFault_Handler
                0x0000024a                SVC_Handler
                0x0000024c                DebugMon_Handler
                0x0000024e                PendSV_Handler
                0x00000250                SysTick_Handler
                0x00000252                LPTMR0_DriverIRQHandler
                0x00000252                FLEXPWM0_SUBMODULE1_DriverIRQHandler
                0x00000252                MBC0_DriverIRQHandler
                0x00000252                WAKETIMER0_DriverIRQHandler
                0x00000252                I3C0_DriverIRQHandler
                0x00000252                LPI2C0_DriverIRQHandler
                0x00000252                FLEXPWM0_RELOAD_ERROR_DriverIRQHandler
                0x00000252                QDC0_HOME_DriverIRQHandler
                0x00000252                Reserved82_DriverIRQHandler
                0x00000252                QDC0_WATCHDOG_DriverIRQHandler
                0x00000252                ERM0_MULTI_BIT_DriverIRQHandler
                0x00000252                Reserved36_DriverIRQHandler
                0x00000252                CTIMER2_DriverIRQHandler
                0x00000252                Reserved33_DriverIRQHandler
                0x00000252                CMP1_DriverIRQHandler
                0x00000252                IntDefaultHandler
                0x00000252                USB0_DriverIRQHandler
                0x00000252                QDC0_INDEX_DriverIRQHandler
                0x00000252                Reserved39_DriverIRQHandler
                0x00000252                Reserved41_DriverIRQHandler
                0x00000252                FLEXPWM0_SUBMODULE2_DriverIRQHandler
                0x00000252                WWDT0_DriverIRQHandler
                0x00000252                Reserved84_DriverIRQHandler
                0x00000252                FLEXPWM0_FAULT_DriverIRQHandler
                0x00000252                GPIO0_DriverIRQHandler
                0x00000252                Reserved38_DriverIRQHandler
                0x00000252                FREQME0_DriverIRQHandler
                0x00000252                Reserved22_DriverIRQHandler
                0x00000252                Reserved53_DriverIRQHandler
                0x00000252                Reserved35_DriverIRQHandler
                0x00000252                CTIMER0_DriverIRQHandler
                0x00000252                Reserved79_DriverIRQHandler
                0x00000252                Reserved24_DriverIRQHandler
                0x00000252                CTIMER1_DriverIRQHandler
                0x00000252                QDC0_COMPARE_DriverIRQHandler
                0x00000252                WUU0_DriverIRQHandler
                0x00000252                Reserved83_DriverIRQHandler
                0x00000252                Reserved72_DriverIRQHandler
                0x00000252                Reserved23_DriverIRQHandler
                0x00000252                Reserved65_DriverIRQHandler
                0x00000252                ERM0_SINGLE_BIT_DriverIRQHandler
                0x00000252                CMC_DriverIRQHandler
                0x00000252                Reserved51_DriverIRQHandler
                0x00000252                Reserved25_DriverIRQHandler
                0x00000252                UTICK0_DriverIRQHandler
                0x00000252                FMU0_DriverIRQHandler
                0x00000252                Reserved77_DriverIRQHandler
                0x00000252                Reserved16_DriverIRQHandler
                0x00000252                GPIO2_DriverIRQHandler
                0x00000252                Reserved85_DriverIRQHandler
                0x00000252                ADC0_DriverIRQHandler
                0x00000252                CMP0_DriverIRQHandler
                0x00000252                CDOG0_DriverIRQHandler
                0x00000252                Reserved59_DriverIRQHandler
                0x00000252                Reserved58_DriverIRQHandler
                0x00000252                SPC0_DriverIRQHandler
                0x00000252                GLIKEY0_DriverIRQHandler
                0x00000252                Reserved43_DriverIRQHandler
                0x00000252                Reserved46_DriverIRQHandler
                0x00000252                Reserved37_DriverIRQHandler
                0x00000252                Reserved86_DriverIRQHandler
                0x00000252                GPIO1_DriverIRQHandler
                0x00000252                FLEXPWM0_SUBMODULE0_DriverIRQHandler
                0x00000252                Reserved50_DriverIRQHandler
                0x00000252                OS_EVENT_DriverIRQHandler
                0x00000252                SCG0_DriverIRQHandler
                0x00000252                GPIO3_DriverIRQHandler
 *(SORT_BY_ALIGNMENT(.text*))
 *fill*         0x00000254        0x4 ff
 .text.LPSPI_MasterSetDelayTimes
                0x00000258      0x284 ./drivers/fsl_lpspi.o
                0x00000258                LPSPI_MasterSetDelayTimes
 .text.__assertion_failed
                0x000004dc       0x18 ./utilities/fsl_assert.o
                0x000004dc                __assertion_failed
 .text.DbgConsole_Init
                0x000004f4       0x88 ./utilities/fsl_debug_console.o
                0x000004f4                DbgConsole_Init
 .text.DbgConsole_Vprintf
                0x0000057c       0x3c ./utilities/fsl_debug_console.o
                0x0000057c                DbgConsole_Vprintf
 .text.DbgConsole_Putchar
                0x000005b8       0x30 ./utilities/fsl_debug_console.o
                0x000005b8                DbgConsole_Putchar
 .text.DbgConsole_Getchar
                0x000005e8       0x3c ./utilities/fsl_debug_console.o
                0x000005e8                DbgConsole_Getchar
 .text.DbgConsole_PrintfFormattedData
                0x00000624      0x3e0 ./utilities/fsl_debug_console.o
 .text          0x00000a04       0xa0 ./utilities/fsl_memcpy.o
                0x00000a04                memcpy
 .text.EDMA_SetChannelMux
                0x00000aa4       0x38 ./source/lpspi_edma_b2b_transfer_master.o
 .text.LPSPI_MasterUserCallback
                0x00000adc       0x30 ./source/lpspi_edma_b2b_transfer_master.o
                0x00000adc                LPSPI_MasterUserCallback
 .text.main     0x00000b0c      0x1d4 ./source/lpspi_edma_b2b_transfer_master.o
                0x00000b0c                main
 .text.CLOCK_SetClockSelect
                0x00000ce0       0x94 ./drivers/fsl_clock.o
                0x00000ce0                CLOCK_SetClockSelect
 .text.CLOCK_SetClockDiv
                0x00000d74       0x7c ./drivers/fsl_clock.o
                0x00000d74                CLOCK_SetClockDiv
 .text.CLOCK_SetupFROHFClocking
                0x00000df0       0xf4 ./drivers/fsl_clock.o
                0x00000df0                CLOCK_SetupFROHFClocking
 .text.CLOCK_SetupFRO12MClocking
                0x00000ee4       0x54 ./drivers/fsl_clock.o
                0x00000ee4                CLOCK_SetupFRO12MClocking
 .text.CLOCK_GetFro12MFreq
                0x00000f38       0x28 ./drivers/fsl_clock.o
 .text.CLOCK_GetClk1MFreq
                0x00000f60       0x14 ./drivers/fsl_clock.o
 .text.CLOCK_GetFroHfFreq
                0x00000f74       0xc0 ./drivers/fsl_clock.o
 .text.CLOCK_GetClk16KFreq
                0x00001034       0x44 ./drivers/fsl_clock.o
 .text.CLOCK_GetExtClkFreq
                0x00001078       0x2c ./drivers/fsl_clock.o
 .text.CLOCK_GetMainClk
                0x000010a4       0x68 ./drivers/fsl_clock.o
                0x000010a4                CLOCK_GetMainClk
 .text.CLOCK_GetCoreSysClkFreq
                0x0000110c       0x20 ./drivers/fsl_clock.o
                0x0000110c                CLOCK_GetCoreSysClkFreq
 .text.CLOCK_GetLpspiClkFreq
                0x0000112c       0xbc ./drivers/fsl_clock.o
                0x0000112c                CLOCK_GetLpspiClkFreq
 .text.__NVIC_EnableIRQ
                0x000011e8       0x38 ./drivers/fsl_edma.o
 .text.CLOCK_EnableClock
                0x00001220       0x88 ./drivers/fsl_edma.o
 .text.EDMA_SetChannelMux
                0x000012a8       0x38 ./drivers/fsl_edma.o
 .text.EDMA_EnableChannelMasterIDReplication
                0x000012e0       0x70 ./drivers/fsl_edma.o
 .text.EDMA_SetChannelProtectionLevel
                0x00001350       0x70 ./drivers/fsl_edma.o
 .text.EDMA_GetInstance
                0x000013c0       0x44 ./drivers/fsl_edma.o
 .text.EDMA_Init
                0x00001404       0xc8 ./drivers/fsl_edma.o
                0x00001404                EDMA_Init
 .text.EDMA_InitChannel
                0x000014cc       0x64 ./drivers/fsl_edma.o
                0x000014cc                EDMA_InitChannel
 .text.EDMA_GetDefaultConfig
                0x00001530       0x48 ./drivers/fsl_edma.o
                0x00001530                EDMA_GetDefaultConfig
 .text.EDMA_ResetChannel
                0x00001578       0x40 ./drivers/fsl_edma.o
                0x00001578                EDMA_ResetChannel
 .text.EDMA_SetTransferConfig
                0x000015b8       0x60 ./drivers/fsl_edma.o
                0x000015b8                EDMA_SetTransferConfig
 .text.EDMA_SetChannelPreemptionConfig
                0x00001618       0x6c ./drivers/fsl_edma.o
                0x00001618                EDMA_SetChannelPreemptionConfig
 .text.EDMA_TcdReset
                0x00001684       0x78 ./drivers/fsl_edma.o
                0x00001684                EDMA_TcdReset
 .text.EDMA_TcdSetTransferConfig
                0x000016fc       0x74 ./drivers/fsl_edma.o
                0x000016fc                EDMA_TcdSetTransferConfig
 .text.EDMA_ConfigChannelSoftwareTCD
                0x00001770      0x3a8 ./drivers/fsl_edma.o
                0x00001770                EDMA_ConfigChannelSoftwareTCD
 .text.EDMA_EnableChannelInterrupts
                0x00001b18       0xac ./drivers/fsl_edma.o
                0x00001b18                EDMA_EnableChannelInterrupts
 .text.EDMA_ClearChannelStatusFlags
                0x00001bc4       0x94 ./drivers/fsl_edma.o
                0x00001bc4                EDMA_ClearChannelStatusFlags
 .text.EDMA_CreateHandle
                0x00001c58       0xec ./drivers/fsl_edma.o
                0x00001c58                EDMA_CreateHandle
 .text.EDMA_SetCallback
                0x00001d44       0x30 ./drivers/fsl_edma.o
                0x00001d44                EDMA_SetCallback
 .text.EDMA_StartTransfer
                0x00001d74       0x98 ./drivers/fsl_edma.o
                0x00001d74                EDMA_StartTransfer
 .text.EDMA_HandleIRQ
                0x00001e0c      0x1a4 ./drivers/fsl_edma.o
                0x00001e0c                EDMA_HandleIRQ
 .text.EDMA_DriverIRQHandler
                0x00001fb0       0x48 ./drivers/fsl_edma.o
                0x00001fb0                EDMA_DriverIRQHandler
 .text.CLOCK_EnableClock
                0x00001ff8       0x88 ./drivers/fsl_lpspi.o
 .text.LPSPI_GetInstance
                0x00002080       0x50 ./drivers/fsl_lpspi.o
                0x00002080                LPSPI_GetInstance
 .text.LPSPI_SetDummyData
                0x000020d0       0x2c ./drivers/fsl_lpspi.o
                0x000020d0                LPSPI_SetDummyData
 .text.LPSPI_MasterInit
                0x000020fc      0x144 ./drivers/fsl_lpspi.o
                0x000020fc                LPSPI_MasterInit
 .text.LPSPI_MasterGetDefaultConfig
                0x00002240       0x98 ./drivers/fsl_lpspi.o
                0x00002240                LPSPI_MasterGetDefaultConfig
 .text.LPSPI_MasterSetBaudRate
                0x000022d8      0x100 ./drivers/fsl_lpspi.o
                0x000022d8                LPSPI_MasterSetBaudRate
 .text.LPSPI_MasterSetDelayScaler
                0x000023d8       0xb4 ./drivers/fsl_lpspi.o
                0x000023d8                LPSPI_MasterSetDelayScaler
 .text.LPSPI_CheckTransferArgument
                0x0000248c       0xf0 ./drivers/fsl_lpspi.o
                0x0000248c                LPSPI_CheckTransferArgument
 .text.LPSPI_CommonIRQHandler
                0x0000257c       0x3c ./drivers/fsl_lpspi.o
 .text.LPSPI0_DriverIRQHandler
                0x000025b8       0x30 ./drivers/fsl_lpspi.o
                0x000025b8                LPSPI0_DriverIRQHandler
 .text.LPSPI1_DriverIRQHandler
                0x000025e8       0x30 ./drivers/fsl_lpspi.o
                0x000025e8                LPSPI1_DriverIRQHandler
 .text.LPSPI_SeparateEdmaReadData
                0x00002618      0x108 ./drivers/fsl_lpspi_edma.o
 .text.LPSPI_MasterTransferCreateHandleEDMA
                0x00002720       0x8c ./drivers/fsl_lpspi_edma.o
                0x00002720                LPSPI_MasterTransferCreateHandleEDMA
 .text.LPSPI_PrepareTransferEDMA
                0x000027ac       0x38 ./drivers/fsl_lpspi_edma.o
 .text.LPSPI_MasterTransferPrepareEDMALite
                0x000027e4      0x154 ./drivers/fsl_lpspi_edma.o
                0x000027e4                LPSPI_MasterTransferPrepareEDMALite
 .text.LPSPI_MasterTransferEDMALite
                0x00002938      0x508 ./drivers/fsl_lpspi_edma.o
                0x00002938                LPSPI_MasterTransferEDMALite
 .text.EDMA_LpspiMasterCallback
                0x00002e40       0xd8 ./drivers/fsl_lpspi_edma.o
 .text.CLOCK_EnableClock
                0x00002f18       0x88 ./drivers/fsl_lpuart.o
 .text.LPUART_GetInstance
                0x00002fa0       0x4c ./drivers/fsl_lpuart.o
                0x00002fa0                LPUART_GetInstance
 .text.LPUART_Init
                0x00002fec      0x338 ./drivers/fsl_lpuart.o
                0x00002fec                LPUART_Init
 .text.LPUART_GetDefaultConfig
                0x00003324       0x88 ./drivers/fsl_lpuart.o
                0x00003324                LPUART_GetDefaultConfig
 .text.LPUART_GetStatusFlags
                0x000033ac       0x38 ./drivers/fsl_lpuart.o
                0x000033ac                LPUART_GetStatusFlags
 .text.LPUART_ClearStatusFlags
                0x000033e4       0x7c ./drivers/fsl_lpuart.o
                0x000033e4                LPUART_ClearStatusFlags
 .text.LPUART_WriteBlocking
                0x00003460       0x68 ./drivers/fsl_lpuart.o
                0x00003460                LPUART_WriteBlocking
 .text.LPUART_ReadBlocking
                0x000034c8      0x160 ./drivers/fsl_lpuart.o
                0x000034c8                LPUART_ReadBlocking
 .text.LPUART0_DriverIRQHandler
                0x00003628       0x24 ./drivers/fsl_lpuart.o
                0x00003628                LPUART0_DriverIRQHandler
 .text.LPUART1_DriverIRQHandler
                0x0000364c       0x24 ./drivers/fsl_lpuart.o
                0x0000364c                LPUART1_DriverIRQHandler
 .text.LPUART2_DriverIRQHandler
                0x00003670       0x24 ./drivers/fsl_lpuart.o
                0x00003670                LPUART2_DriverIRQHandler
 .text.RESET_SetPeripheralReset
                0x00003694       0xb4 ./drivers/fsl_reset.o
                0x00003694                RESET_SetPeripheralReset
 .text.RESET_ClearPeripheralReset
                0x00003748       0x98 ./drivers/fsl_reset.o
                0x00003748                RESET_ClearPeripheralReset
 .text.SPC_SetSRAMOperateVoltage
                0x000037e0       0x64 ./drivers/fsl_spc.o
                0x000037e0                SPC_SetSRAMOperateVoltage
 .text.SPC_SetActiveModeCoreLDORegulatorConfig
                0x00003844       0xbc ./drivers/fsl_spc.o
                0x00003844                SPC_SetActiveModeCoreLDORegulatorConfig
 .text.SystemInit
                0x00003900       0x64 ./device/system_MCXA153.o
                0x00003900                SystemInit
 .text.HAL_UartInitCommon
                0x00003964       0xe0 ./component/uart/fsl_adapter_lpuart.o
 .text.HAL_UartInit
                0x00003a44       0x84 ./component/uart/fsl_adapter_lpuart.o
                0x00003a44                HAL_UartInit
 .text.HAL_UartReceiveBlocking
                0x00003ac8       0x6c ./component/uart/fsl_adapter_lpuart.o
                0x00003ac8                HAL_UartReceiveBlocking
 .text.HAL_UartSendBlocking
                0x00003b34       0x64 ./component/uart/fsl_adapter_lpuart.o
                0x00003b34                HAL_UartSendBlocking
 .text.BOARD_InitDebugConsole
                0x00003b98       0x30 ./board/board.o
                0x00003b98                BOARD_InitDebugConsole
 .text.BOARD_BootClockFRO96M
                0x00003bc8       0xd0 ./board/clock_config.o
                0x00003bc8                BOARD_BootClockFRO96M
 .text.CLOCK_EnableClock
                0x00003c98       0x88 ./board/pin_mux.o
 .text.PORT_SetPinConfig
                0x00003d20       0x38 ./board/pin_mux.o
 .text.BOARD_InitPins
                0x00003d58      0x1dc ./board/pin_mux.o
                0x00003d58                BOARD_InitPins
 .text._initio  0x00003f34       0x78 c:/nxp/mcuxpressoide_11.9.0_2144/ide/plugins/com.nxp.mcuxpresso.tools.win32_11.9.0.202307121226/tools/bin/../lib/gcc/arm-none-eabi/12.3.1/../../../../arm-none-eabi/lib/thumb/v8-m.main/nofp\libcr_c.a(initio.o)
                0x00003f34                _initio
 .text._Cwritebuf
                0x00003fac       0x6c c:/nxp/mcuxpressoide_11.9.0_2144/ide/plugins/com.nxp.mcuxpresso.tools.win32_11.9.0.202307121226/tools/bin/../lib/gcc/arm-none-eabi/12.3.1/../../../../arm-none-eabi/lib/thumb/v8-m.main/nofp\libcr_c.a(_writebuf.o)
                0x00003fac                _Cwritebuf
 .text.fflush   0x00004018       0x3c c:/nxp/mcuxpressoide_11.9.0_2144/ide/plugins/com.nxp.mcuxpresso.tools.win32_11.9.0.202307121226/tools/bin/../lib/gcc/arm-none-eabi/12.3.1/../../../../arm-none-eabi/lib/thumb/v8-m.main/nofp\libcr_c.a(fflush.o)
                0x00004018                fflush
 .text.fseek    0x00004054       0xf8 c:/nxp/mcuxpressoide_11.9.0_2144/ide/plugins/com.nxp.mcuxpresso.tools.win32_11.9.0.202307121226/tools/bin/../lib/gcc/arm-none-eabi/12.3.1/../../../../arm-none-eabi/lib/thumb/v8-m.main/nofp\libcr_c.a(fseek.o)
                0x00004054                fseek
 .text.ftell    0x0000414c       0x44 c:/nxp/mcuxpressoide_11.9.0_2144/ide/plugins/com.nxp.mcuxpresso.tools.win32_11.9.0.202307121226/tools/bin/../lib/gcc/arm-none-eabi/12.3.1/../../../../arm-none-eabi/lib/thumb/v8-m.main/nofp\libcr_c.a(ftell.o)
                0x0000414c                ftell
 .text.DbgConsole_Printf
                0x00004190       0x2c ./utilities/fsl_debug_console.o
                0x00004190                DbgConsole_Printf
 .text.DbgConsole_PrintfPaddingCharacter
                0x000041bc       0x40 ./utilities/fsl_debug_console.o
 .text.DbgConsole_ConvertRadixNumToString
                0x000041fc       0xc0 ./utilities/fsl_debug_console.o
 .text.Reserved16_IRQHandler
                0x000042bc        0x8 ./startup/startup_mcxa153.o
                0x000042bc                Reserved16_IRQHandler
 .text.CMC_IRQHandler
                0x000042c4        0x8 ./startup/startup_mcxa153.o
                0x000042c4                CMC_IRQHandler
 .text.DMA_CH0_IRQHandler
                0x000042cc        0x8 ./startup/startup_mcxa153.o
                0x000042cc                DMA_CH0_IRQHandler
 .text.DMA_CH1_IRQHandler
                0x000042d4        0x8 ./startup/startup_mcxa153.o
                0x000042d4                DMA_CH1_IRQHandler
 .text.DMA_CH2_IRQHandler
                0x000042dc        0x8 ./startup/startup_mcxa153.o
                0x000042dc                DMA_CH2_IRQHandler
 .text.DMA_CH3_IRQHandler
                0x000042e4        0x8 ./startup/startup_mcxa153.o
                0x000042e4                DMA_CH3_IRQHandler
 .text.Reserved22_IRQHandler
                0x000042ec        0x8 ./startup/startup_mcxa153.o
                0x000042ec                Reserved22_IRQHandler
 .text.Reserved23_IRQHandler
                0x000042f4        0x8 ./startup/startup_mcxa153.o
                0x000042f4                Reserved23_IRQHandler
 .text.Reserved24_IRQHandler
                0x000042fc        0x8 ./startup/startup_mcxa153.o
                0x000042fc                Reserved24_IRQHandler
 .text.Reserved25_IRQHandler
                0x00004304        0x8 ./startup/startup_mcxa153.o
                0x00004304                Reserved25_IRQHandler
 .text.ERM0_SINGLE_BIT_IRQHandler
                0x0000430c        0x8 ./startup/startup_mcxa153.o
                0x0000430c                ERM0_SINGLE_BIT_IRQHandler
 .text.ERM0_MULTI_BIT_IRQHandler
                0x00004314        0x8 ./startup/startup_mcxa153.o
                0x00004314                ERM0_MULTI_BIT_IRQHandler
 .text.FMU0_IRQHandler
                0x0000431c        0x8 ./startup/startup_mcxa153.o
                0x0000431c                FMU0_IRQHandler
 .text.GLIKEY0_IRQHandler
                0x00004324        0x8 ./startup/startup_mcxa153.o
                0x00004324                GLIKEY0_IRQHandler
 .text.MBC0_IRQHandler
                0x0000432c        0x8 ./startup/startup_mcxa153.o
                0x0000432c                MBC0_IRQHandler
 .text.SCG0_IRQHandler
                0x00004334        0x8 ./startup/startup_mcxa153.o
                0x00004334                SCG0_IRQHandler
 .text.SPC0_IRQHandler
                0x0000433c        0x8 ./startup/startup_mcxa153.o
                0x0000433c                SPC0_IRQHandler
 .text.Reserved33_IRQHandler
                0x00004344        0x8 ./startup/startup_mcxa153.o
                0x00004344                Reserved33_IRQHandler
 .text.WUU0_IRQHandler
                0x0000434c        0x8 ./startup/startup_mcxa153.o
                0x0000434c                WUU0_IRQHandler
 .text.Reserved35_IRQHandler
                0x00004354        0x8 ./startup/startup_mcxa153.o
                0x00004354                Reserved35_IRQHandler
 .text.Reserved36_IRQHandler
                0x0000435c        0x8 ./startup/startup_mcxa153.o
                0x0000435c                Reserved36_IRQHandler
 .text.Reserved37_IRQHandler
                0x00004364        0x8 ./startup/startup_mcxa153.o
                0x00004364                Reserved37_IRQHandler
 .text.Reserved38_IRQHandler
                0x0000436c        0x8 ./startup/startup_mcxa153.o
                0x0000436c                Reserved38_IRQHandler
 .text.Reserved39_IRQHandler
                0x00004374        0x8 ./startup/startup_mcxa153.o
                0x00004374                Reserved39_IRQHandler
 .text.I3C0_IRQHandler
                0x0000437c        0x8 ./startup/startup_mcxa153.o
                0x0000437c                I3C0_IRQHandler
 .text.Reserved41_IRQHandler
                0x00004384        0x8 ./startup/startup_mcxa153.o
                0x00004384                Reserved41_IRQHandler
 .text.LPI2C0_IRQHandler
                0x0000438c        0x8 ./startup/startup_mcxa153.o
                0x0000438c                LPI2C0_IRQHandler
 .text.Reserved43_IRQHandler
                0x00004394        0x8 ./startup/startup_mcxa153.o
                0x00004394                Reserved43_IRQHandler
 .text.LPSPI0_IRQHandler
                0x0000439c        0x8 ./startup/startup_mcxa153.o
                0x0000439c                LPSPI0_IRQHandler
 .text.LPSPI1_IRQHandler
                0x000043a4        0x8 ./startup/startup_mcxa153.o
                0x000043a4                LPSPI1_IRQHandler
 .text.Reserved46_IRQHandler
                0x000043ac        0x8 ./startup/startup_mcxa153.o
                0x000043ac                Reserved46_IRQHandler
 .text.LPUART0_IRQHandler
                0x000043b4        0x8 ./startup/startup_mcxa153.o
                0x000043b4                LPUART0_IRQHandler
 .text.LPUART1_IRQHandler
                0x000043bc        0x8 ./startup/startup_mcxa153.o
                0x000043bc                LPUART1_IRQHandler
 .text.LPUART2_IRQHandler
                0x000043c4        0x8 ./startup/startup_mcxa153.o
                0x000043c4                LPUART2_IRQHandler
 .text.Reserved50_IRQHandler
                0x000043cc        0x8 ./startup/startup_mcxa153.o
                0x000043cc                Reserved50_IRQHandler
 .text.Reserved51_IRQHandler
                0x000043d4        0x8 ./startup/startup_mcxa153.o
                0x000043d4                Reserved51_IRQHandler
 .text.USB0_IRQHandler
                0x000043dc        0x8 ./startup/startup_mcxa153.o
                0x000043dc                USB0_IRQHandler
 .text.Reserved53_IRQHandler
                0x000043e4        0x8 ./startup/startup_mcxa153.o
                0x000043e4                Reserved53_IRQHandler
 .text.CDOG0_IRQHandler
                0x000043ec        0x8 ./startup/startup_mcxa153.o
                0x000043ec                CDOG0_IRQHandler
 .text.CTIMER0_IRQHandler
                0x000043f4        0x8 ./startup/startup_mcxa153.o
                0x000043f4                CTIMER0_IRQHandler
 .text.CTIMER1_IRQHandler
                0x000043fc        0x8 ./startup/startup_mcxa153.o
                0x000043fc                CTIMER1_IRQHandler
 .text.CTIMER2_IRQHandler
                0x00004404        0x8 ./startup/startup_mcxa153.o
                0x00004404                CTIMER2_IRQHandler
 .text.Reserved58_IRQHandler
                0x0000440c        0x8 ./startup/startup_mcxa153.o
                0x0000440c                Reserved58_IRQHandler
 .text.Reserved59_IRQHandler
                0x00004414        0x8 ./startup/startup_mcxa153.o
                0x00004414                Reserved59_IRQHandler
 .text.FLEXPWM0_RELOAD_ERROR_IRQHandler
                0x0000441c        0x8 ./startup/startup_mcxa153.o
                0x0000441c                FLEXPWM0_RELOAD_ERROR_IRQHandler
 .text.FLEXPWM0_FAULT_IRQHandler
                0x00004424        0x8 ./startup/startup_mcxa153.o
                0x00004424                FLEXPWM0_FAULT_IRQHandler
 .text.FLEXPWM0_SUBMODULE0_IRQHandler
                0x0000442c        0x8 ./startup/startup_mcxa153.o
                0x0000442c                FLEXPWM0_SUBMODULE0_IRQHandler
 .text.FLEXPWM0_SUBMODULE1_IRQHandler
                0x00004434        0x8 ./startup/startup_mcxa153.o
                0x00004434                FLEXPWM0_SUBMODULE1_IRQHandler
 .text.FLEXPWM0_SUBMODULE2_IRQHandler
                0x0000443c        0x8 ./startup/startup_mcxa153.o
                0x0000443c                FLEXPWM0_SUBMODULE2_IRQHandler
 .text.Reserved65_IRQHandler
                0x00004444        0x8 ./startup/startup_mcxa153.o
                0x00004444                Reserved65_IRQHandler
 .text.QDC0_COMPARE_IRQHandler
                0x0000444c        0x8 ./startup/startup_mcxa153.o
                0x0000444c                QDC0_COMPARE_IRQHandler
 .text.QDC0_HOME_IRQHandler
                0x00004454        0x8 ./startup/startup_mcxa153.o
                0x00004454                QDC0_HOME_IRQHandler
 .text.QDC0_WATCHDOG_IRQHandler
                0x0000445c        0x8 ./startup/startup_mcxa153.o
                0x0000445c                QDC0_WATCHDOG_IRQHandler
 .text.QDC0_INDEX_IRQHandler
                0x00004464        0x8 ./startup/startup_mcxa153.o
                0x00004464                QDC0_INDEX_IRQHandler
 .text.FREQME0_IRQHandler
                0x0000446c        0x8 ./startup/startup_mcxa153.o
                0x0000446c                FREQME0_IRQHandler
 .text.LPTMR0_IRQHandler
                0x00004474        0x8 ./startup/startup_mcxa153.o
                0x00004474                LPTMR0_IRQHandler
 .text.Reserved72_IRQHandler
                0x0000447c        0x8 ./startup/startup_mcxa153.o
                0x0000447c                Reserved72_IRQHandler
 .text.OS_EVENT_IRQHandler
                0x00004484        0x8 ./startup/startup_mcxa153.o
                0x00004484                OS_EVENT_IRQHandler
 .text.WAKETIMER0_IRQHandler
                0x0000448c        0x8 ./startup/startup_mcxa153.o
                0x0000448c                WAKETIMER0_IRQHandler
 .text.UTICK0_IRQHandler
                0x00004494        0x8 ./startup/startup_mcxa153.o
                0x00004494                UTICK0_IRQHandler
 .text.WWDT0_IRQHandler
                0x0000449c        0x8 ./startup/startup_mcxa153.o
                0x0000449c                WWDT0_IRQHandler
 .text.Reserved77_IRQHandler
                0x000044a4        0x8 ./startup/startup_mcxa153.o
                0x000044a4                Reserved77_IRQHandler
 .text.ADC0_IRQHandler
                0x000044ac        0x8 ./startup/startup_mcxa153.o
                0x000044ac                ADC0_IRQHandler
 .text.Reserved79_IRQHandler
                0x000044b4        0x8 ./startup/startup_mcxa153.o
                0x000044b4                Reserved79_IRQHandler
 .text.CMP0_IRQHandler
                0x000044bc        0x8 ./startup/startup_mcxa153.o
                0x000044bc                CMP0_IRQHandler
 .text.CMP1_IRQHandler
                0x000044c4        0x8 ./startup/startup_mcxa153.o
                0x000044c4                CMP1_IRQHandler
 .text.Reserved82_IRQHandler
                0x000044cc        0x8 ./startup/startup_mcxa153.o
                0x000044cc                Reserved82_IRQHandler
 .text.Reserved83_IRQHandler
                0x000044d4        0x8 ./startup/startup_mcxa153.o
                0x000044d4                Reserved83_IRQHandler
 .text.Reserved84_IRQHandler
                0x000044dc        0x8 ./startup/startup_mcxa153.o
                0x000044dc                Reserved84_IRQHandler
 .text.Reserved85_IRQHandler
                0x000044e4        0x8 ./startup/startup_mcxa153.o
                0x000044e4                Reserved85_IRQHandler
 .text.Reserved86_IRQHandler
                0x000044ec        0x8 ./startup/startup_mcxa153.o
                0x000044ec                Reserved86_IRQHandler
 .text.GPIO0_IRQHandler
                0x000044f4        0x8 ./startup/startup_mcxa153.o
                0x000044f4                GPIO0_IRQHandler
 .text.GPIO1_IRQHandler
                0x000044fc        0x8 ./startup/startup_mcxa153.o
                0x000044fc                GPIO1_IRQHandler
 .text.GPIO2_IRQHandler
                0x00004504        0x8 ./startup/startup_mcxa153.o
                0x00004504                GPIO2_IRQHandler
 .text.GPIO3_IRQHandler
                0x0000450c        0x8 ./startup/startup_mcxa153.o
                0x0000450c                GPIO3_IRQHandler
 .text.HardFault_Handler
                0x00004514       0x36 ./source/semihost_hardfault.o
                0x00004514                HardFault_Handler
 .text.ws2812_serialize_color
                0x0000454a       0x4e ./source/ws2812.o
 .text.ws2812_serialize_strip
                0x00004598       0x86 ./source/ws2812.o
                0x00004598                ws2812_serialize_strip
 .text.CLOCK_IsDivHalt
                0x0000461e       0x22 ./drivers/fsl_clock.o
 .text.CLOCK_AttachClk
                0x00004640       0x30 ./drivers/fsl_clock.o
                0x00004640                CLOCK_AttachClk
 .text.RESET_ReleasePeripheralReset
                0x00004670       0x1a ./drivers/fsl_edma.o
 .text.EnableIRQ
                0x0000468a       0x32 ./drivers/fsl_edma.o
 .text.DMA_CH0_DriverIRQHandler
                0x000046bc       0x10 ./drivers/fsl_edma_soc.o
                0x000046bc                DMA_CH0_DriverIRQHandler
 .text.DMA_CH1_DriverIRQHandler
                0x000046cc       0x10 ./drivers/fsl_edma_soc.o
                0x000046cc                DMA_CH1_DriverIRQHandler
 .text.DMA_CH2_DriverIRQHandler
                0x000046dc       0x10 ./drivers/fsl_edma_soc.o
                0x000046dc                DMA_CH2_DriverIRQHandler
 .text.DMA_CH3_DriverIRQHandler
                0x000046ec       0x10 ./drivers/fsl_edma_soc.o
                0x000046ec                DMA_CH3_DriverIRQHandler
 .text.LPSPI_Enable
                0x000046fc       0x4a ./drivers/fsl_lpspi.o
 .text.LPSPI_SetMasterSlaveMode
                0x00004746       0x2a ./drivers/fsl_lpspi.o
 .text.LPSPI_IsMaster
                0x00004770       0x24 ./drivers/fsl_lpspi.o
 .text.LPSPI_SetFifoWatermarks
                0x00004794       0x2a ./drivers/fsl_lpspi.o
 .text.LPSPI_SetOnePcsPolarity
                0x000047be       0x42 ./drivers/fsl_lpspi.o
 .text.LPSPI_Enable
                0x00004800       0x4a ./drivers/fsl_lpspi_edma.o
 .text.LPSPI_GetRxFifoSize
                0x0000484a       0x22 ./drivers/fsl_lpspi_edma.o
 .text.LPSPI_GetRxFifoCount
                0x0000486c       0x1c ./drivers/fsl_lpspi_edma.o
 .text.LPSPI_ClearStatusFlags
                0x00004888       0x1a ./drivers/fsl_lpspi_edma.o
 .text.LPSPI_DisableInterrupts
                0x000048a2       0x22 ./drivers/fsl_lpspi_edma.o
 .text.LPSPI_EnableDMA
                0x000048c4       0x20 ./drivers/fsl_lpspi_edma.o
 .text.LPSPI_DisableDMA
                0x000048e4       0x22 ./drivers/fsl_lpspi_edma.o
 .text.LPSPI_GetTxRegisterAddress
                0x00004906       0x16 ./drivers/fsl_lpspi_edma.o
 .text.LPSPI_GetRxRegisterAddress
                0x0000491c       0x16 ./drivers/fsl_lpspi_edma.o
 .text.LPSPI_FlushFifo
                0x00004932       0x2e ./drivers/fsl_lpspi_edma.o
 .text.LPSPI_SetFifoWatermarks
                0x00004960       0x2a ./drivers/fsl_lpspi_edma.o
 .text.LPSPI_ReadData
                0x0000498a       0x16 ./drivers/fsl_lpspi_edma.o
 .text.RESET_ReleasePeripheralReset
                0x000049a0       0x1a ./drivers/fsl_lpuart.o
 .text.LPUART_SoftwareReset
                0x000049ba       0x2a ./drivers/fsl_lpuart.o
 .text.RESET_PeripheralReset
                0x000049e4       0x22 ./drivers/fsl_reset.o
                0x000049e4                RESET_PeripheralReset
 .text.SPC_GetActiveModeBandgapMode
                0x00004a06       0x20 ./drivers/fsl_spc.o
 .text.SPC_GetActiveModeVoltageDetectStatus
                0x00004a26       0x20 ./drivers/fsl_spc.o
 .text.SPC_GetActiveModeCoreLDOVDDVoltageLevel
                0x00004a46       0x20 ./drivers/fsl_spc.o
 .text.SPC_GetActiveModeCoreLDODriveStrength
                0x00004a66       0x20 ./drivers/fsl_spc.o
 .text.SPC_SetActiveModeCoreLDORegulatorVoltageLevel
                0x00004a86       0x32 ./drivers/fsl_spc.o
                0x00004a86                SPC_SetActiveModeCoreLDORegulatorVoltageLevel
 .text.SPC_SetActiveModeCoreLDORegulatorDriveStrength
                0x00004ab8       0x5e ./drivers/fsl_spc.o
                0x00004ab8                SPC_SetActiveModeCoreLDORegulatorDriveStrength
 .text.SystemInitHook
                0x00004b16        0xc ./device/system_MCXA153.o
                0x00004b16                SystemInitHook
 .text.HAL_UartGetStatus
                0x00004b22       0x26 ./component/uart/fsl_adapter_lpuart.o
 .text.BOARD_InitBootClocks
                0x00004b48        0xc ./board/clock_config.o
                0x00004b48                BOARD_InitBootClocks
 .text.RESET_ReleasePeripheralReset
                0x00004b54       0x1a ./board/pin_mux.o
 .text.__main   0x00004b6e        0xe c:/nxp/mcuxpressoide_11.9.0_2144/ide/plugins/com.nxp.mcuxpresso.tools.win32_11.9.0.202307121226/tools/bin/../lib/gcc/arm-none-eabi/12.3.1/../../../../arm-none-eabi/lib/thumb/v8-m.main/nofp\libcr_nohost_nf.a(_cr__main.o)
                0x00004b6e                __main
 .text.memset   0x00004b7c        0x4 c:/nxp/mcuxpressoide_11.9.0_2144/ide/plugins/com.nxp.mcuxpresso.tools.win32_11.9.0.202307121226/tools/bin/../lib/gcc/arm-none-eabi/12.3.1/../../../../arm-none-eabi/lib/thumb/v8-m.main/nofp\libcr_c.a(memset.o)
                0x00004b7c                memset
 .text.free     0x00004b80       0x30 c:/nxp/mcuxpressoide_11.9.0_2144/ide/plugins/com.nxp.mcuxpresso.tools.win32_11.9.0.202307121226/tools/bin/../lib/gcc/arm-none-eabi/12.3.1/../../../../arm-none-eabi/lib/thumb/v8-m.main/nofp\libcr_c.a(alloc.o)
                0x00004b80                free
 .text.setvbuf  0x00004bb0       0x3e c:/nxp/mcuxpressoide_11.9.0_2144/ide/plugins/com.nxp.mcuxpresso.tools.win32_11.9.0.202307121226/tools/bin/../lib/gcc/arm-none-eabi/12.3.1/../../../../arm-none-eabi/lib/thumb/v8-m.main/nofp\libcr_c.a(setvbuf.o)
                0x00004bb0                setvbuf
 .text.strlen   0x00004bee       0x4e c:/nxp/mcuxpressoide_11.9.0_2144/ide/plugins/com.nxp.mcuxpresso.tools.win32_11.9.0.202307121226/tools/bin/../lib/gcc/arm-none-eabi/12.3.1/../../../../arm-none-eabi/lib/thumb/v8-m.main/nofp\libcr_c.a(strlen.o)
                0x00004bee                strlen
 .text._deferredlazyseek
                0x00004c3c       0x40 c:/nxp/mcuxpressoide_11.9.0_2144/ide/plugins/com.nxp.mcuxpresso.tools.win32_11.9.0.202307121226/tools/bin/../lib/gcc/arm-none-eabi/12.3.1/../../../../arm-none-eabi/lib/thumb/v8-m.main/nofp\libcr_c.a(_deferredlazyseek.o)
                0x00004c3c                _deferredlazyseek
 .text._fdopen  0x00004c7c       0x68 c:/nxp/mcuxpressoide_11.9.0_2144/ide/plugins/com.nxp.mcuxpresso.tools.win32_11.9.0.202307121226/tools/bin/../lib/gcc/arm-none-eabi/12.3.1/../../../../arm-none-eabi/lib/thumb/v8-m.main/nofp\libcr_c.a(_fdopen.o)
                0x00004c7c                _fdopen
 .text._fflush  0x00004ce4       0x52 c:/nxp/mcuxpressoide_11.9.0_2144/ide/plugins/com.nxp.mcuxpresso.tools.win32_11.9.0.202307121226/tools/bin/../lib/gcc/arm-none-eabi/12.3.1/../../../../arm-none-eabi/lib/thumb/v8-m.main/nofp\libcr_c.a(_fflush.o)
                0x00004ce4                _fflush
 .text.fclose   0x00004d36       0x58 c:/nxp/mcuxpressoide_11.9.0_2144/ide/plugins/com.nxp.mcuxpresso.tools.win32_11.9.0.202307121226/tools/bin/../lib/gcc/arm-none-eabi/12.3.1/../../../../arm-none-eabi/lib/thumb/v8-m.main/nofp\libcr_c.a(fclose.o)
                0x00004d36                fclose
 .text.remove   0x00004d8e       0x14 c:/nxp/mcuxpressoide_11.9.0_2144/ide/plugins/com.nxp.mcuxpresso.tools.win32_11.9.0.202307121226/tools/bin/../lib/gcc/arm-none-eabi/12.3.1/../../../../arm-none-eabi/lib/thumb/v8-m.main/nofp\libcr_c.a(remove.o)
                0x00004d8e                remove
 .text._do_fflush
                0x00004da2       0x40 c:/nxp/mcuxpressoide_11.9.0_2144/ide/plugins/com.nxp.mcuxpresso.tools.win32_11.9.0.202307121226/tools/bin/../lib/gcc/arm-none-eabi/12.3.1/../../../../arm-none-eabi/lib/thumb/v8-m.main/nofp\libcr_c.a(_do_fflush.o)
                0x00004da2                _do_fflush
 .text.__aeabi_division_uldivmod
                0x00004de2      0x174 c:/nxp/mcuxpressoide_11.9.0_2144/ide/plugins/com.nxp.mcuxpresso.tools.win32_11.9.0.202307121226/tools/bin/../lib/gcc/arm-none-eabi/12.3.1/thumb/v8-m.main/nofp\libcr_eabihelpers.a(division_64.o)
                0x00004de2                __aeabi_uldivmod
                0x00004de6                __bhs_ldivmod1
 .text.__aeabi_division_idiv0
                0x00004f56        0x2 c:/nxp/mcuxpressoide_11.9.0_2144/ide/plugins/com.nxp.mcuxpresso.tools.win32_11.9.0.202307121226/tools/bin/../lib/gcc/arm-none-eabi/12.3.1/thumb/v8-m.main/nofp\libcr_eabihelpers.a(division_idiv0.o)
                0x00004f56                __aeabi_idiv0
 .text.__aeabi_memset_lowlevel
                0x00004f58       0x32 c:/nxp/mcuxpressoide_11.9.0_2144/ide/plugins/com.nxp.mcuxpresso.tools.win32_11.9.0.202307121226/tools/bin/../lib/gcc/arm-none-eabi/12.3.1/thumb/v8-m.main/nofp\libcr_eabihelpers.a(memcpy.o)
                0x00004f58                __aeabi_lowlevel_memset
 .text.__sys_close
                0x00004f8a        0x6 c:/nxp/mcuxpressoide_11.9.0_2144/ide/plugins/com.nxp.mcuxpresso.tools.win32_11.9.0.202307121226/tools/bin/../lib/gcc/arm-none-eabi/12.3.1/../../../../arm-none-eabi/lib/thumb/v8-m.main/nofp\libcr_nohost_nf.a(__sys_close.o)
                0x00004f8a                __sys_close
 .text.__sys_flen
                0x00004f90        0x6 c:/nxp/mcuxpressoide_11.9.0_2144/ide/plugins/com.nxp.mcuxpresso.tools.win32_11.9.0.202307121226/tools/bin/../lib/gcc/arm-none-eabi/12.3.1/../../../../arm-none-eabi/lib/thumb/v8-m.main/nofp\libcr_nohost_nf.a(__sys_flen.o)
                0x00004f90                __sys_flen
 .text.__sys_istty
                0x00004f96        0x6 c:/nxp/mcuxpressoide_11.9.0_2144/ide/plugins/com.nxp.mcuxpresso.tools.win32_11.9.0.202307121226/tools/bin/../lib/gcc/arm-none-eabi/12.3.1/../../../../arm-none-eabi/lib/thumb/v8-m.main/nofp\libcr_nohost_nf.a(__sys_istty.o)
                0x00004f96                __sys_istty
 .text.__sys_remove
                0x00004f9c        0x6 c:/nxp/mcuxpressoide_11.9.0_2144/ide/plugins/com.nxp.mcuxpresso.tools.win32_11.9.0.202307121226/tools/bin/../lib/gcc/arm-none-eabi/12.3.1/../../../../arm-none-eabi/lib/thumb/v8-m.main/nofp\libcr_nohost_nf.a(__sys_remove.o)
                0x00004f9c                __sys_remove
 .text.__sys_seek
                0x00004fa2        0x6 c:/nxp/mcuxpressoide_11.9.0_2144/ide/plugins/com.nxp.mcuxpresso.tools.win32_11.9.0.202307121226/tools/bin/../lib/gcc/arm-none-eabi/12.3.1/../../../../arm-none-eabi/lib/thumb/v8-m.main/nofp\libcr_nohost_nf.a(__sys_seek.o)
                0x00004fa2                __sys_seek
 .text.__sys_tmpnam
                0x00004fa8        0x6 c:/nxp/mcuxpressoide_11.9.0_2144/ide/plugins/com.nxp.mcuxpresso.tools.win32_11.9.0.202307121226/tools/bin/../lib/gcc/arm-none-eabi/12.3.1/../../../../arm-none-eabi/lib/thumb/v8-m.main/nofp\libcr_nohost_nf.a(__sys_tmpnam.o)
                0x00004fa8                __sys_tmpnam
 .text.__sys_write
                0x00004fae        0x4 c:/nxp/mcuxpressoide_11.9.0_2144/ide/plugins/com.nxp.mcuxpresso.tools.win32_11.9.0.202307121226/tools/bin/../lib/gcc/arm-none-eabi/12.3.1/../../../../arm-none-eabi/lib/thumb/v8-m.main/nofp\libcr_nohost_nf.a(__sys_write.o)
                0x00004fae                __sys_write
 *(SORT_BY_ALIGNMENT(.rodata) SORT_BY_ALIGNMENT(.rodata.*) SORT_BY_ALIGNMENT(.constdata) SORT_BY_ALIGNMENT(.constdata.*))
 *fill*         0x00004fb2        0x2 ff
 .rodata.__assertion_failed.str1.4
                0x00004fb4       0x14 ./utilities/fsl_assert.o
 .rodata.EDMA_SetChannelMux.str1.4
                0x00004fc8       0xbe ./source/lpspi_edma_b2b_transfer_master.o
 *fill*         0x00005086        0x2 ff
 .rodata.LPSPI_MasterUserCallback.str1.4
                0x00005088       0x3c ./source/lpspi_edma_b2b_transfer_master.o
 .rodata.main.str1.4
                0x000050c4       0x48 ./source/lpspi_edma_b2b_transfer_master.o
 .rodata        0x0000510c        0x3 ./source/lpspi_edma_b2b_transfer_master.o
 *fill*         0x0000510f        0x1 ff
 .rodata.CLOCK_SetClockSelect.str1.4
                0x00005110       0x2c ./drivers/fsl_clock.o
 .rodata.CLOCK_SetClockDiv.str1.4
                0x0000513c       0x2c ./drivers/fsl_clock.o
 .rodata.EDMA_SetChannelMux.str1.4
                0x00005168       0x2c ./drivers/fsl_edma.o
                                 0x4e (size before relaxing)
 .rodata.EDMA_EnableChannelMasterIDReplication.str1.4
                0x00005168       0x4e ./drivers/fsl_edma.o
 *fill*         0x000051b6        0x2 ff
 .rodata.EDMA_SetChannelProtectionLevel.str1.4
                0x000051b8       0x4e ./drivers/fsl_edma.o
 *fill*         0x00005206        0x2 ff
 .rodata.s_edmaIRQNumber
                0x00005208        0x4 ./drivers/fsl_edma.o
 .rodata.EDMA_GetInstance.str1.4
                0x0000520c       0x33 ./drivers/fsl_edma.o
 *fill*         0x0000523f        0x1 ff
 .rodata.EDMA_Init.str1.4
                0x00005240       0x20 ./drivers/fsl_edma.o
 .rodata.EDMA_InitChannel.str1.4
                0x00005260       0x27 ./drivers/fsl_edma.o
 *fill*         0x00005287        0x1 ff
 .rodata.EDMA_GetDefaultConfig.str1.4
                0x00005288       0x20 ./drivers/fsl_edma.o
 .rodata.EDMA_ResetChannel.str1.4
                0x000052a8       0x4e ./drivers/fsl_edma.o
 *fill*         0x000052f6        0x2 ff
 .rodata.EDMA_SetTransferConfig.str1.4
                0x000052f8       0xa3 ./drivers/fsl_edma.o
 *fill*         0x0000539b        0x1 ff
 .rodata.EDMA_SetChannelPreemptionConfig.str1.4
                0x0000539c       0x70 ./drivers/fsl_edma.o
 .rodata.EDMA_TcdReset.str1.4
                0x0000540c       0x4f ./drivers/fsl_edma.o
 *fill*         0x0000545b        0x1 ff
 .rodata.EDMA_TcdSetTransferConfig.str1.4
                0x0000545c       0x70 ./drivers/fsl_edma.o
 .rodata.EDMA_ConfigChannelSoftwareTCD.str1.4
                0x000054cc      0x333 ./drivers/fsl_edma.o
 *fill*         0x000057ff        0x1 ff
 .rodata.EDMA_EnableChannelInterrupts.str1.4
                0x00005800       0x4e ./drivers/fsl_edma.o
 *fill*         0x0000584e        0x2 ff
 .rodata.EDMA_ClearChannelStatusFlags.str1.4
                0x00005850       0x4f ./drivers/fsl_edma.o
 *fill*         0x0000589f        0x1 ff
 .rodata.EDMA_CreateHandle.str1.4
                0x000058a0       0x73 ./drivers/fsl_edma.o
 *fill*         0x00005913        0x1 ff
 .rodata.EDMA_SetCallback.str1.4
                0x00005914       0x21 ./drivers/fsl_edma.o
 *fill*         0x00005935        0x3 ff
 .rodata.EDMA_StartTransfer.str1.4
                0x00005938       0x21 ./drivers/fsl_edma.o
 *fill*         0x00005959        0x3 ff
 .rodata.EDMA_HandleIRQ.str1.4
                0x0000595c       0x21 ./drivers/fsl_edma.o
 *fill*         0x0000597d        0x3 ff
 .rodata.s_baudratePrescaler
                0x00005980        0x8 ./drivers/fsl_lpspi.o
 .rodata.s_lpspiBases
                0x00005988        0x8 ./drivers/fsl_lpspi.o
 .rodata.s_lpspiClocks
                0x00005990        0x8 ./drivers/fsl_lpspi.o
 .rodata.LPSPI_GetInstance.str1.4
                0x00005998       0x36 ./drivers/fsl_lpspi.o
 *fill*         0x000059ce        0x2 ff
 .rodata.LPSPI_MasterInit.str1.4
                0x000059d0       0x27 ./drivers/fsl_lpspi.o
 *fill*         0x000059f7        0x1 ff
 .rodata.LPSPI_MasterGetDefaultConfig.str1.4
                0x000059f8       0x27 ./drivers/fsl_lpspi.o
 *fill*         0x00005a1f        0x1 ff
 .rodata.LPSPI_MasterSetBaudRate.str1.4
                0x00005a20       0x2b ./drivers/fsl_lpspi.o
 *fill*         0x00005a4b        0x1 ff
 .rodata.LPSPI_MasterSetDelayScaler.str1.4
                0x00005a4c       0x18 ./drivers/fsl_lpspi.o
 .rodata.LPSPI_CheckTransferArgument.str1.4
                0x00005a64       0x23 ./drivers/fsl_lpspi.o
 *fill*         0x00005a87        0x1 ff
 .rodata.LPSPI0_DriverIRQHandler.str1.4
                0x00005a88       0x2c ./drivers/fsl_lpspi.o
 .rodata.LPSPI1_DriverIRQHandler.str1.4
                0x00005ab4       0x2c ./drivers/fsl_lpspi.o
 .rodata.LPSPI_SeparateEdmaReadData.str1.4
                0x00005ae0       0x45 ./drivers/fsl_lpspi_edma.o
 *fill*         0x00005b25        0x3 ff
 .rodata.LPSPI_MasterTransferCreateHandleEDMA.str1.4
                0x00005b28       0x97 ./drivers/fsl_lpspi_edma.o
 *fill*         0x00005bbf        0x1 ff
 .rodata.LPSPI_MasterTransferPrepareEDMALite.str1.4
                0x00005bc0       0x26 ./drivers/fsl_lpspi_edma.o
 *fill*         0x00005be6        0x2 ff
 .rodata.LPSPI_MasterTransferEDMALite.str1.4
                0x00005be8       0xad ./drivers/fsl_lpspi_edma.o
 *fill*         0x00005c95        0x3 ff
 .rodata.EDMA_LpspiMasterCallback.str1.4
                0x00005c98       0x64 ./drivers/fsl_lpspi_edma.o
 .rodata.s_lpuartBases
                0x00005cfc        0xc ./drivers/fsl_lpuart.o
 .rodata.s_lpuartClock
                0x00005d08        0xc ./drivers/fsl_lpuart.o
 .rodata.s_lpuartResets
                0x00005d14        0x6 ./drivers/fsl_lpuart.o
 *fill*         0x00005d1a        0x2 ff
 .rodata.LPUART_GetInstance.str1.4
                0x00005d1c       0x38 ./drivers/fsl_lpuart.o
 .rodata.LPUART_Init.str1.4
                0x00005d54      0x10a ./drivers/fsl_lpuart.o
 *fill*         0x00005e5e        0x2 ff
 .rodata.LPUART_GetDefaultConfig.str1.4
                0x00005e60       0x22 ./drivers/fsl_lpuart.o
 *fill*         0x00005e82        0x2 ff
 .rodata.LPUART_WriteBlocking.str1.4
                0x00005e84       0x21 ./drivers/fsl_lpuart.o
 *fill*         0x00005ea5        0x3 ff
 .rodata.LPUART_ReadBlocking.str1.4
                0x00005ea8       0x21 ./drivers/fsl_lpuart.o
 *fill*         0x00005ec9        0x3 ff
 .rodata.RESET_SetPeripheralReset.str1.4
                0x00005ecc       0x3f ./drivers/fsl_reset.o
 *fill*         0x00005f0b        0x1 ff
 .rodata.RESET_ClearPeripheralReset.str1.4
                0x00005f0c       0x1e ./drivers/fsl_reset.o
 *fill*         0x00005f2a        0x2 ff
 .rodata.SPC_SetSRAMOperateVoltage.str1.4
                0x00005f2c       0x1f ./drivers/fsl_spc.o
 *fill*         0x00005f4b        0x1 ff
 .rodata.SPC_SetActiveModeCoreLDORegulatorConfig.str1.4
                0x00005f4c       0x1f ./drivers/fsl_spc.o
 *fill*         0x00005f6b        0x1 ff
 .rodata.s_LpuartAdapterBase
                0x00005f6c        0xc ./component/uart/fsl_adapter_lpuart.o
 .rodata.HAL_UartInit.str1.4
                0x00005f78      0x116 ./component/uart/fsl_adapter_lpuart.o
 *fill*         0x0000608e        0x2 ff
 .rodata.HAL_UartReceiveBlocking.str1.4
                0x00006090       0x7b ./component/uart/fsl_adapter_lpuart.o
 *fill*         0x0000610b        0x1 ff
 .rodata.HAL_UartSendBlocking.str1.4
                0x0000610c       0x7b ./component/uart/fsl_adapter_lpuart.o
 *fill*         0x00006187        0x1 ff
 .rodata.PORT_SetPinConfig.str1.4
                0x00006188       0x88 ./board/pin_mux.o
 .rodata.__num_Ciob_streams
                0x00006210        0x4 c:/nxp/mcuxpressoide_11.9.0_2144/ide/plugins/com.nxp.mcuxpresso.tools.win32_11.9.0.202307121226/tools/bin/../lib/gcc/arm-none-eabi/12.3.1/../../../../arm-none-eabi/lib/thumb/v8-m.main/nofp\libcr_nohost_nf.a(__ciob.o)
                0x00006210                __num_Ciob_streams
 .rodata._initio.str1.1
                0x00006214        0x4 c:/nxp/mcuxpressoide_11.9.0_2144/ide/plugins/com.nxp.mcuxpresso.tools.win32_11.9.0.202307121226/tools/bin/../lib/gcc/arm-none-eabi/12.3.1/../../../../arm-none-eabi/lib/thumb/v8-m.main/nofp\libcr_c.a(initio.o)
                0x00006218                        . = ALIGN (0x4)

.glue_7         0x00006218        0x0
 .glue_7        0x00006218        0x0 linker stubs

.glue_7t        0x00006218        0x0
 .glue_7t       0x00006218        0x0 linker stubs

.vfp11_veneer   0x00006218        0x0
 .vfp11_veneer  0x00006218        0x0 linker stubs

.v4_bx          0x00006218        0x0
 .v4_bx         0x00006218        0x0 linker stubs

.iplt           0x00006218        0x0
 .iplt          0x00006218        0x0 ./utilities/fsl_assert.o

.rel.dyn        0x00006218        0x0
 .rel.iplt      0x00006218        0x0 ./utilities/fsl_assert.o

.ARM.extab
 *(SORT_BY_ALIGNMENT(.ARM.extab*) SORT_BY_ALIGNMENT(.gnu.linkonce.armextab.*))

.ARM.exidx      0x00006218        0x0
                0x00006218                        __exidx_start = .
 *(SORT_BY_ALIGNMENT(.ARM.exidx*) SORT_BY_ALIGNMENT(.gnu.linkonce.armexidx.*))
                0x00006218                        __exidx_end = .
                0x00006218                        _etext = .

.data_RAM2      0x04000000        0x0 load address 0x00006218
 FILL mask 0xff
                [!provide]                        PROVIDE (__start_data_RAM2 = .)
                [!provide]                        PROVIDE (__start_data_SRAMX0 = .)
 *(SORT_BY_ALIGNMENT(.ramfunc.$RAM2))
 *(SORT_BY_ALIGNMENT(.ramfunc.$SRAMX0))
 *(SORT_BY_ALIGNMENT(.data.$RAM2))
 *(SORT_BY_ALIGNMENT(.data.$SRAMX0))
 *(SORT_BY_ALIGNMENT(.data.$RAM2.*))
 *(SORT_BY_ALIGNMENT(.data.$SRAMX0.*))
                0x04000000                        . = ALIGN (0x4)
                [!provide]                        PROVIDE (__end_data_RAM2 = .)
                [!provide]                        PROVIDE (__end_data_SRAMX0 = .)

.data_RAM3      0x04002000        0x0 load address 0x00006218
 FILL mask 0xff
                [!provide]                        PROVIDE (__start_data_RAM3 = .)
                [!provide]                        PROVIDE (__start_data_SRAMX1 = .)
 *(SORT_BY_ALIGNMENT(.ramfunc.$RAM3))
 *(SORT_BY_ALIGNMENT(.ramfunc.$SRAMX1))
 *(SORT_BY_ALIGNMENT(.data.$RAM3))
 *(SORT_BY_ALIGNMENT(.data.$SRAMX1))
 *(SORT_BY_ALIGNMENT(.data.$RAM3.*))
 *(SORT_BY_ALIGNMENT(.data.$SRAMX1.*))
                0x04002000                        . = ALIGN (0x4)
                [!provide]                        PROVIDE (__end_data_RAM3 = .)
                [!provide]                        PROVIDE (__end_data_SRAMX1 = .)

.uninit_RESERVED
                0x20000000        0x0
                0x20000000                        _start_uninit_RESERVED = .
 *(SORT_BY_ALIGNMENT(.bss.$RESERVED*))
                0x20000000                        . = ALIGN (0x4)
                0x20000000                        _end_uninit_RESERVED = .

.data           0x20000000        0x8 load address 0x00006218
 FILL mask 0xff
                0x20000000                        _data = .
                [!provide]                        PROVIDE (__start_data_RAM = .)
                [!provide]                        PROVIDE (__start_data_SRAM = .)
 *(SORT_BY_ALIGNMENT(vtable))
 *(SORT_BY_ALIGNMENT(.ramfunc*))
 *(SORT_BY_ALIGNMENT(CodeQuickAccess))
 *(SORT_BY_ALIGNMENT(DataQuickAccess))
 *(SORT_BY_ALIGNMENT(RamFunction))
 *(SORT_BY_ALIGNMENT(.data*))
 .data.s_Ext_Clk_Freq
                0x20000000        0x4 ./drivers/fsl_clock.o
 .data.SystemCoreClock
                0x20000004        0x4 ./device/system_MCXA153.o
                0x20000004                SystemCoreClock
                0x20000008                        . = ALIGN (0x4)
                0x20000008                        _edata = .
                [!provide]                        PROVIDE (__end_data_RAM = .)
                [!provide]                        PROVIDE (__end_data_SRAM = .)

.igot.plt       0x20000008        0x0 load address 0x00006220
 .igot.plt      0x20000008        0x0 ./utilities/fsl_assert.o

.bss_RAM2       0x04000000        0x0
                [!provide]                        PROVIDE (__start_bss_RAM2 = .)
                [!provide]                        PROVIDE (__start_bss_SRAMX0 = .)
 *(SORT_BY_ALIGNMENT(.bss.$RAM2))
 *(SORT_BY_ALIGNMENT(.bss.$SRAMX0))
 *(SORT_BY_ALIGNMENT(.bss.$RAM2.*))
 *(SORT_BY_ALIGNMENT(.bss.$SRAMX0.*))
                0x04000000                        . = ALIGN ((. != 0x0)?0x4:0x1)
                [!provide]                        PROVIDE (__end_bss_RAM2 = .)
                [!provide]                        PROVIDE (__end_bss_SRAMX0 = .)

.bss_RAM3       0x04002000        0x0
                [!provide]                        PROVIDE (__start_bss_RAM3 = .)
                [!provide]                        PROVIDE (__start_bss_SRAMX1 = .)
 *(SORT_BY_ALIGNMENT(.bss.$RAM3))
 *(SORT_BY_ALIGNMENT(.bss.$SRAMX1))
 *(SORT_BY_ALIGNMENT(.bss.$RAM3.*))
 *(SORT_BY_ALIGNMENT(.bss.$SRAMX1.*))
                0x04002000                        . = ALIGN ((. != 0x0)?0x4:0x1)
                [!provide]                        PROVIDE (__end_bss_RAM3 = .)
                [!provide]                        PROVIDE (__end_bss_SRAMX1 = .)

.bss            0x20000008      0x2d8
                0x20000008                        _bss = .
                [!provide]                        PROVIDE (__start_bss_RAM = .)
                [!provide]                        PROVIDE (__start_bss_SRAM = .)
 *(SORT_BY_ALIGNMENT(.bss*))
 .bss.s_debugConsole
                0x20000008       0x14 ./utilities/fsl_debug_console.o
 .bss.g_m_edma_handle
                0x2000001c       0xa4 ./source/lpspi_edma_b2b_transfer_master.o
                0x2000001c                g_m_edma_handle
 .bss.lpspiEdmaMasterRxRegToRxDataHandle
                0x200000c0       0x20 ./source/lpspi_edma_b2b_transfer_master.o
                0x200000c0                lpspiEdmaMasterRxRegToRxDataHandle
 .bss.lpspiEdmaMasterTxDataToTxRegHandle
                0x200000e0       0x20 ./source/lpspi_edma_b2b_transfer_master.o
                0x200000e0                lpspiEdmaMasterTxDataToTxRegHandle
 .bss.userConfig
                0x20000100       0x18 ./source/lpspi_edma_b2b_transfer_master.o
                0x20000100                userConfig
 .bss.led_strip
                0x20000118       0x15 ./source/lpspi_edma_b2b_transfer_master.o
                0x20000118                led_strip
 *fill*         0x2000012d        0x3 
 .bss.spi_ledstrip_data
                0x20000130       0xa8 ./source/lpspi_edma_b2b_transfer_master.o
                0x20000130                spi_ledstrip_data
 .bss.s_EDMAHandle
                0x200001d8       0x10 ./drivers/fsl_edma.o
 .bss.s_lpspiHandle
                0x200001e8        0x8 ./drivers/fsl_lpspi.o
 .bss.s_lpspiMasterIsr
                0x200001f0        0x4 ./drivers/fsl_lpspi.o
 .bss.s_lpspiSlaveIsr
                0x200001f4        0x4 ./drivers/fsl_lpspi.o
 .bss.g_lpspiDummyData
                0x200001f8        0x2 ./drivers/fsl_lpspi.o
                0x200001f8                g_lpspiDummyData
 *fill*         0x200001fa        0x2 
 .bss.s_lpspiMasterEdmaPrivateHandle
                0x200001fc       0x10 ./drivers/fsl_lpspi_edma.o
 .bss.s_lpuartHandle
                0x2000020c        0xc ./drivers/fsl_lpuart.o
                0x2000020c                s_lpuartHandle
 .bss.s_lpuartIsr
                0x20000218        0xc ./drivers/fsl_lpuart.o
                0x20000218                s_lpuartIsr
 .bss.errno     0x20000224        0x4 c:/nxp/mcuxpressoide_11.9.0_2144/ide/plugins/com.nxp.mcuxpresso.tools.win32_11.9.0.202307121226/tools/bin/../lib/gcc/arm-none-eabi/12.3.1/../../../../arm-none-eabi/lib/thumb/v8-m.main/nofp\libcr_c.a(errno.o)
                0x20000224                errno
 .bss.__Ciob    0x20000228       0xb4 c:/nxp/mcuxpressoide_11.9.0_2144/ide/plugins/com.nxp.mcuxpresso.tools.win32_11.9.0.202307121226/tools/bin/../lib/gcc/arm-none-eabi/12.3.1/../../../../arm-none-eabi/lib/thumb/v8-m.main/nofp\libcr_nohost_nf.a(__ciob.o)
                0x20000228                __Ciob
 .bss.isTransferCompleted
                0x200002dc        0x1 ./source/lpspi_edma_b2b_transfer_master.o
                0x200002dc                isTransferCompleted
 *(SORT_BY_ALIGNMENT(COMMON))
                0x200002e0                        . = ALIGN (0x4)
 *fill*         0x200002dd        0x3 
                0x200002e0                        _ebss = .
                [!provide]                        PROVIDE (__end_bss_RAM = .)
                [!provide]                        PROVIDE (__end_bss_SRAM = .)
                [!provide]                        PROVIDE (end = .)

.noinit_RAM2    0x04000000        0x0
                [!provide]                        PROVIDE (__start_noinit_RAM2 = .)
                [!provide]                        PROVIDE (__start_noinit_SRAMX0 = .)
 *(SORT_BY_ALIGNMENT(.noinit.$RAM2))
 *(SORT_BY_ALIGNMENT(.noinit.$SRAMX0))
 *(SORT_BY_ALIGNMENT(.noinit.$RAM2.*))
 *(SORT_BY_ALIGNMENT(.noinit.$SRAMX0.*))
                0x04000000                        . = ALIGN (0x4)
                [!provide]                        PROVIDE (__end_noinit_RAM2 = .)
                [!provide]                        PROVIDE (__end_noinit_SRAMX0 = .)

.noinit_RAM3    0x04002000        0x0
                [!provide]                        PROVIDE (__start_noinit_RAM3 = .)
                [!provide]                        PROVIDE (__start_noinit_SRAMX1 = .)
 *(SORT_BY_ALIGNMENT(.noinit.$RAM3))
 *(SORT_BY_ALIGNMENT(.noinit.$SRAMX1))
 *(SORT_BY_ALIGNMENT(.noinit.$RAM3.*))
 *(SORT_BY_ALIGNMENT(.noinit.$SRAMX1.*))
                0x04002000                        . = ALIGN (0x4)
                [!provide]                        PROVIDE (__end_noinit_RAM3 = .)
                [!provide]                        PROVIDE (__end_noinit_SRAMX1 = .)

.noinit         0x200002e0        0x0
                0x200002e0                        _noinit = .
                [!provide]                        PROVIDE (__start_noinit_RAM = .)
                [!provide]                        PROVIDE (__start_noinit_SRAM = .)
 *(SORT_BY_ALIGNMENT(.noinit*))
                0x200002e0                        . = ALIGN (0x4)
                0x200002e0                        _end_noinit = .
                [!provide]                        PROVIDE (__end_noinit_RAM = .)
                [!provide]                        PROVIDE (__end_noinit_SRAM = .)
                0x00000600                        _HeapSize = 0x600

.heap           0x200002e0      0x600
                0x200002e0                        _pvHeapStart = .
                0x200008e0                        . = (. + _HeapSize)
 *fill*         0x200002e0      0x600 
                0x200008e0                        . = ALIGN (0x4)
                0x200008e0                        _pvHeapLimit = .
                0x00000600                        _StackSize = 0x600

.heap2stackfill
                0x200008e0      0x600
                0x20000ee0                        . = (. + _StackSize)
 *fill*         0x200008e0      0x600 

.stack          0x20005a00        0x0
                0x20005a00                        _vStackBase = .
                0x20005a00                        . = ALIGN (0x4)
                0x20006000                        _vStackTop = (. + _StackSize)
                0x00000000                        _image_start = LOADADDR (.text)
                0x00006220                        _image_end = (LOADADDR (.data) + SIZEOF (.data))
                0x00006220                        _image_size = (_image_end - _image_start)
OUTPUT(frdmmcxa153_lpspi_edma_b2b_transfer_master.axf elf32-littlearm)
LOAD linker stubs

.debug_info     0x00000000    0x17d51
 .debug_info    0x00000000       0xc5 ./utilities/fsl_assert.o
 .debug_info    0x000000c5      0xd6f ./utilities/fsl_debug_console.o
 .debug_info    0x00000e34       0x24 ./utilities/fsl_memcpy.o
 .debug_info    0x00000e58      0xb7f ./startup/startup_mcxa153.o
 .debug_info    0x000019d7     0x1b80 ./source/lpspi_edma_b2b_transfer_master.o
 .debug_info    0x00003557       0x3c ./source/semihost_hardfault.o
 .debug_info    0x00003593      0x17d ./source/ws2812.o
 .debug_info    0x00003710     0x213a ./drivers/fsl_clock.o
 .debug_info    0x0000584a     0x30cb ./drivers/fsl_edma.o
 .debug_info    0x00008915       0xdb ./drivers/fsl_edma_soc.o
 .debug_info    0x000089f0     0x311b ./drivers/fsl_lpspi.o
 .debug_info    0x0000bb0b     0x1cea ./drivers/fsl_lpspi_edma.o
 .debug_info    0x0000d7f5     0x2aac ./drivers/fsl_lpuart.o
 .debug_info    0x000102a1      0xab1 ./drivers/fsl_reset.o
 .debug_info    0x00010d52     0x1078 ./drivers/fsl_spc.o
 .debug_info    0x00011dca      0x864 ./device/system_MCXA153.o
 .debug_info    0x0001262e      0xc8e ./component/uart/fsl_adapter_lpuart.o
 .debug_info    0x000132bc      0x6dc ./board/board.o
 .debug_info    0x00013998      0xaf7 ./board/clock_config.o
 .debug_info    0x0001448f     0x1049 ./board/pin_mux.o
 .debug_info    0x000154d8       0x85 c:/nxp/mcuxpressoide_11.9.0_2144/ide/plugins/com.nxp.mcuxpresso.tools.win32_11.9.0.202307121226/tools/bin/../lib/gcc/arm-none-eabi/12.3.1/../../../../arm-none-eabi/lib/thumb/v8-m.main/nofp\libcr_nohost_nf.a(_cr__main.o)
 .debug_info    0x0001555d       0xe3 c:/nxp/mcuxpressoide_11.9.0_2144/ide/plugins/com.nxp.mcuxpresso.tools.win32_11.9.0.202307121226/tools/bin/../lib/gcc/arm-none-eabi/12.3.1/../../../../arm-none-eabi/lib/thumb/v8-m.main/nofp\libcr_c.a(memset.o)
 .debug_info    0x00015640      0x506 c:/nxp/mcuxpressoide_11.9.0_2144/ide/plugins/com.nxp.mcuxpresso.tools.win32_11.9.0.202307121226/tools/bin/../lib/gcc/arm-none-eabi/12.3.1/../../../../arm-none-eabi/lib/thumb/v8-m.main/nofp\libcr_c.a(alloc.o)
 .debug_info    0x00015b46       0x44 c:/nxp/mcuxpressoide_11.9.0_2144/ide/plugins/com.nxp.mcuxpresso.tools.win32_11.9.0.202307121226/tools/bin/../lib/gcc/arm-none-eabi/12.3.1/../../../../arm-none-eabi/lib/thumb/v8-m.main/nofp\libcr_c.a(errno.o)
 .debug_info    0x00015b8a      0x339 c:/nxp/mcuxpressoide_11.9.0_2144/ide/plugins/com.nxp.mcuxpresso.tools.win32_11.9.0.202307121226/tools/bin/../lib/gcc/arm-none-eabi/12.3.1/../../../../arm-none-eabi/lib/thumb/v8-m.main/nofp\libcr_c.a(initio.o)
 .debug_info    0x00015ec3      0x1f6 c:/nxp/mcuxpressoide_11.9.0_2144/ide/plugins/com.nxp.mcuxpresso.tools.win32_11.9.0.202307121226/tools/bin/../lib/gcc/arm-none-eabi/12.3.1/../../../../arm-none-eabi/lib/thumb/v8-m.main/nofp\libcr_c.a(setvbuf.o)
 .debug_info    0x000160b9       0xda c:/nxp/mcuxpressoide_11.9.0_2144/ide/plugins/com.nxp.mcuxpresso.tools.win32_11.9.0.202307121226/tools/bin/../lib/gcc/arm-none-eabi/12.3.1/../../../../arm-none-eabi/lib/thumb/v8-m.main/nofp\libcr_c.a(strlen.o)
 .debug_info    0x00016193      0x362 c:/nxp/mcuxpressoide_11.9.0_2144/ide/plugins/com.nxp.mcuxpresso.tools.win32_11.9.0.202307121226/tools/bin/../lib/gcc/arm-none-eabi/12.3.1/../../../../arm-none-eabi/lib/thumb/v8-m.main/nofp\libcr_c.a(_deferredlazyseek.o)
 .debug_info    0x000164f5      0x244 c:/nxp/mcuxpressoide_11.9.0_2144/ide/plugins/com.nxp.mcuxpresso.tools.win32_11.9.0.202307121226/tools/bin/../lib/gcc/arm-none-eabi/12.3.1/../../../../arm-none-eabi/lib/thumb/v8-m.main/nofp\libcr_c.a(_fdopen.o)
 .debug_info    0x00016739      0x1e3 c:/nxp/mcuxpressoide_11.9.0_2144/ide/plugins/com.nxp.mcuxpresso.tools.win32_11.9.0.202307121226/tools/bin/../lib/gcc/arm-none-eabi/12.3.1/../../../../arm-none-eabi/lib/thumb/v8-m.main/nofp\libcr_c.a(_fflush.o)
 .debug_info    0x0001691c      0x282 c:/nxp/mcuxpressoide_11.9.0_2144/ide/plugins/com.nxp.mcuxpresso.tools.win32_11.9.0.202307121226/tools/bin/../lib/gcc/arm-none-eabi/12.3.1/../../../../arm-none-eabi/lib/thumb/v8-m.main/nofp\libcr_c.a(_writebuf.o)
 .debug_info    0x00016b9e      0x318 c:/nxp/mcuxpressoide_11.9.0_2144/ide/plugins/com.nxp.mcuxpresso.tools.win32_11.9.0.202307121226/tools/bin/../lib/gcc/arm-none-eabi/12.3.1/../../../../arm-none-eabi/lib/thumb/v8-m.main/nofp\libcr_c.a(fclose.o)
 .debug_info    0x00016eb6      0x202 c:/nxp/mcuxpressoide_11.9.0_2144/ide/plugins/com.nxp.mcuxpresso.tools.win32_11.9.0.202307121226/tools/bin/../lib/gcc/arm-none-eabi/12.3.1/../../../../arm-none-eabi/lib/thumb/v8-m.main/nofp\libcr_c.a(fflush.o)
 .debug_info    0x000170b8      0x276 c:/nxp/mcuxpressoide_11.9.0_2144/ide/plugins/com.nxp.mcuxpresso.tools.win32_11.9.0.202307121226/tools/bin/../lib/gcc/arm-none-eabi/12.3.1/../../../../arm-none-eabi/lib/thumb/v8-m.main/nofp\libcr_c.a(fseek.o)
 .debug_info    0x0001732e      0x190 c:/nxp/mcuxpressoide_11.9.0_2144/ide/plugins/com.nxp.mcuxpresso.tools.win32_11.9.0.202307121226/tools/bin/../lib/gcc/arm-none-eabi/12.3.1/../../../../arm-none-eabi/lib/thumb/v8-m.main/nofp\libcr_c.a(ftell.o)
 .debug_info    0x000174be      0x1ca c:/nxp/mcuxpressoide_11.9.0_2144/ide/plugins/com.nxp.mcuxpresso.tools.win32_11.9.0.202307121226/tools/bin/../lib/gcc/arm-none-eabi/12.3.1/../../../../arm-none-eabi/lib/thumb/v8-m.main/nofp\libcr_c.a(remove.o)
 .debug_info    0x00017688      0x23a c:/nxp/mcuxpressoide_11.9.0_2144/ide/plugins/com.nxp.mcuxpresso.tools.win32_11.9.0.202307121226/tools/bin/../lib/gcc/arm-none-eabi/12.3.1/../../../../arm-none-eabi/lib/thumb/v8-m.main/nofp\libcr_c.a(_do_fflush.o)
 .debug_info    0x000178c2      0x18b c:/nxp/mcuxpressoide_11.9.0_2144/ide/plugins/com.nxp.mcuxpresso.tools.win32_11.9.0.202307121226/tools/bin/../lib/gcc/arm-none-eabi/12.3.1/../../../../arm-none-eabi/lib/thumb/v8-m.main/nofp\libcr_nohost_nf.a(__ciob.o)
 .debug_info    0x00017a4d       0x5c c:/nxp/mcuxpressoide_11.9.0_2144/ide/plugins/com.nxp.mcuxpresso.tools.win32_11.9.0.202307121226/tools/bin/../lib/gcc/arm-none-eabi/12.3.1/../../../../arm-none-eabi/lib/thumb/v8-m.main/nofp\libcr_nohost_nf.a(__sys_close.o)
 .debug_info    0x00017aa9       0x5c c:/nxp/mcuxpressoide_11.9.0_2144/ide/plugins/com.nxp.mcuxpresso.tools.win32_11.9.0.202307121226/tools/bin/../lib/gcc/arm-none-eabi/12.3.1/../../../../arm-none-eabi/lib/thumb/v8-m.main/nofp\libcr_nohost_nf.a(__sys_flen.o)
 .debug_info    0x00017b05       0x5c c:/nxp/mcuxpressoide_11.9.0_2144/ide/plugins/com.nxp.mcuxpresso.tools.win32_11.9.0.202307121226/tools/bin/../lib/gcc/arm-none-eabi/12.3.1/../../../../arm-none-eabi/lib/thumb/v8-m.main/nofp\libcr_nohost_nf.a(__sys_istty.o)
 .debug_info    0x00017b61       0x7c c:/nxp/mcuxpressoide_11.9.0_2144/ide/plugins/com.nxp.mcuxpresso.tools.win32_11.9.0.202307121226/tools/bin/../lib/gcc/arm-none-eabi/12.3.1/../../../../arm-none-eabi/lib/thumb/v8-m.main/nofp\libcr_nohost_nf.a(__sys_remove.o)
 .debug_info    0x00017bdd       0x6a c:/nxp/mcuxpressoide_11.9.0_2144/ide/plugins/com.nxp.mcuxpresso.tools.win32_11.9.0.202307121226/tools/bin/../lib/gcc/arm-none-eabi/12.3.1/../../../../arm-none-eabi/lib/thumb/v8-m.main/nofp\libcr_nohost_nf.a(__sys_seek.o)
 .debug_info    0x00017c47       0x85 c:/nxp/mcuxpressoide_11.9.0_2144/ide/plugins/com.nxp.mcuxpresso.tools.win32_11.9.0.202307121226/tools/bin/../lib/gcc/arm-none-eabi/12.3.1/../../../../arm-none-eabi/lib/thumb/v8-m.main/nofp\libcr_nohost_nf.a(__sys_tmpnam.o)
 .debug_info    0x00017ccc       0x85 c:/nxp/mcuxpressoide_11.9.0_2144/ide/plugins/com.nxp.mcuxpresso.tools.win32_11.9.0.202307121226/tools/bin/../lib/gcc/arm-none-eabi/12.3.1/../../../../arm-none-eabi/lib/thumb/v8-m.main/nofp\libcr_nohost_nf.a(__sys_write.o)

.debug_abbrev   0x00000000     0x3c69
 .debug_abbrev  0x00000000       0x90 ./utilities/fsl_assert.o
 .debug_abbrev  0x00000090      0x267 ./utilities/fsl_debug_console.o
 .debug_abbrev  0x000002f7       0x14 ./utilities/fsl_memcpy.o
 .debug_abbrev  0x0000030b      0x134 ./startup/startup_mcxa153.o
 .debug_abbrev  0x0000043f      0x2fb ./source/lpspi_edma_b2b_transfer_master.o
 .debug_abbrev  0x0000073a       0x31 ./source/semihost_hardfault.o
 .debug_abbrev  0x0000076b       0xe6 ./source/ws2812.o
 .debug_abbrev  0x00000851      0x30e ./drivers/fsl_clock.o
 .debug_abbrev  0x00000b5f      0x438 ./drivers/fsl_edma.o
 .debug_abbrev  0x00000f97       0x72 ./drivers/fsl_edma_soc.o
 .debug_abbrev  0x00001009      0x365 ./drivers/fsl_lpspi.o
 .debug_abbrev  0x0000136e      0x306 ./drivers/fsl_lpspi_edma.o
 .debug_abbrev  0x00001674      0x464 ./drivers/fsl_lpuart.o
 .debug_abbrev  0x00001ad8      0x14c ./drivers/fsl_reset.o
 .debug_abbrev  0x00001c24      0x2c0 ./drivers/fsl_spc.o
 .debug_abbrev  0x00001ee4      0x123 ./device/system_MCXA153.o
 .debug_abbrev  0x00002007      0x1e7 ./component/uart/fsl_adapter_lpuart.o
 .debug_abbrev  0x000021ee       0xf2 ./board/board.o
 .debug_abbrev  0x000022e0      0x1f3 ./board/clock_config.o
 .debug_abbrev  0x000024d3      0x252 ./board/pin_mux.o
 .debug_abbrev  0x00002725       0x70 c:/nxp/mcuxpressoide_11.9.0_2144/ide/plugins/com.nxp.mcuxpresso.tools.win32_11.9.0.202307121226/tools/bin/../lib/gcc/arm-none-eabi/12.3.1/../../../../arm-none-eabi/lib/thumb/v8-m.main/nofp\libcr_nohost_nf.a(_cr__main.o)
 .debug_abbrev  0x00002795       0xa8 c:/nxp/mcuxpressoide_11.9.0_2144/ide/plugins/com.nxp.mcuxpresso.tools.win32_11.9.0.202307121226/tools/bin/../lib/gcc/arm-none-eabi/12.3.1/../../../../arm-none-eabi/lib/thumb/v8-m.main/nofp\libcr_c.a(memset.o)
 .debug_abbrev  0x0000283d      0x284 c:/nxp/mcuxpressoide_11.9.0_2144/ide/plugins/com.nxp.mcuxpresso.tools.win32_11.9.0.202307121226/tools/bin/../lib/gcc/arm-none-eabi/12.3.1/../../../../arm-none-eabi/lib/thumb/v8-m.main/nofp\libcr_c.a(alloc.o)
 .debug_abbrev  0x00002ac1       0x44 c:/nxp/mcuxpressoide_11.9.0_2144/ide/plugins/com.nxp.mcuxpresso.tools.win32_11.9.0.202307121226/tools/bin/../lib/gcc/arm-none-eabi/12.3.1/../../../../arm-none-eabi/lib/thumb/v8-m.main/nofp\libcr_c.a(errno.o)
 .debug_abbrev  0x00002b05      0x169 c:/nxp/mcuxpressoide_11.9.0_2144/ide/plugins/com.nxp.mcuxpresso.tools.win32_11.9.0.202307121226/tools/bin/../lib/gcc/arm-none-eabi/12.3.1/../../../../arm-none-eabi/lib/thumb/v8-m.main/nofp\libcr_c.a(initio.o)
 .debug_abbrev  0x00002c6e       0xe1 c:/nxp/mcuxpressoide_11.9.0_2144/ide/plugins/com.nxp.mcuxpresso.tools.win32_11.9.0.202307121226/tools/bin/../lib/gcc/arm-none-eabi/12.3.1/../../../../arm-none-eabi/lib/thumb/v8-m.main/nofp\libcr_c.a(setvbuf.o)
 .debug_abbrev  0x00002d4f       0xa7 c:/nxp/mcuxpressoide_11.9.0_2144/ide/plugins/com.nxp.mcuxpresso.tools.win32_11.9.0.202307121226/tools/bin/../lib/gcc/arm-none-eabi/12.3.1/../../../../arm-none-eabi/lib/thumb/v8-m.main/nofp\libcr_c.a(strlen.o)
 .debug_abbrev  0x00002df6      0x152 c:/nxp/mcuxpressoide_11.9.0_2144/ide/plugins/com.nxp.mcuxpresso.tools.win32_11.9.0.202307121226/tools/bin/../lib/gcc/arm-none-eabi/12.3.1/../../../../arm-none-eabi/lib/thumb/v8-m.main/nofp\libcr_c.a(_deferredlazyseek.o)
 .debug_abbrev  0x00002f48      0x119 c:/nxp/mcuxpressoide_11.9.0_2144/ide/plugins/com.nxp.mcuxpresso.tools.win32_11.9.0.202307121226/tools/bin/../lib/gcc/arm-none-eabi/12.3.1/../../../../arm-none-eabi/lib/thumb/v8-m.main/nofp\libcr_c.a(_fdopen.o)
 .debug_abbrev  0x00003061       0xf1 c:/nxp/mcuxpressoide_11.9.0_2144/ide/plugins/com.nxp.mcuxpresso.tools.win32_11.9.0.202307121226/tools/bin/../lib/gcc/arm-none-eabi/12.3.1/../../../../arm-none-eabi/lib/thumb/v8-m.main/nofp\libcr_c.a(_fflush.o)
 .debug_abbrev  0x00003152      0x126 c:/nxp/mcuxpressoide_11.9.0_2144/ide/plugins/com.nxp.mcuxpresso.tools.win32_11.9.0.202307121226/tools/bin/../lib/gcc/arm-none-eabi/12.3.1/../../../../arm-none-eabi/lib/thumb/v8-m.main/nofp\libcr_c.a(_writebuf.o)
 .debug_abbrev  0x00003278      0x155 c:/nxp/mcuxpressoide_11.9.0_2144/ide/plugins/com.nxp.mcuxpresso.tools.win32_11.9.0.202307121226/tools/bin/../lib/gcc/arm-none-eabi/12.3.1/../../../../arm-none-eabi/lib/thumb/v8-m.main/nofp\libcr_c.a(fclose.o)
 .debug_abbrev  0x000033cd      0x125 c:/nxp/mcuxpressoide_11.9.0_2144/ide/plugins/com.nxp.mcuxpresso.tools.win32_11.9.0.202307121226/tools/bin/../lib/gcc/arm-none-eabi/12.3.1/../../../../arm-none-eabi/lib/thumb/v8-m.main/nofp\libcr_c.a(fflush.o)
 .debug_abbrev  0x000034f2      0x11b c:/nxp/mcuxpressoide_11.9.0_2144/ide/plugins/com.nxp.mcuxpresso.tools.win32_11.9.0.202307121226/tools/bin/../lib/gcc/arm-none-eabi/12.3.1/../../../../arm-none-eabi/lib/thumb/v8-m.main/nofp\libcr_c.a(fseek.o)
 .debug_abbrev  0x0000360d       0xc2 c:/nxp/mcuxpressoide_11.9.0_2144/ide/plugins/com.nxp.mcuxpresso.tools.win32_11.9.0.202307121226/tools/bin/../lib/gcc/arm-none-eabi/12.3.1/../../../../arm-none-eabi/lib/thumb/v8-m.main/nofp\libcr_c.a(ftell.o)
 .debug_abbrev  0x000036cf       0xfb c:/nxp/mcuxpressoide_11.9.0_2144/ide/plugins/com.nxp.mcuxpresso.tools.win32_11.9.0.202307121226/tools/bin/../lib/gcc/arm-none-eabi/12.3.1/../../../../arm-none-eabi/lib/thumb/v8-m.main/nofp\libcr_c.a(remove.o)
 .debug_abbrev  0x000037ca      0x12c c:/nxp/mcuxpressoide_11.9.0_2144/ide/plugins/com.nxp.mcuxpresso.tools.win32_11.9.0.202307121226/tools/bin/../lib/gcc/arm-none-eabi/12.3.1/../../../../arm-none-eabi/lib/thumb/v8-m.main/nofp\libcr_c.a(_do_fflush.o)
 .debug_abbrev  0x000038f6       0xb5 c:/nxp/mcuxpressoide_11.9.0_2144/ide/plugins/com.nxp.mcuxpresso.tools.win32_11.9.0.202307121226/tools/bin/../lib/gcc/arm-none-eabi/12.3.1/../../../../arm-none-eabi/lib/thumb/v8-m.main/nofp\libcr_nohost_nf.a(__ciob.o)
 .debug_abbrev  0x000039ab       0x51 c:/nxp/mcuxpressoide_11.9.0_2144/ide/plugins/com.nxp.mcuxpresso.tools.win32_11.9.0.202307121226/tools/bin/../lib/gcc/arm-none-eabi/12.3.1/../../../../arm-none-eabi/lib/thumb/v8-m.main/nofp\libcr_nohost_nf.a(__sys_close.o)
 .debug_abbrev  0x000039fc       0x51 c:/nxp/mcuxpressoide_11.9.0_2144/ide/plugins/com.nxp.mcuxpresso.tools.win32_11.9.0.202307121226/tools/bin/../lib/gcc/arm-none-eabi/12.3.1/../../../../arm-none-eabi/lib/thumb/v8-m.main/nofp\libcr_nohost_nf.a(__sys_flen.o)
 .debug_abbrev  0x00003a4d       0x51 c:/nxp/mcuxpressoide_11.9.0_2144/ide/plugins/com.nxp.mcuxpresso.tools.win32_11.9.0.202307121226/tools/bin/../lib/gcc/arm-none-eabi/12.3.1/../../../../arm-none-eabi/lib/thumb/v8-m.main/nofp\libcr_nohost_nf.a(__sys_istty.o)
 .debug_abbrev  0x00003a9e       0x7d c:/nxp/mcuxpressoide_11.9.0_2144/ide/plugins/com.nxp.mcuxpresso.tools.win32_11.9.0.202307121226/tools/bin/../lib/gcc/arm-none-eabi/12.3.1/../../../../arm-none-eabi/lib/thumb/v8-m.main/nofp\libcr_nohost_nf.a(__sys_remove.o)
 .debug_abbrev  0x00003b1b       0x62 c:/nxp/mcuxpressoide_11.9.0_2144/ide/plugins/com.nxp.mcuxpresso.tools.win32_11.9.0.202307121226/tools/bin/../lib/gcc/arm-none-eabi/12.3.1/../../../../arm-none-eabi/lib/thumb/v8-m.main/nofp\libcr_nohost_nf.a(__sys_seek.o)
 .debug_abbrev  0x00003b7d       0x76 c:/nxp/mcuxpressoide_11.9.0_2144/ide/plugins/com.nxp.mcuxpresso.tools.win32_11.9.0.202307121226/tools/bin/../lib/gcc/arm-none-eabi/12.3.1/../../../../arm-none-eabi/lib/thumb/v8-m.main/nofp\libcr_nohost_nf.a(__sys_tmpnam.o)
 .debug_abbrev  0x00003bf3       0x76 c:/nxp/mcuxpressoide_11.9.0_2144/ide/plugins/com.nxp.mcuxpresso.tools.win32_11.9.0.202307121226/tools/bin/../lib/gcc/arm-none-eabi/12.3.1/../../../../arm-none-eabi/lib/thumb/v8-m.main/nofp\libcr_nohost_nf.a(__sys_write.o)

.debug_aranges  0x00000000     0x1188
 .debug_aranges
                0x00000000       0x20 ./utilities/fsl_assert.o
 .debug_aranges
                0x00000020       0x78 ./utilities/fsl_debug_console.o
 .debug_aranges
                0x00000098       0x20 ./utilities/fsl_memcpy.o
 .debug_aranges
                0x000000b8      0x2e0 ./startup/startup_mcxa153.o
 .debug_aranges
                0x00000398       0x30 ./source/lpspi_edma_b2b_transfer_master.o
 .debug_aranges
                0x000003c8       0x20 ./source/semihost_hardfault.o
 .debug_aranges
                0x000003e8       0x28 ./source/ws2812.o
 .debug_aranges
                0x00000410      0x168 ./drivers/fsl_clock.o
 .debug_aranges
                0x00000578      0x1d0 ./drivers/fsl_edma.o
 .debug_aranges
                0x00000748       0x38 ./drivers/fsl_edma_soc.o
 .debug_aranges
                0x00000780      0x1e0 ./drivers/fsl_lpspi.o
 .debug_aranges
                0x00000960       0xe8 ./drivers/fsl_lpspi_edma.o
 .debug_aranges
                0x00000a48      0x178 ./drivers/fsl_lpuart.o
 .debug_aranges
                0x00000bc0       0x30 ./drivers/fsl_reset.o
 .debug_aranges
                0x00000bf0      0x120 ./drivers/fsl_spc.o
 .debug_aranges
                0x00000d10       0x30 ./device/system_MCXA153.o
 .debug_aranges
                0x00000d40       0x58 ./component/uart/fsl_adapter_lpuart.o
 .debug_aranges
                0x00000d98       0x20 ./board/board.o
 .debug_aranges
                0x00000db8       0x48 ./board/clock_config.o
 .debug_aranges
                0x00000e00       0x40 ./board/pin_mux.o
 .debug_aranges
                0x00000e40       0x20 c:/nxp/mcuxpressoide_11.9.0_2144/ide/plugins/com.nxp.mcuxpresso.tools.win32_11.9.0.202307121226/tools/bin/../lib/gcc/arm-none-eabi/12.3.1/../../../../arm-none-eabi/lib/thumb/v8-m.main/nofp\libcr_nohost_nf.a(_cr__main.o)
 .debug_aranges
                0x00000e60       0x20 c:/nxp/mcuxpressoide_11.9.0_2144/ide/plugins/com.nxp.mcuxpresso.tools.win32_11.9.0.202307121226/tools/bin/../lib/gcc/arm-none-eabi/12.3.1/../../../../arm-none-eabi/lib/thumb/v8-m.main/nofp\libcr_c.a(memset.o)
 .debug_aranges
                0x00000e80       0x40 c:/nxp/mcuxpressoide_11.9.0_2144/ide/plugins/com.nxp.mcuxpresso.tools.win32_11.9.0.202307121226/tools/bin/../lib/gcc/arm-none-eabi/12.3.1/../../../../arm-none-eabi/lib/thumb/v8-m.main/nofp\libcr_c.a(alloc.o)
 .debug_aranges
                0x00000ec0       0x18 c:/nxp/mcuxpressoide_11.9.0_2144/ide/plugins/com.nxp.mcuxpresso.tools.win32_11.9.0.202307121226/tools/bin/../lib/gcc/arm-none-eabi/12.3.1/../../../../arm-none-eabi/lib/thumb/v8-m.main/nofp\libcr_c.a(errno.o)
 .debug_aranges
                0x00000ed8       0x28 c:/nxp/mcuxpressoide_11.9.0_2144/ide/plugins/com.nxp.mcuxpresso.tools.win32_11.9.0.202307121226/tools/bin/../lib/gcc/arm-none-eabi/12.3.1/../../../../arm-none-eabi/lib/thumb/v8-m.main/nofp\libcr_c.a(initio.o)
 .debug_aranges
                0x00000f00       0x20 c:/nxp/mcuxpressoide_11.9.0_2144/ide/plugins/com.nxp.mcuxpresso.tools.win32_11.9.0.202307121226/tools/bin/../lib/gcc/arm-none-eabi/12.3.1/../../../../arm-none-eabi/lib/thumb/v8-m.main/nofp\libcr_c.a(setvbuf.o)
 .debug_aranges
                0x00000f20       0x20 c:/nxp/mcuxpressoide_11.9.0_2144/ide/plugins/com.nxp.mcuxpresso.tools.win32_11.9.0.202307121226/tools/bin/../lib/gcc/arm-none-eabi/12.3.1/../../../../arm-none-eabi/lib/thumb/v8-m.main/nofp\libcr_c.a(strlen.o)
 .debug_aranges
                0x00000f40       0x28 c:/nxp/mcuxpressoide_11.9.0_2144/ide/plugins/com.nxp.mcuxpresso.tools.win32_11.9.0.202307121226/tools/bin/../lib/gcc/arm-none-eabi/12.3.1/../../../../arm-none-eabi/lib/thumb/v8-m.main/nofp\libcr_c.a(_deferredlazyseek.o)
 .debug_aranges
                0x00000f68       0x20 c:/nxp/mcuxpressoide_11.9.0_2144/ide/plugins/com.nxp.mcuxpresso.tools.win32_11.9.0.202307121226/tools/bin/../lib/gcc/arm-none-eabi/12.3.1/../../../../arm-none-eabi/lib/thumb/v8-m.main/nofp\libcr_c.a(_fdopen.o)
 .debug_aranges
                0x00000f88       0x20 c:/nxp/mcuxpressoide_11.9.0_2144/ide/plugins/com.nxp.mcuxpresso.tools.win32_11.9.0.202307121226/tools/bin/../lib/gcc/arm-none-eabi/12.3.1/../../../../arm-none-eabi/lib/thumb/v8-m.main/nofp\libcr_c.a(_fflush.o)
 .debug_aranges
                0x00000fa8       0x20 c:/nxp/mcuxpressoide_11.9.0_2144/ide/plugins/com.nxp.mcuxpresso.tools.win32_11.9.0.202307121226/tools/bin/../lib/gcc/arm-none-eabi/12.3.1/../../../../arm-none-eabi/lib/thumb/v8-m.main/nofp\libcr_c.a(_writebuf.o)
 .debug_aranges
                0x00000fc8       0x20 c:/nxp/mcuxpressoide_11.9.0_2144/ide/plugins/com.nxp.mcuxpresso.tools.win32_11.9.0.202307121226/tools/bin/../lib/gcc/arm-none-eabi/12.3.1/../../../../arm-none-eabi/lib/thumb/v8-m.main/nofp\libcr_c.a(fclose.o)
 .debug_aranges
                0x00000fe8       0x20 c:/nxp/mcuxpressoide_11.9.0_2144/ide/plugins/com.nxp.mcuxpresso.tools.win32_11.9.0.202307121226/tools/bin/../lib/gcc/arm-none-eabi/12.3.1/../../../../arm-none-eabi/lib/thumb/v8-m.main/nofp\libcr_c.a(fflush.o)
 .debug_aranges
                0x00001008       0x20 c:/nxp/mcuxpressoide_11.9.0_2144/ide/plugins/com.nxp.mcuxpresso.tools.win32_11.9.0.202307121226/tools/bin/../lib/gcc/arm-none-eabi/12.3.1/../../../../arm-none-eabi/lib/thumb/v8-m.main/nofp\libcr_c.a(fseek.o)
 .debug_aranges
                0x00001028       0x20 c:/nxp/mcuxpressoide_11.9.0_2144/ide/plugins/com.nxp.mcuxpresso.tools.win32_11.9.0.202307121226/tools/bin/../lib/gcc/arm-none-eabi/12.3.1/../../../../arm-none-eabi/lib/thumb/v8-m.main/nofp\libcr_c.a(ftell.o)
 .debug_aranges
                0x00001048       0x28 c:/nxp/mcuxpressoide_11.9.0_2144/ide/plugins/com.nxp.mcuxpresso.tools.win32_11.9.0.202307121226/tools/bin/../lib/gcc/arm-none-eabi/12.3.1/../../../../arm-none-eabi/lib/thumb/v8-m.main/nofp\libcr_c.a(remove.o)
 .debug_aranges
                0x00001070       0x20 c:/nxp/mcuxpressoide_11.9.0_2144/ide/plugins/com.nxp.mcuxpresso.tools.win32_11.9.0.202307121226/tools/bin/../lib/gcc/arm-none-eabi/12.3.1/../../../../arm-none-eabi/lib/thumb/v8-m.main/nofp\libcr_c.a(_do_fflush.o)
 .debug_aranges
                0x00001090       0x18 c:/nxp/mcuxpressoide_11.9.0_2144/ide/plugins/com.nxp.mcuxpresso.tools.win32_11.9.0.202307121226/tools/bin/../lib/gcc/arm-none-eabi/12.3.1/../../../../arm-none-eabi/lib/thumb/v8-m.main/nofp\libcr_nohost_nf.a(__ciob.o)
 .debug_aranges
                0x000010a8       0x20 c:/nxp/mcuxpressoide_11.9.0_2144/ide/plugins/com.nxp.mcuxpresso.tools.win32_11.9.0.202307121226/tools/bin/../lib/gcc/arm-none-eabi/12.3.1/../../../../arm-none-eabi/lib/thumb/v8-m.main/nofp\libcr_nohost_nf.a(__sys_close.o)
 .debug_aranges
                0x000010c8       0x20 c:/nxp/mcuxpressoide_11.9.0_2144/ide/plugins/com.nxp.mcuxpresso.tools.win32_11.9.0.202307121226/tools/bin/../lib/gcc/arm-none-eabi/12.3.1/../../../../arm-none-eabi/lib/thumb/v8-m.main/nofp\libcr_nohost_nf.a(__sys_flen.o)
 .debug_aranges
                0x000010e8       0x20 c:/nxp/mcuxpressoide_11.9.0_2144/ide/plugins/com.nxp.mcuxpresso.tools.win32_11.9.0.202307121226/tools/bin/../lib/gcc/arm-none-eabi/12.3.1/../../../../arm-none-eabi/lib/thumb/v8-m.main/nofp\libcr_nohost_nf.a(__sys_istty.o)
 .debug_aranges
                0x00001108       0x20 c:/nxp/mcuxpressoide_11.9.0_2144/ide/plugins/com.nxp.mcuxpresso.tools.win32_11.9.0.202307121226/tools/bin/../lib/gcc/arm-none-eabi/12.3.1/../../../../arm-none-eabi/lib/thumb/v8-m.main/nofp\libcr_nohost_nf.a(__sys_remove.o)
 .debug_aranges
                0x00001128       0x20 c:/nxp/mcuxpressoide_11.9.0_2144/ide/plugins/com.nxp.mcuxpresso.tools.win32_11.9.0.202307121226/tools/bin/../lib/gcc/arm-none-eabi/12.3.1/../../../../arm-none-eabi/lib/thumb/v8-m.main/nofp\libcr_nohost_nf.a(__sys_seek.o)
 .debug_aranges
                0x00001148       0x20 c:/nxp/mcuxpressoide_11.9.0_2144/ide/plugins/com.nxp.mcuxpresso.tools.win32_11.9.0.202307121226/tools/bin/../lib/gcc/arm-none-eabi/12.3.1/../../../../arm-none-eabi/lib/thumb/v8-m.main/nofp\libcr_nohost_nf.a(__sys_tmpnam.o)
 .debug_aranges
                0x00001168       0x20 c:/nxp/mcuxpressoide_11.9.0_2144/ide/plugins/com.nxp.mcuxpresso.tools.win32_11.9.0.202307121226/tools/bin/../lib/gcc/arm-none-eabi/12.3.1/../../../../arm-none-eabi/lib/thumb/v8-m.main/nofp\libcr_nohost_nf.a(__sys_write.o)

.debug_ranges   0x00000000      0xf00
 .debug_ranges  0x00000000       0x10 ./utilities/fsl_assert.o
 .debug_ranges  0x00000010       0x68 ./utilities/fsl_debug_console.o
 .debug_ranges  0x00000078      0x2d0 ./startup/startup_mcxa153.o
 .debug_ranges  0x00000348       0x20 ./source/lpspi_edma_b2b_transfer_master.o
 .debug_ranges  0x00000368       0x10 ./source/semihost_hardfault.o
 .debug_ranges  0x00000378       0x18 ./source/ws2812.o
 .debug_ranges  0x00000390      0x158 ./drivers/fsl_clock.o
 .debug_ranges  0x000004e8      0x1c0 ./drivers/fsl_edma.o
 .debug_ranges  0x000006a8       0x28 ./drivers/fsl_edma_soc.o
 .debug_ranges  0x000006d0      0x1d0 ./drivers/fsl_lpspi.o
 .debug_ranges  0x000008a0       0xd8 ./drivers/fsl_lpspi_edma.o
 .debug_ranges  0x00000978      0x168 ./drivers/fsl_lpuart.o
 .debug_ranges  0x00000ae0       0x20 ./drivers/fsl_reset.o
 .debug_ranges  0x00000b00      0x110 ./drivers/fsl_spc.o
 .debug_ranges  0x00000c10       0x20 ./device/system_MCXA153.o
 .debug_ranges  0x00000c30       0x48 ./component/uart/fsl_adapter_lpuart.o
 .debug_ranges  0x00000c78       0x10 ./board/board.o
 .debug_ranges  0x00000c88       0x38 ./board/clock_config.o
 .debug_ranges  0x00000cc0       0x30 ./board/pin_mux.o
 .debug_ranges  0x00000cf0       0x10 c:/nxp/mcuxpressoide_11.9.0_2144/ide/plugins/com.nxp.mcuxpresso.tools.win32_11.9.0.202307121226/tools/bin/../lib/gcc/arm-none-eabi/12.3.1/../../../../arm-none-eabi/lib/thumb/v8-m.main/nofp\libcr_nohost_nf.a(_cr__main.o)
 .debug_ranges  0x00000d00       0x10 c:/nxp/mcuxpressoide_11.9.0_2144/ide/plugins/com.nxp.mcuxpresso.tools.win32_11.9.0.202307121226/tools/bin/../lib/gcc/arm-none-eabi/12.3.1/../../../../arm-none-eabi/lib/thumb/v8-m.main/nofp\libcr_c.a(memset.o)
 .debug_ranges  0x00000d10       0x48 c:/nxp/mcuxpressoide_11.9.0_2144/ide/plugins/com.nxp.mcuxpresso.tools.win32_11.9.0.202307121226/tools/bin/../lib/gcc/arm-none-eabi/12.3.1/../../../../arm-none-eabi/lib/thumb/v8-m.main/nofp\libcr_c.a(alloc.o)
 .debug_ranges  0x00000d58       0x18 c:/nxp/mcuxpressoide_11.9.0_2144/ide/plugins/com.nxp.mcuxpresso.tools.win32_11.9.0.202307121226/tools/bin/../lib/gcc/arm-none-eabi/12.3.1/../../../../arm-none-eabi/lib/thumb/v8-m.main/nofp\libcr_c.a(initio.o)
 .debug_ranges  0x00000d70       0x10 c:/nxp/mcuxpressoide_11.9.0_2144/ide/plugins/com.nxp.mcuxpresso.tools.win32_11.9.0.202307121226/tools/bin/../lib/gcc/arm-none-eabi/12.3.1/../../../../arm-none-eabi/lib/thumb/v8-m.main/nofp\libcr_c.a(setvbuf.o)
 .debug_ranges  0x00000d80       0x10 c:/nxp/mcuxpressoide_11.9.0_2144/ide/plugins/com.nxp.mcuxpresso.tools.win32_11.9.0.202307121226/tools/bin/../lib/gcc/arm-none-eabi/12.3.1/../../../../arm-none-eabi/lib/thumb/v8-m.main/nofp\libcr_c.a(strlen.o)
 .debug_ranges  0x00000d90       0x38 c:/nxp/mcuxpressoide_11.9.0_2144/ide/plugins/com.nxp.mcuxpresso.tools.win32_11.9.0.202307121226/tools/bin/../lib/gcc/arm-none-eabi/12.3.1/../../../../arm-none-eabi/lib/thumb/v8-m.main/nofp\libcr_c.a(_deferredlazyseek.o)
 .debug_ranges  0x00000dc8       0x10 c:/nxp/mcuxpressoide_11.9.0_2144/ide/plugins/com.nxp.mcuxpresso.tools.win32_11.9.0.202307121226/tools/bin/../lib/gcc/arm-none-eabi/12.3.1/../../../../arm-none-eabi/lib/thumb/v8-m.main/nofp\libcr_c.a(_fdopen.o)
 .debug_ranges  0x00000dd8       0x10 c:/nxp/mcuxpressoide_11.9.0_2144/ide/plugins/com.nxp.mcuxpresso.tools.win32_11.9.0.202307121226/tools/bin/../lib/gcc/arm-none-eabi/12.3.1/../../../../arm-none-eabi/lib/thumb/v8-m.main/nofp\libcr_c.a(_fflush.o)
 .debug_ranges  0x00000de8       0x10 c:/nxp/mcuxpressoide_11.9.0_2144/ide/plugins/com.nxp.mcuxpresso.tools.win32_11.9.0.202307121226/tools/bin/../lib/gcc/arm-none-eabi/12.3.1/../../../../arm-none-eabi/lib/thumb/v8-m.main/nofp\libcr_c.a(_writebuf.o)