Archive member included to satisfy reference by file (symbol)

c:/nxp/mcuxpressoide_11.9.0_2144/ide/plugins/com.nxp.mcuxpresso.tools.win32_11.9.0.202307121226/tools/bin/../lib/gcc/arm-none-eabi/12.3.1/../../../../arm-none-eabi/lib/thumb/v8-m.main/nofp\libcr_nohost_nf.a(_cr__main.o)
                              ./startup/startup_mcxa153.o (__main)
c:/nxp/mcuxpressoide_11.9.0_2144/ide/plugins/com.nxp.mcuxpresso.tools.win32_11.9.0.202307121226/tools/bin/../lib/gcc/arm-none-eabi/12.3.1/../../../../arm-none-eabi/lib/thumb/v8-m.main/nofp\libcr_c.a(memset.o)
                              ./source/main.o (memset)
c:/nxp/mcuxpressoide_11.9.0_2144/ide/plugins/com.nxp.mcuxpresso.tools.win32_11.9.0.202307121226/tools/bin/../lib/gcc/arm-none-eabi/12.3.1/../../../../arm-none-eabi/lib/thumb/v8-m.main/nofp\libcr_c.a(alloc.o)
                              ./drivers/fsl_common.o (malloc)
c:/nxp/mcuxpressoide_11.9.0_2144/ide/plugins/com.nxp.mcuxpresso.tools.win32_11.9.0.202307121226/tools/bin/../lib/gcc/arm-none-eabi/12.3.1/../../../../arm-none-eabi/lib/thumb/v8-m.main/nofp\libcr_c.a(errno.o)
                              ./utilities/fsl_str.o (errno)
c:/nxp/mcuxpressoide_11.9.0_2144/ide/plugins/com.nxp.mcuxpresso.tools.win32_11.9.0.202307121226/tools/bin/../lib/gcc/arm-none-eabi/12.3.1/../../../../arm-none-eabi/lib/thumb/v8-m.main/nofp\libcr_c.a(initio.o)
                              c:/nxp/mcuxpressoide_11.9.0_2144/ide/plugins/com.nxp.mcuxpresso.tools.win32_11.9.0.202307121226/tools/bin/../lib/gcc/arm-none-eabi/12.3.1/../../../../arm-none-eabi/lib/thumb/v8-m.main/nofp\libcr_nohost_nf.a(_cr__main.o) (_initio)
c:/nxp/mcuxpressoide_11.9.0_2144/ide/plugins/com.nxp.mcuxpresso.tools.win32_11.9.0.202307121226/tools/bin/../lib/gcc/arm-none-eabi/12.3.1/../../../../arm-none-eabi/lib/thumb/v8-m.main/nofp\libcr_c.a(scanf.o)
                              ./utilities/fsl_str.o (strtoul)
c:/nxp/mcuxpressoide_11.9.0_2144/ide/plugins/com.nxp.mcuxpresso.tools.win32_11.9.0.202307121226/tools/bin/../lib/gcc/arm-none-eabi/12.3.1/../../../../arm-none-eabi/lib/thumb/v8-m.main/nofp\libcr_c.a(setvbuf.o)
                              c:/nxp/mcuxpressoide_11.9.0_2144/ide/plugins/com.nxp.mcuxpresso.tools.win32_11.9.0.202307121226/tools/bin/../lib/gcc/arm-none-eabi/12.3.1/../../../../arm-none-eabi/lib/thumb/v8-m.main/nofp\libcr_c.a(initio.o) (setvbuf)
c:/nxp/mcuxpressoide_11.9.0_2144/ide/plugins/com.nxp.mcuxpresso.tools.win32_11.9.0.202307121226/tools/bin/../lib/gcc/arm-none-eabi/12.3.1/../../../../arm-none-eabi/lib/thumb/v8-m.main/nofp\libcr_c.a(strlen.o)
                              ./utilities/fsl_debug_console.o (strlen)
c:/nxp/mcuxpressoide_11.9.0_2144/ide/plugins/com.nxp.mcuxpresso.tools.win32_11.9.0.202307121226/tools/bin/../lib/gcc/arm-none-eabi/12.3.1/../../../../arm-none-eabi/lib/thumb/v8-m.main/nofp\libcr_c.a(ungetc.o)
                              c:/nxp/mcuxpressoide_11.9.0_2144/ide/plugins/com.nxp.mcuxpresso.tools.win32_11.9.0.202307121226/tools/bin/../lib/gcc/arm-none-eabi/12.3.1/../../../../arm-none-eabi/lib/thumb/v8-m.main/nofp\libcr_c.a(scanf.o) (ungetc)
c:/nxp/mcuxpressoide_11.9.0_2144/ide/plugins/com.nxp.mcuxpresso.tools.win32_11.9.0.202307121226/tools/bin/../lib/gcc/arm-none-eabi/12.3.1/../../../../arm-none-eabi/lib/thumb/v8-m.main/nofp\libcr_c.a(__fillbuf.o)
                              c:/nxp/mcuxpressoide_11.9.0_2144/ide/plugins/com.nxp.mcuxpresso.tools.win32_11.9.0.202307121226/tools/bin/../lib/gcc/arm-none-eabi/12.3.1/../../../../arm-none-eabi/lib/thumb/v8-m.main/nofp\libcr_c.a(scanf.o) (__filbuf)
c:/nxp/mcuxpressoide_11.9.0_2144/ide/plugins/com.nxp.mcuxpresso.tools.win32_11.9.0.202307121226/tools/bin/../lib/gcc/arm-none-eabi/12.3.1/../../../../arm-none-eabi/lib/thumb/v8-m.main/nofp\libcr_c.a(__init_alloc.o)
                              c:/nxp/mcuxpressoide_11.9.0_2144/ide/plugins/com.nxp.mcuxpresso.tools.win32_11.9.0.202307121226/tools/bin/../lib/gcc/arm-none-eabi/12.3.1/../../../../arm-none-eabi/lib/thumb/v8-m.main/nofp\libcr_c.a(alloc.o) (__heaps)
c:/nxp/mcuxpressoide_11.9.0_2144/ide/plugins/com.nxp.mcuxpresso.tools.win32_11.9.0.202307121226/tools/bin/../lib/gcc/arm-none-eabi/12.3.1/../../../../arm-none-eabi/lib/thumb/v8-m.main/nofp\libcr_c.a(_cr_sbrk.o)
                              c:/nxp/mcuxpressoide_11.9.0_2144/ide/plugins/com.nxp.mcuxpresso.tools.win32_11.9.0.202307121226/tools/bin/../lib/gcc/arm-none-eabi/12.3.1/../../../../arm-none-eabi/lib/thumb/v8-m.main/nofp\libcr_c.a(alloc.o) (_sbrk)
c:/nxp/mcuxpressoide_11.9.0_2144/ide/plugins/com.nxp.mcuxpresso.tools.win32_11.9.0.202307121226/tools/bin/../lib/gcc/arm-none-eabi/12.3.1/../../../../arm-none-eabi/lib/thumb/v8-m.main/nofp\libcr_c.a(_deferredlazyseek.o)
                              c:/nxp/mcuxpressoide_11.9.0_2144/ide/plugins/com.nxp.mcuxpresso.tools.win32_11.9.0.202307121226/tools/bin/../lib/gcc/arm-none-eabi/12.3.1/../../../../arm-none-eabi/lib/thumb/v8-m.main/nofp\libcr_c.a(__fillbuf.o) (_deferredlazyseek)
[...]
Memory Configuration

Name             Origin             Length             Attributes
PROGRAM_FLASH    0x00000000         0x00020000         xr
SRAM             0x20000000         0x00006000         xrw
SRAMX0           0x04000000         0x00002000         xrw
SRAMX1           0x04002000         0x00001000         xrw
*default*        0x00000000         0xffffffff

Linker script and memory map

LOAD ./utilities/fsl_assert.o
LOAD ./utilities/fsl_debug_console.o
LOAD ./utilities/fsl_memcpy.o
LOAD ./utilities/fsl_str.o
LOAD ./startup/startup_mcxa153.o
LOAD ./source/main.o
LOAD ./source/semihost_hardfault.o
LOAD ./source/ws2812.o
LOAD ./drivers/fsl_clock.o
LOAD ./drivers/fsl_common.o
LOAD ./drivers/fsl_common_arm.o
LOAD ./drivers/fsl_edma.o
LOAD ./drivers/fsl_edma_soc.o
LOAD ./drivers/fsl_gpio.o
LOAD ./drivers/fsl_lpspi.o
LOAD ./drivers/fsl_lpspi_edma.o
LOAD ./drivers/fsl_lpuart.o
LOAD ./drivers/fsl_reset.o
LOAD ./drivers/fsl_spc.o
LOAD ./device/system_MCXA153.o
LOAD ./component/uart/fsl_adapter_lpuart.o
LOAD ./component/lists/fsl_component_generic_list.o
LOAD ./board/board.o
LOAD ./board/clock_config.o
LOAD ./board/pin_mux.o
START GROUP
LOAD c:/nxp/mcuxpressoide_11.9.0_2144/ide/plugins/com.nxp.mcuxpresso.tools.win32_11.9.0.202307121226/tools/bin/../lib/gcc/arm-none-eabi/12.3.1/../../../../arm-none-eabi/lib/thumb/v8-m.main/nofp\libcr_nohost_nf.a
LOAD c:/nxp/mcuxpressoide_11.9.0_2144/ide/plugins/com.nxp.mcuxpresso.tools.win32_11.9.0.202307121226/tools/bin/../lib/gcc/arm-none-eabi/12.3.1/../../../../arm-none-eabi/lib/thumb/v8-m.main/nofp\libcr_c.a
LOAD c:/nxp/mcuxpressoide_11.9.0_2144/ide/plugins/com.nxp.mcuxpresso.tools.win32_11.9.0.202307121226/tools/bin/../lib/gcc/arm-none-eabi/12.3.1/thumb/v8-m.main/nofp\libcr_eabihelpers.a
LOAD c:/nxp/mcuxpressoide_11.9.0_2144/ide/plugins/com.nxp.mcuxpresso.tools.win32_11.9.0.202307121226/tools/bin/../lib/gcc/arm-none-eabi/12.3.1/thumb/v8-m.main/nofp\libgcc.a
END GROUP
                0x00000000                        __base_PROGRAM_FLASH = 0x0
                0x00000000                        __base_Flash = 0x0
                0x00020000                        __top_PROGRAM_FLASH = 0x20000
                0x00020000                        __top_Flash = 0x20000
                0x20000000                        __base_SRAM = 0x20000000
                0x20000000                        __base_RAM = 0x20000000
                0x20006000                        __top_SRAM = 0x20006000
                0x20006000                        __top_RAM = 0x20006000
                0x04000000                        __base_SRAMX0 = 0x4000000
                0x04000000                        __base_RAM2 = 0x4000000
                0x04002000                        __top_SRAMX0 = 0x4002000
                0x04002000                        __top_RAM2 = 0x4002000
                0x04002000                        __base_SRAMX1 = 0x4002000
                0x04002000                        __base_RAM3 = 0x4002000
                0x04003000                        __top_SRAMX1 = 0x4003000
                0x04003000                        __top_RAM3 = 0x4003000

.text           0x00000000     0x63e4
 FILL mask 0xff
                0x00000000                        __vectors_start__ = ABSOLUTE (.)
 *(SORT_BY_ALIGNMENT(.isr_vector))
 .isr_vector    0x00000000      0x16c ./startup/startup_mcxa153.o
                0x00000000                g_pfnVectors
                0x00000000                __Vectors
                0x0000016c                        . = ALIGN (0x4)
                0x0000016c                        __section_table_start = .
                0x0000016c                        __data_section_table = .
                0x0000016c        0x4 LONG 0x63e4 LOADADDR (.data)
                0x00000170        0x4 LONG 0x20000000 ADDR (.data)
                0x00000174        0x4 LONG 0xc SIZEOF (.data)
                0x00000178        0x4 LONG 0x63e4 LOADADDR (.data_RAM2)
                0x0000017c        0x4 LONG 0x4000000 ADDR (.data_RAM2)
                0x00000180        0x4 LONG 0x0 SIZEOF (.data_RAM2)
                0x00000184        0x4 LONG 0x63e4 LOADADDR (.data_RAM3)
                0x00000188        0x4 LONG 0x4002000 ADDR (.data_RAM3)
                0x0000018c        0x4 LONG 0x0 SIZEOF (.data_RAM3)
                0x00000190                        __data_section_table_end = .
                0x00000190                        __bss_section_table = .
                0x00000190        0x4 LONG 0x2000000c ADDR (.bss)
                0x00000194        0x4 LONG 0x310 SIZEOF (.bss)
                0x00000198        0x4 LONG 0x4000000 ADDR (.bss_RAM2)
                0x0000019c        0x4 LONG 0x0 SIZEOF (.bss_RAM2)
                0x000001a0        0x4 LONG 0x4002000 ADDR (.bss_RAM3)
                0x000001a4        0x4 LONG 0x0 SIZEOF (.bss_RAM3)
                0x000001a8                        __bss_section_table_end = .
                0x000001a8                        __section_table_end = .
 *(SORT_BY_ALIGNMENT(.after_vectors*))
 .after_vectors.reset
                0x000001a8       0x68 ./startup/startup_mcxa153.o
                0x000001a8                ResetISR
 .after_vectors.init_data
                0x00000210       0x1c ./startup/startup_mcxa153.o
                0x00000210                data_init
 .after_vectors.init_bss
                0x0000022c       0x12 ./startup/startup_mcxa153.o
                0x0000022c                bss_init
 .after_vectors
                0x0000023e       0x16 ./startup/startup_mcxa153.o
                0x0000023e                NMI_Handler
                0x00000242                MemManage_Handler
                0x00000244                BusFault_Handler
                0x00000246                UsageFault_Handler
                0x00000248                SecureFault_Handler
                0x0000024a                SVC_Handler
                0x0000024c                DebugMon_Handler
                0x0000024e                PendSV_Handler
                0x00000252                LPTMR0_DriverIRQHandler
                0x00000252                FLEXPWM0_SUBMODULE1_DriverIRQHandler
                0x00000252                MBC0_DriverIRQHandler
                0x00000252                WAKETIMER0_DriverIRQHandler
                0x00000252                I3C0_DriverIRQHandler
                0x00000252                LPI2C0_DriverIRQHandler
                0x00000252                FLEXPWM0_RELOAD_ERROR_DriverIRQHandler
                0x00000252                QDC0_HOME_DriverIRQHandler
                0x00000252                Reserved82_DriverIRQHandler
                0x00000252                QDC0_WATCHDOG_DriverIRQHandler
                0x00000252                ERM0_MULTI_BIT_DriverIRQHandler
                0x00000252                Reserved36_DriverIRQHandler
                0x00000252                CTIMER2_DriverIRQHandler
                0x00000252                Reserved33_DriverIRQHandler
                0x00000252                CMP1_DriverIRQHandler
                0x00000252                IntDefaultHandler
                0x00000252                USB0_DriverIRQHandler
                0x00000252                QDC0_INDEX_DriverIRQHandler
                0x00000252                Reserved39_DriverIRQHandler
                0x00000252                Reserved41_DriverIRQHandler
                0x00000252                FLEXPWM0_SUBMODULE2_DriverIRQHandler
                0x00000252                WWDT0_DriverIRQHandler
                0x00000252                Reserved84_DriverIRQHandler
                0x00000252                FLEXPWM0_FAULT_DriverIRQHandler
                0x00000252                GPIO0_DriverIRQHandler
                0x00000252                Reserved38_DriverIRQHandler
                0x00000252                FREQME0_DriverIRQHandler
                0x00000252                Reserved22_DriverIRQHandler
                0x00000252                Reserved53_DriverIRQHandler
                0x00000252                Reserved35_DriverIRQHandler
                0x00000252                CTIMER0_DriverIRQHandler
                0x00000252                Reserved79_DriverIRQHandler
                0x00000252                Reserved24_DriverIRQHandler
                0x00000252                CTIMER1_DriverIRQHandler
                0x00000252                QDC0_COMPARE_DriverIRQHandler
                0x00000252                WUU0_DriverIRQHandler
                0x00000252                Reserved83_DriverIRQHandler
                0x00000252                Reserved72_DriverIRQHandler
                0x00000252                Reserved23_DriverIRQHandler
                0x00000252                Reserved65_DriverIRQHandler
                0x00000252                ERM0_SINGLE_BIT_DriverIRQHandler
                0x00000252                CMC_DriverIRQHandler
                0x00000252                Reserved51_DriverIRQHandler
                0x00000252                Reserved25_DriverIRQHandler
                0x00000252                UTICK0_DriverIRQHandler
                0x00000252                FMU0_DriverIRQHandler
                0x00000252                Reserved77_DriverIRQHandler
                0x00000252                Reserved16_DriverIRQHandler
                0x00000252                GPIO2_DriverIRQHandler
                0x00000252                Reserved85_DriverIRQHandler
                0x00000252                ADC0_DriverIRQHandler
                0x00000252                CMP0_DriverIRQHandler
                0x00000252                CDOG0_DriverIRQHandler
                0x00000252                Reserved59_DriverIRQHandler
                0x00000252                Reserved58_DriverIRQHandler
                0x00000252                SPC0_DriverIRQHandler
                0x00000252                GLIKEY0_DriverIRQHandler
                0x00000252                Reserved43_DriverIRQHandler
                0x00000252                Reserved46_DriverIRQHandler
                0x00000252                Reserved37_DriverIRQHandler
                0x00000252                Reserved86_DriverIRQHandler
                0x00000252                GPIO1_DriverIRQHandler
                0x00000252                FLEXPWM0_SUBMODULE0_DriverIRQHandler
                0x00000252                Reserved50_DriverIRQHandler
                0x00000252                OS_EVENT_DriverIRQHandler
                0x00000252                SCG0_DriverIRQHandler
                0x00000252                GPIO3_DriverIRQHandler
 *(SORT_BY_ALIGNMENT(.text*))
 *fill*         0x00000254        0x4 ff
 .text.LPSPI_MasterSetDelayTimes
                0x00000258      0x284 ./drivers/fsl_lpspi.o
                0x00000258                LPSPI_MasterSetDelayTimes
 .text.__assertion_failed
                0x000004dc       0x18 ./utilities/fsl_assert.o
                0x000004dc                __assertion_failed
 .text.DbgConsole_Init
                0x000004f4       0x88 ./utilities/fsl_debug_console.o
                0x000004f4                DbgConsole_Init
 .text.DbgConsole_Vprintf
                0x0000057c       0x3c ./utilities/fsl_debug_console.o
                0x0000057c                DbgConsole_Vprintf
 .text.DbgConsole_Putchar
                0x000005b8       0x30 ./utilities/fsl_debug_console.o
                0x000005b8                DbgConsole_Putchar
 .text.DbgConsole_Getchar
                0x000005e8       0x3c ./utilities/fsl_debug_console.o
                0x000005e8                DbgConsole_Getchar
 .text.DbgConsole_PrintfFormattedData
                0x00000624      0x3e0 ./utilities/fsl_debug_console.o
 .text          0x00000a04       0xa0 ./utilities/fsl_memcpy.o
                0x00000a04                memcpy
 .text.__NVIC_SetPriority
                0x00000aa4       0x54 ./source/main.o
 .text.SysTick_Config
                0x00000af8       0x44 ./source/main.o
 .text.EDMA_SetChannelMux
                0x00000b3c       0x38 ./source/main.o
 .text.SysTick_Handler
                0x00000b74       0x1c ./source/main.o
                0x00000b74                SysTick_Handler
 .text.system__delay_ms
                0x00000b90       0x2c ./source/main.o
                0x00000b90                system__delay_ms
 .text.LPSPI_MasterUserCallback
                0x00000bbc       0x30 ./source/main.o
                0x00000bbc                LPSPI_MasterUserCallback
 .text.main     0x00000bec      0x140 ./source/main.o
                0x00000bec                main
 .text.ledstrip_update
                0x00000d2c       0x60 ./source/main.o
                0x00000d2c                ledstrip_update
 .text.ledstrip_turn_off
                0x00000d8c       0x5c ./source/main.o
                0x00000d8c                ledstrip_turn_off
 .text.ledstrip__effect1
                0x00000de8       0x68 ./source/main.o
                0x00000de8                ledstrip__effect1
 .text.CLOCK_SetClockSelect
                0x00000e50       0x94 ./drivers/fsl_clock.o
                0x00000e50                CLOCK_SetClockSelect
 .text.CLOCK_SetClockDiv
                0x00000ee4       0x7c ./drivers/fsl_clock.o
                0x00000ee4                CLOCK_SetClockDiv
 .text.CLOCK_SetupFROHFClocking
                0x00000f60       0xf4 ./drivers/fsl_clock.o
                0x00000f60                CLOCK_SetupFROHFClocking
 .text.CLOCK_SetupFRO12MClocking
                0x00001054       0x54 ./drivers/fsl_clock.o
                0x00001054                CLOCK_SetupFRO12MClocking
 .text.CLOCK_GetFro12MFreq
                0x000010a8       0x28 ./drivers/fsl_clock.o
 .text.CLOCK_GetClk1MFreq
                0x000010d0       0x14 ./drivers/fsl_clock.o
 .text.CLOCK_GetFroHfFreq
                0x000010e4       0xc0 ./drivers/fsl_clock.o
 .text.CLOCK_GetClk16KFreq
                0x000011a4       0x44 ./drivers/fsl_clock.o
 .text.CLOCK_GetExtClkFreq
                0x000011e8       0x2c ./drivers/fsl_clock.o
 .text.CLOCK_GetMainClk
                0x00001214       0x68 ./drivers/fsl_clock.o
                0x00001214                CLOCK_GetMainClk
 .text.CLOCK_GetCoreSysClkFreq
                0x0000127c       0x20 ./drivers/fsl_clock.o
                0x0000127c                CLOCK_GetCoreSysClkFreq
 .text.CLOCK_GetLpspiClkFreq
                0x0000129c       0xbc ./drivers/fsl_clock.o
                0x0000129c                CLOCK_GetLpspiClkFreq
 .text.__NVIC_EnableIRQ
                0x00001358       0x38 ./drivers/fsl_edma.o
 .text.CLOCK_EnableClock
                0x00001390       0x88 ./drivers/fsl_edma.o
 .text.EDMA_SetChannelMux
                0x00001418       0x38 ./drivers/fsl_edma.o
 .text.EDMA_EnableChannelMasterIDReplication
                0x00001450       0x70 ./drivers/fsl_edma.o
 .text.EDMA_SetChannelProtectionLevel
                0x000014c0       0x70 ./drivers/fsl_edma.o
 .text.EDMA_GetInstance
                0x00001530       0x44 ./drivers/fsl_edma.o
 .text.EDMA_Init
                0x00001574       0xc8 ./drivers/fsl_edma.o
                0x00001574                EDMA_Init
 .text.EDMA_InitChannel
                0x0000163c       0x64 ./drivers/fsl_edma.o
                0x0000163c                EDMA_InitChannel
 .text.EDMA_GetDefaultConfig
                0x000016a0       0x48 ./drivers/fsl_edma.o
                0x000016a0                EDMA_GetDefaultConfig
 .text.EDMA_ResetChannel
                0x000016e8       0x40 ./drivers/fsl_edma.o
                0x000016e8                EDMA_ResetChannel
 .text.EDMA_SetTransferConfig
                0x00001728       0x60 ./drivers/fsl_edma.o
                0x00001728                EDMA_SetTransferConfig
 .text.EDMA_SetChannelPreemptionConfig
                0x00001788       0x6c ./drivers/fsl_edma.o
                0x00001788                EDMA_SetChannelPreemptionConfig
 .text.EDMA_TcdReset
                0x000017f4       0x78 ./drivers/fsl_edma.o
                0x000017f4                EDMA_TcdReset
 .text.EDMA_TcdSetTransferConfig
                0x0000186c       0x74 ./drivers/fsl_edma.o
                0x0000186c                EDMA_TcdSetTransferConfig
 .text.EDMA_ConfigChannelSoftwareTCD
                0x000018e0      0x3a8 ./drivers/fsl_edma.o
                0x000018e0                EDMA_ConfigChannelSoftwareTCD
 .text.EDMA_EnableChannelInterrupts
                0x00001c88       0xac ./drivers/fsl_edma.o
                0x00001c88                EDMA_EnableChannelInterrupts
 .text.EDMA_ClearChannelStatusFlags
                0x00001d34       0x94 ./drivers/fsl_edma.o
                0x00001d34                EDMA_ClearChannelStatusFlags
 .text.EDMA_CreateHandle
                0x00001dc8       0xec ./drivers/fsl_edma.o
                0x00001dc8                EDMA_CreateHandle
 .text.EDMA_SetCallback
                0x00001eb4       0x30 ./drivers/fsl_edma.o
                0x00001eb4                EDMA_SetCallback
 .text.EDMA_StartTransfer
                0x00001ee4       0x98 ./drivers/fsl_edma.o
                0x00001ee4                EDMA_StartTransfer
 .text.EDMA_HandleIRQ
                0x00001f7c      0x1a4 ./drivers/fsl_edma.o
                0x00001f7c                EDMA_HandleIRQ
 .text.EDMA_DriverIRQHandler
                0x00002120       0x48 ./drivers/fsl_edma.o
                0x00002120                EDMA_DriverIRQHandler
 .text.CLOCK_EnableClock
                0x00002168       0x88 ./drivers/fsl_lpspi.o
 .text.LPSPI_GetInstance
                0x000021f0       0x50 ./drivers/fsl_lpspi.o
                0x000021f0                LPSPI_GetInstance
 .text.LPSPI_SetDummyData
                0x00002240       0x2c ./drivers/fsl_lpspi.o
                0x00002240                LPSPI_SetDummyData
 .text.LPSPI_MasterInit
                0x0000226c      0x144 ./drivers/fsl_lpspi.o
                0x0000226c                LPSPI_MasterInit
 .text.LPSPI_MasterGetDefaultConfig
                0x000023b0       0x98 ./drivers/fsl_lpspi.o
                0x000023b0                LPSPI_MasterGetDefaultConfig
 .text.LPSPI_MasterSetBaudRate
                0x00002448      0x100 ./drivers/fsl_lpspi.o
                0x00002448                LPSPI_MasterSetBaudRate
 .text.LPSPI_MasterSetDelayScaler
                0x00002548       0xb4 ./drivers/fsl_lpspi.o
                0x00002548                LPSPI_MasterSetDelayScaler
 .text.LPSPI_CheckTransferArgument
                0x000025fc       0xf0 ./drivers/fsl_lpspi.o
                0x000025fc                LPSPI_CheckTransferArgument
 .text.LPSPI_CommonIRQHandler
                0x000026ec       0x3c ./drivers/fsl_lpspi.o
 .text.LPSPI0_DriverIRQHandler
                0x00002728       0x30 ./drivers/fsl_lpspi.o
                0x00002728                LPSPI0_DriverIRQHandler
 .text.LPSPI1_DriverIRQHandler
                0x00002758       0x30 ./drivers/fsl_lpspi.o
                0x00002758                LPSPI1_DriverIRQHandler
 .text.LPSPI_SeparateEdmaReadData
                0x00002788      0x108 ./drivers/fsl_lpspi_edma.o
 .text.LPSPI_MasterTransferCreateHandleEDMA
                0x00002890       0x8c ./drivers/fsl_lpspi_edma.o
                0x00002890                LPSPI_MasterTransferCreateHandleEDMA
 .text.LPSPI_PrepareTransferEDMA
                0x0000291c       0x38 ./drivers/fsl_lpspi_edma.o
 .text.LPSPI_MasterTransferPrepareEDMALite
                0x00002954      0x154 ./drivers/fsl_lpspi_edma.o
                0x00002954                LPSPI_MasterTransferPrepareEDMALite
 .text.LPSPI_MasterTransferEDMALite
                0x00002aa8      0x508 ./drivers/fsl_lpspi_edma.o
                0x00002aa8                LPSPI_MasterTransferEDMALite
 .text.EDMA_LpspiMasterCallback
                0x00002fb0       0xd8 ./drivers/fsl_lpspi_edma.o
 .text.CLOCK_EnableClock
                0x00003088       0x88 ./drivers/fsl_lpuart.o
 .text.LPUART_GetInstance
                0x00003110       0x4c ./drivers/fsl_lpuart.o
                0x00003110                LPUART_GetInstance
 .text.LPUART_Init
                0x0000315c      0x338 ./drivers/fsl_lpuart.o
                0x0000315c                LPUART_Init
 .text.LPUART_GetDefaultConfig
                0x00003494       0x88 ./drivers/fsl_lpuart.o
                0x00003494                LPUART_GetDefaultConfig
 .text.LPUART_GetStatusFlags
                0x0000351c       0x38 ./drivers/fsl_lpuart.o
                0x0000351c                LPUART_GetStatusFlags
 .text.LPUART_ClearStatusFlags
                0x00003554       0x7c ./drivers/fsl_lpuart.o
                0x00003554                LPUART_ClearStatusFlags
 .text.LPUART_WriteBlocking
                0x000035d0       0x68 ./drivers/fsl_lpuart.o
                0x000035d0                LPUART_WriteBlocking
 .text.LPUART_ReadBlocking
                0x00003638      0x160 ./drivers/fsl_lpuart.o
                0x00003638                LPUART_ReadBlocking
 .text.LPUART0_DriverIRQHandler
                0x00003798       0x24 ./drivers/fsl_lpuart.o
                0x00003798                LPUART0_DriverIRQHandler
 .text.LPUART1_DriverIRQHandler
                0x000037bc       0x24 ./drivers/fsl_lpuart.o
                0x000037bc                LPUART1_DriverIRQHandler
 .text.LPUART2_DriverIRQHandler
                0x000037e0       0x24 ./drivers/fsl_lpuart.o
                0x000037e0                LPUART2_DriverIRQHandler
 .text.RESET_SetPeripheralReset
                0x00003804       0xb4 ./drivers/fsl_reset.o
                0x00003804                RESET_SetPeripheralReset
 .text.RESET_ClearPeripheralReset
                0x000038b8       0x98 ./drivers/fsl_reset.o
                0x000038b8                RESET_ClearPeripheralReset
 .text.SPC_SetSRAMOperateVoltage
                0x00003950       0x64 ./drivers/fsl_spc.o
                0x00003950                SPC_SetSRAMOperateVoltage
 .text.SPC_SetActiveModeCoreLDORegulatorConfig
                0x000039b4       0xbc ./drivers/fsl_spc.o
                0x000039b4                SPC_SetActiveModeCoreLDORegulatorConfig
 .text.SystemInit
                0x00003a70       0x64 ./device/system_MCXA153.o
                0x00003a70                SystemInit
 .text.HAL_UartInitCommon
                0x00003ad4       0xe0 ./component/uart/fsl_adapter_lpuart.o
 .text.HAL_UartInit
                0x00003bb4       0x84 ./component/uart/fsl_adapter_lpuart.o
                0x00003bb4                HAL_UartInit
 .text.HAL_UartReceiveBlocking
                0x00003c38       0x6c ./component/uart/fsl_adapter_lpuart.o
                0x00003c38                HAL_UartReceiveBlocking
 .text.HAL_UartSendBlocking
                0x00003ca4       0x64 ./component/uart/fsl_adapter_lpuart.o
                0x00003ca4                HAL_UartSendBlocking
 .text.BOARD_InitDebugConsole
                0x00003d08       0x30 ./board/board.o
                0x00003d08                BOARD_InitDebugConsole
 .text.BOARD_BootClockFRO96M
                0x00003d38       0xd0 ./board/clock_config.o
                0x00003d38                BOARD_BootClockFRO96M
 .text.CLOCK_EnableClock
                0x00003e08       0x88 ./board/pin_mux.o
 .text.PORT_SetPinConfig
                0x00003e90       0x38 ./board/pin_mux.o
 .text.BOARD_InitPins
                0x00003ec8      0x1dc ./board/pin_mux.o
                0x00003ec8                BOARD_InitPins
 .text._initio  0x000040a4       0x78 c:/nxp/mcuxpressoide_11.9.0_2144/ide/plugins/com.nxp.mcuxpresso.tools.win32_11.9.0.202307121226/tools/bin/../lib/gcc/arm-none-eabi/12.3.1/../../../../arm-none-eabi/lib/thumb/v8-m.main/nofp\libcr_c.a(initio.o)
                0x000040a4                _initio
 .text._Cwritebuf
                0x0000411c       0x6c c:/nxp/mcuxpressoide_11.9.0_2144/ide/plugins/com.nxp.mcuxpresso.tools.win32_11.9.0.202307121226/tools/bin/../lib/gcc/arm-none-eabi/12.3.1/../../../../arm-none-eabi/lib/thumb/v8-m.main/nofp\libcr_c.a(_writebuf.o)
                0x0000411c                _Cwritebuf
 .text.fflush   0x00004188       0x3c c:/nxp/mcuxpressoide_11.9.0_2144/ide/plugins/com.nxp.mcuxpresso.tools.win32_11.9.0.202307121226/tools/bin/../lib/gcc/arm-none-eabi/12.3.1/../../../../arm-none-eabi/lib/thumb/v8-m.main/nofp\libcr_c.a(fflush.o)
                0x00004188                fflush
 .text.fseek    0x000041c4       0xf8 c:/nxp/mcuxpressoide_11.9.0_2144/ide/plugins/com.nxp.mcuxpresso.tools.win32_11.9.0.202307121226/tools/bin/../lib/gcc/arm-none-eabi/12.3.1/../../../../arm-none-eabi/lib/thumb/v8-m.main/nofp\libcr_c.a(fseek.o)
                0x000041c4                fseek
 .text.ftell    0x000042bc       0x44 c:/nxp/mcuxpressoide_11.9.0_2144/ide/plugins/com.nxp.mcuxpresso.tools.win32_11.9.0.202307121226/tools/bin/../lib/gcc/arm-none-eabi/12.3.1/../../../../arm-none-eabi/lib/thumb/v8-m.main/nofp\libcr_c.a(ftell.o)
                0x000042bc                ftell
 .text.DbgConsole_Printf
                0x00004300       0x2c ./utilities/fsl_debug_console.o
                0x00004300                DbgConsole_Printf
 .text.DbgConsole_PrintfPaddingCharacter
                0x0000432c       0x40 ./utilities/fsl_debug_console.o
 .text.DbgConsole_ConvertRadixNumToString
                0x0000436c       0xc0 ./utilities/fsl_debug_console.o
 .text.Reserved16_IRQHandler
                0x0000442c        0x8 ./startup/startup_mcxa153.o
                0x0000442c                Reserved16_IRQHandler
 .text.CMC_IRQHandler
                0x00004434        0x8 ./startup/startup_mcxa153.o
                0x00004434                CMC_IRQHandler
 .text.DMA_CH0_IRQHandler
                0x0000443c        0x8 ./startup/startup_mcxa153.o
                0x0000443c                DMA_CH0_IRQHandler
 .text.DMA_CH1_IRQHandler
                0x00004444        0x8 ./startup/startup_mcxa153.o
                0x00004444                DMA_CH1_IRQHandler
 .text.DMA_CH2_IRQHandler
                0x0000444c        0x8 ./startup/startup_mcxa153.o
                0x0000444c                DMA_CH2_IRQHandler
 .text.DMA_CH3_IRQHandler
                0x00004454        0x8 ./startup/startup_mcxa153.o
                0x00004454                DMA_CH3_IRQHandler
 .text.Reserved22_IRQHandler
                0x0000445c        0x8 ./startup/startup_mcxa153.o
                0x0000445c                Reserved22_IRQHandler
 .text.Reserved23_IRQHandler
                0x00004464        0x8 ./startup/startup_mcxa153.o
                0x00004464                Reserved23_IRQHandler
 .text.Reserved24_IRQHandler
                0x0000446c        0x8 ./startup/startup_mcxa153.o
                0x0000446c                Reserved24_IRQHandler
 .text.Reserved25_IRQHandler
                0x00004474        0x8 ./startup/startup_mcxa153.o
                0x00004474                Reserved25_IRQHandler
 .text.ERM0_SINGLE_BIT_IRQHandler
                0x0000447c        0x8 ./startup/startup_mcxa153.o
                0x0000447c                ERM0_SINGLE_BIT_IRQHandler
 .text.ERM0_MULTI_BIT_IRQHandler
                0x00004484        0x8 ./startup/startup_mcxa153.o
                0x00004484                ERM0_MULTI_BIT_IRQHandler
 .text.FMU0_IRQHandler
                0x0000448c        0x8 ./startup/startup_mcxa153.o
                0x0000448c                FMU0_IRQHandler
 .text.GLIKEY0_IRQHandler
                0x00004494        0x8 ./startup/startup_mcxa153.o
                0x00004494                GLIKEY0_IRQHandler
 .text.MBC0_IRQHandler
                0x0000449c        0x8 ./startup/startup_mcxa153.o
                0x0000449c                MBC0_IRQHandler
 .text.SCG0_IRQHandler
                0x000044a4        0x8 ./startup/startup_mcxa153.o
                0x000044a4                SCG0_IRQHandler
 .text.SPC0_IRQHandler
                0x000044ac        0x8 ./startup/startup_mcxa153.o
                0x000044ac                SPC0_IRQHandler
 .text.Reserved33_IRQHandler
                0x000044b4        0x8 ./startup/startup_mcxa153.o
                0x000044b4                Reserved33_IRQHandler
 .text.WUU0_IRQHandler
                0x000044bc        0x8 ./startup/startup_mcxa153.o
                0x000044bc                WUU0_IRQHandler
 .text.Reserved35_IRQHandler
                0x000044c4        0x8 ./startup/startup_mcxa153.o
                0x000044c4                Reserved35_IRQHandler
 .text.Reserved36_IRQHandler
                0x000044cc        0x8 ./startup/startup_mcxa153.o
                0x000044cc                Reserved36_IRQHandler
 .text.Reserved37_IRQHandler
                0x000044d4        0x8 ./startup/startup_mcxa153.o
                0x000044d4                Reserved37_IRQHandler
 .text.Reserved38_IRQHandler
                0x000044dc        0x8 ./startup/startup_mcxa153.o
                0x000044dc                Reserved38_IRQHandler
 .text.Reserved39_IRQHandler
                0x000044e4        0x8 ./startup/startup_mcxa153.o
                0x000044e4                Reserved39_IRQHandler
 .text.I3C0_IRQHandler
                0x000044ec        0x8 ./startup/startup_mcxa153.o
                0x000044ec                I3C0_IRQHandler
 .text.Reserved41_IRQHandler
                0x000044f4        0x8 ./startup/startup_mcxa153.o
                0x000044f4                Reserved41_IRQHandler
 .text.LPI2C0_IRQHandler
                0x000044fc        0x8 ./startup/startup_mcxa153.o
                0x000044fc                LPI2C0_IRQHandler
 .text.Reserved43_IRQHandler
                0x00004504        0x8 ./startup/startup_mcxa153.o
                0x00004504                Reserved43_IRQHandler
 .text.LPSPI0_IRQHandler
                0x0000450c        0x8 ./startup/startup_mcxa153.o
                0x0000450c                LPSPI0_IRQHandler
 .text.LPSPI1_IRQHandler
                0x00004514        0x8 ./startup/startup_mcxa153.o
                0x00004514                LPSPI1_IRQHandler
 .text.Reserved46_IRQHandler
                0x0000451c        0x8 ./startup/startup_mcxa153.o
                0x0000451c                Reserved46_IRQHandler
 .text.LPUART0_IRQHandler
                0x00004524        0x8 ./startup/startup_mcxa153.o
                0x00004524                LPUART0_IRQHandler
 .text.LPUART1_IRQHandler
                0x0000452c        0x8 ./startup/startup_mcxa153.o
                0x0000452c                LPUART1_IRQHandler
 .text.LPUART2_IRQHandler
                0x00004534        0x8 ./startup/startup_mcxa153.o
                0x00004534                LPUART2_IRQHandler
 .text.Reserved50_IRQHandler
                0x0000453c        0x8 ./startup/startup_mcxa153.o
                0x0000453c                Reserved50_IRQHandler
 .text.Reserved51_IRQHandler
                0x00004544        0x8 ./startup/startup_mcxa153.o
                0x00004544                Reserved51_IRQHandler
 .text.USB0_IRQHandler
                0x0000454c        0x8 ./startup/startup_mcxa153.o
                0x0000454c                USB0_IRQHandler
 .text.Reserved53_IRQHandler
                0x00004554        0x8 ./startup/startup_mcxa153.o
                0x00004554                Reserved53_IRQHandler
 .text.CDOG0_IRQHandler
                0x0000455c        0x8 ./startup/startup_mcxa153.o
                0x0000455c                CDOG0_IRQHandler
 .text.CTIMER0_IRQHandler
                0x00004564        0x8 ./startup/startup_mcxa153.o
                0x00004564                CTIMER0_IRQHandler
 .text.CTIMER1_IRQHandler
                0x0000456c        0x8 ./startup/startup_mcxa153.o
                0x0000456c                CTIMER1_IRQHandler
 .text.CTIMER2_IRQHandler
                0x00004574        0x8 ./startup/startup_mcxa153.o
                0x00004574                CTIMER2_IRQHandler
 .text.Reserved58_IRQHandler
                0x0000457c        0x8 ./startup/startup_mcxa153.o
                0x0000457c                Reserved58_IRQHandler
 .text.Reserved59_IRQHandler
                0x00004584        0x8 ./startup/startup_mcxa153.o
                0x00004584                Reserved59_IRQHandler
 .text.FLEXPWM0_RELOAD_ERROR_IRQHandler
                0x0000458c        0x8 ./startup/startup_mcxa153.o
                0x0000458c                FLEXPWM0_RELOAD_ERROR_IRQHandler
 .text.FLEXPWM0_FAULT_IRQHandler
                0x00004594        0x8 ./startup/startup_mcxa153.o
                0x00004594                FLEXPWM0_FAULT_IRQHandler
 .text.FLEXPWM0_SUBMODULE0_IRQHandler
                0x0000459c        0x8 ./startup/startup_mcxa153.o
                0x0000459c                FLEXPWM0_SUBMODULE0_IRQHandler
 .text.FLEXPWM0_SUBMODULE1_IRQHandler
                0x000045a4        0x8 ./startup/startup_mcxa153.o
                0x000045a4                FLEXPWM0_SUBMODULE1_IRQHandler
 .text.FLEXPWM0_SUBMODULE2_IRQHandler
                0x000045ac        0x8 ./startup/startup_mcxa153.o
                0x000045ac                FLEXPWM0_SUBMODULE2_IRQHandler
 .text.Reserved65_IRQHandler
                0x000045b4        0x8 ./startup/startup_mcxa153.o
                0x000045b4                Reserved65_IRQHandler
 .text.QDC0_COMPARE_IRQHandler
                0x000045bc        0x8 ./startup/startup_mcxa153.o
                0x000045bc                QDC0_COMPARE_IRQHandler
 .text.QDC0_HOME_IRQHandler
                0x000045c4        0x8 ./startup/startup_mcxa153.o
                0x000045c4                QDC0_HOME_IRQHandler
 .text.QDC0_WATCHDOG_IRQHandler
                0x000045cc        0x8 ./startup/startup_mcxa153.o
                0x000045cc                QDC0_WATCHDOG_IRQHandler
 .text.QDC0_INDEX_IRQHandler
                0x000045d4        0x8 ./startup/startup_mcxa153.o
                0x000045d4                QDC0_INDEX_IRQHandler
 .text.FREQME0_IRQHandler
                0x000045dc        0x8 ./startup/startup_mcxa153.o
                0x000045dc                FREQME0_IRQHandler
 .text.LPTMR0_IRQHandler
                0x000045e4        0x8 ./startup/startup_mcxa153.o
                0x000045e4                LPTMR0_IRQHandler
 .text.Reserved72_IRQHandler
                0x000045ec        0x8 ./startup/startup_mcxa153.o
                0x000045ec                Reserved72_IRQHandler
 .text.OS_EVENT_IRQHandler
                0x000045f4        0x8 ./startup/startup_mcxa153.o
                0x000045f4                OS_EVENT_IRQHandler
 .text.WAKETIMER0_IRQHandler
                0x000045fc        0x8 ./startup/startup_mcxa153.o
                0x000045fc                WAKETIMER0_IRQHandler
 .text.UTICK0_IRQHandler
                0x00004604        0x8 ./startup/startup_mcxa153.o
                0x00004604                UTICK0_IRQHandler
 .text.WWDT0_IRQHandler
                0x0000460c        0x8 ./startup/startup_mcxa153.o
                0x0000460c                WWDT0_IRQHandler
 .text.Reserved77_IRQHandler
                0x00004614        0x8 ./startup/startup_mcxa153.o
                0x00004614                Reserved77_IRQHandler
 .text.ADC0_IRQHandler
                0x0000461c        0x8 ./startup/startup_mcxa153.o
                0x0000461c                ADC0_IRQHandler
 .text.Reserved79_IRQHandler
                0x00004624        0x8 ./startup/startup_mcxa153.o
                0x00004624                Reserved79_IRQHandler
 .text.CMP0_IRQHandler
                0x0000462c        0x8 ./startup/startup_mcxa153.o
                0x0000462c                CMP0_IRQHandler
 .text.CMP1_IRQHandler
                0x00004634        0x8 ./startup/startup_mcxa153.o
                0x00004634                CMP1_IRQHandler
 .text.Reserved82_IRQHandler
                0x0000463c        0x8 ./startup/startup_mcxa153.o
                0x0000463c                Reserved82_IRQHandler
 .text.Reserved83_IRQHandler
                0x00004644        0x8 ./startup/startup_mcxa153.o
                0x00004644                Reserved83_IRQHandler
 .text.Reserved84_IRQHandler
                0x0000464c        0x8 ./startup/startup_mcxa153.o
                0x0000464c                Reserved84_IRQHandler
 .text.Reserved85_IRQHandler
                0x00004654        0x8 ./startup/startup_mcxa153.o
                0x00004654                Reserved85_IRQHandler
 .text.Reserved86_IRQHandler
                0x0000465c        0x8 ./startup/startup_mcxa153.o
                0x0000465c                Reserved86_IRQHandler
 .text.GPIO0_IRQHandler
                0x00004664        0x8 ./startup/startup_mcxa153.o
                0x00004664                GPIO0_IRQHandler
 .text.GPIO1_IRQHandler
                0x0000466c        0x8 ./startup/startup_mcxa153.o
                0x0000466c                GPIO1_IRQHandler
 .text.GPIO2_IRQHandler
                0x00004674        0x8 ./startup/startup_mcxa153.o
                0x00004674                GPIO2_IRQHandler
 .text.GPIO3_IRQHandler
                0x0000467c        0x8 ./startup/startup_mcxa153.o
                0x0000467c                GPIO3_IRQHandler
 .text.HardFault_Handler
                0x00004684       0x36 ./source/semihost_hardfault.o
                0x00004684                HardFault_Handler
 .text.ws2812_serialize_color
                0x000046ba       0x4e ./source/ws2812.o
 .text.ws2812_serialize_strip
                0x00004708       0x86 ./source/ws2812.o
                0x00004708                ws2812_serialize_strip
 .text.CLOCK_IsDivHalt
                0x0000478e       0x22 ./drivers/fsl_clock.o
 .text.CLOCK_AttachClk
                0x000047b0       0x30 ./drivers/fsl_clock.o
                0x000047b0                CLOCK_AttachClk
 .text.RESET_ReleasePeripheralReset
                0x000047e0       0x1a ./drivers/fsl_edma.o
 .text.EnableIRQ
                0x000047fa       0x32 ./drivers/fsl_edma.o
 .text.DMA_CH0_DriverIRQHandler
                0x0000482c       0x10 ./drivers/fsl_edma_soc.o
                0x0000482c                DMA_CH0_DriverIRQHandler
 .text.DMA_CH1_DriverIRQHandler
                0x0000483c       0x10 ./drivers/fsl_edma_soc.o
                0x0000483c                DMA_CH1_DriverIRQHandler
 .text.DMA_CH2_DriverIRQHandler
                0x0000484c       0x10 ./drivers/fsl_edma_soc.o
                0x0000484c                DMA_CH2_DriverIRQHandler
 .text.DMA_CH3_DriverIRQHandler
                0x0000485c       0x10 ./drivers/fsl_edma_soc.o
                0x0000485c                DMA_CH3_DriverIRQHandler
 .text.LPSPI_Enable
                0x0000486c       0x4a ./drivers/fsl_lpspi.o
 .text.LPSPI_SetMasterSlaveMode
                0x000048b6       0x2a ./drivers/fsl_lpspi.o
 .text.LPSPI_IsMaster
                0x000048e0       0x24 ./drivers/fsl_lpspi.o
 .text.LPSPI_SetFifoWatermarks
                0x00004904       0x2a ./drivers/fsl_lpspi.o
 .text.LPSPI_SetOnePcsPolarity
                0x0000492e       0x42 ./drivers/fsl_lpspi.o
 .text.LPSPI_Enable
                0x00004970       0x4a ./drivers/fsl_lpspi_edma.o
 .text.LPSPI_GetRxFifoSize
                0x000049ba       0x22 ./drivers/fsl_lpspi_edma.o
 .text.LPSPI_GetRxFifoCount
                0x000049dc       0x1c ./drivers/fsl_lpspi_edma.o
 .text.LPSPI_ClearStatusFlags
                0x000049f8       0x1a ./drivers/fsl_lpspi_edma.o
 .text.LPSPI_DisableInterrupts
                0x00004a12       0x22 ./drivers/fsl_lpspi_edma.o
 .text.LPSPI_EnableDMA
                0x00004a34       0x20 ./drivers/fsl_lpspi_edma.o
 .text.LPSPI_DisableDMA
                0x00004a54       0x22 ./drivers/fsl_lpspi_edma.o
 .text.LPSPI_GetTxRegisterAddress
                0x00004a76       0x16 ./drivers/fsl_lpspi_edma.o
 .text.LPSPI_GetRxRegisterAddress
                0x00004a8c       0x16 ./drivers/fsl_lpspi_edma.o
 .text.LPSPI_FlushFifo
                0x00004aa2       0x2e ./drivers/fsl_lpspi_edma.o
 .text.LPSPI_SetFifoWatermarks
                0x00004ad0       0x2a ./drivers/fsl_lpspi_edma.o
 .text.LPSPI_ReadData
                0x00004afa       0x16 ./drivers/fsl_lpspi_edma.o
 .text.RESET_ReleasePeripheralReset
                0x00004b10       0x1a ./drivers/fsl_lpuart.o
 .text.LPUART_SoftwareReset
                0x00004b2a       0x2a ./drivers/fsl_lpuart.o
 .text.RESET_PeripheralReset
                0x00004b54       0x22 ./drivers/fsl_reset.o
                0x00004b54                RESET_PeripheralReset
 .text.SPC_GetActiveModeBandgapMode
                0x00004b76       0x20 ./drivers/fsl_spc.o
 .text.SPC_GetActiveModeVoltageDetectStatus
                0x00004b96       0x20 ./drivers/fsl_spc.o
 .text.SPC_GetActiveModeCoreLDOVDDVoltageLevel
                0x00004bb6       0x20 ./drivers/fsl_spc.o
 .text.SPC_GetActiveModeCoreLDODriveStrength
                0x00004bd6       0x20 ./drivers/fsl_spc.o
 .text.SPC_SetActiveModeCoreLDORegulatorVoltageLevel
                0x00004bf6       0x32 ./drivers/fsl_spc.o
                0x00004bf6                SPC_SetActiveModeCoreLDORegulatorVoltageLevel
 .text.SPC_SetActiveModeCoreLDORegulatorDriveStrength
                0x00004c28       0x5e ./drivers/fsl_spc.o
                0x00004c28                SPC_SetActiveModeCoreLDORegulatorDriveStrength
 .text.SystemInitHook
                0x00004c86        0xc ./device/system_MCXA153.o
                0x00004c86                SystemInitHook
 .text.HAL_UartGetStatus
                0x00004c92       0x26 ./component/uart/fsl_adapter_lpuart.o
 .text.BOARD_InitBootClocks
                0x00004cb8        0xc ./board/clock_config.o
                0x00004cb8                BOARD_InitBootClocks
 .text.RESET_ReleasePeripheralReset
                0x00004cc4       0x1a ./board/pin_mux.o
 .text.__main   0x00004cde        0xe c:/nxp/mcuxpressoide_11.9.0_2144/ide/plugins/com.nxp.mcuxpresso.tools.win32_11.9.0.202307121226/tools/bin/../lib/gcc/arm-none-eabi/12.3.1/../../../../arm-none-eabi/lib/thumb/v8-m.main/nofp\libcr_nohost_nf.a(_cr__main.o)
                0x00004cde                __main
 .text.memset   0x00004cec        0x4 c:/nxp/mcuxpressoide_11.9.0_2144/ide/plugins/com.nxp.mcuxpresso.tools.win32_11.9.0.202307121226/tools/bin/../lib/gcc/arm-none-eabi/12.3.1/../../../../arm-none-eabi/lib/thumb/v8-m.main/nofp\libcr_c.a(memset.o)
                0x00004cec                memset
 .text.free     0x00004cf0       0x30 c:/nxp/mcuxpressoide_11.9.0_2144/ide/plugins/com.nxp.mcuxpresso.tools.win32_11.9.0.202307121226/tools/bin/../lib/gcc/arm-none-eabi/12.3.1/../../../../arm-none-eabi/lib/thumb/v8-m.main/nofp\libcr_c.a(alloc.o)
                0x00004cf0                free
 .text.setvbuf  0x00004d20       0x3e c:/nxp/mcuxpressoide_11.9.0_2144/ide/plugins/com.nxp.mcuxpresso.tools.win32_11.9.0.202307121226/tools/bin/../lib/gcc/arm-none-eabi/12.3.1/../../../../arm-none-eabi/lib/thumb/v8-m.main/nofp\libcr_c.a(setvbuf.o)
                0x00004d20                setvbuf
 .text.strlen   0x00004d5e       0x4e c:/nxp/mcuxpressoide_11.9.0_2144/ide/plugins/com.nxp.mcuxpresso.tools.win32_11.9.0.202307121226/tools/bin/../lib/gcc/arm-none-eabi/12.3.1/../../../../arm-none-eabi/lib/thumb/v8-m.main/nofp\libcr_c.a(strlen.o)
                0x00004d5e                strlen
 .text._deferredlazyseek
                0x00004dac       0x40 c:/nxp/mcuxpressoide_11.9.0_2144/ide/plugins/com.nxp.mcuxpresso.tools.win32_11.9.0.202307121226/tools/bin/../lib/gcc/arm-none-eabi/12.3.1/../../../../arm-none-eabi/lib/thumb/v8-m.main/nofp\libcr_c.a(_deferredlazyseek.o)
                0x00004dac                _deferredlazyseek
 .text._fdopen  0x00004dec       0x68 c:/nxp/mcuxpressoide_11.9.0_2144/ide/plugins/com.nxp.mcuxpresso.tools.win32_11.9.0.202307121226/tools/bin/../lib/gcc/arm-none-eabi/12.3.1/../../../../arm-none-eabi/lib/thumb/v8-m.main/nofp\libcr_c.a(_fdopen.o)
                0x00004dec                _fdopen
 .text._fflush  0x00004e54       0x52 c:/nxp/mcuxpressoide_11.9.0_2144/ide/plugins/com.nxp.mcuxpresso.tools.win32_11.9.0.202307121226/tools/bin/../lib/gcc/arm-none-eabi/12.3.1/../../../../arm-none-eabi/lib/thumb/v8-m.main/nofp\libcr_c.a(_fflush.o)
                0x00004e54                _fflush
 .text.fclose   0x00004ea6       0x58 c:/nxp/mcuxpressoide_11.9.0_2144/ide/plugins/com.nxp.mcuxpresso.tools.win32_11.9.0.202307121226/tools/bin/../lib/gcc/arm-none-eabi/12.3.1/../../../../arm-none-eabi/lib/thumb/v8-m.main/nofp\libcr_c.a(fclose.o)
                0x00004ea6                fclose
 .text.remove   0x00004efe       0x14 c:/nxp/mcuxpressoide_11.9.0_2144/ide/plugins/com.nxp.mcuxpresso.tools.win32_11.9.0.202307121226/tools/bin/../lib/gcc/arm-none-eabi/12.3.1/../../../../arm-none-eabi/lib/thumb/v8-m.main/nofp\libcr_c.a(remove.o)
                0x00004efe                remove
 .text._do_fflush
                0x00004f12       0x40 c:/nxp/mcuxpressoide_11.9.0_2144/ide/plugins/com.nxp.mcuxpresso.tools.win32_11.9.0.202307121226/tools/bin/../lib/gcc/arm-none-eabi/12.3.1/../../../../arm-none-eabi/lib/thumb/v8-m.main/nofp\libcr_c.a(_do_fflush.o)
                0x00004f12                _do_fflush
 .text.__aeabi_division_uldivmod
                0x00004f52      0x174 c:/nxp/mcuxpressoide_11.9.0_2144/ide/plugins/com.nxp.mcuxpresso.tools.win32_11.9.0.202307121226/tools/bin/../lib/gcc/arm-none-eabi/12.3.1/thumb/v8-m.main/nofp\libcr_eabihelpers.a(division_64.o)
                0x00004f52                __aeabi_uldivmod
                0x00004f56                __bhs_ldivmod1
 .text.__aeabi_division_idiv0
                0x000050c6        0x2 c:/nxp/mcuxpressoide_11.9.0_2144/ide/plugins/com.nxp.mcuxpresso.tools.win32_11.9.0.202307121226/tools/bin/../lib/gcc/arm-none-eabi/12.3.1/thumb/v8-m.main/nofp\libcr_eabihelpers.a(division_idiv0.o)
                0x000050c6                __aeabi_idiv0
 .text.__aeabi_memset_lowlevel
                0x000050c8       0x32 c:/nxp/mcuxpressoide_11.9.0_2144/ide/plugins/com.nxp.mcuxpresso.tools.win32_11.9.0.202307121226/tools/bin/../lib/gcc/arm-none-eabi/12.3.1/thumb/v8-m.main/nofp\libcr_eabihelpers.a(memcpy.o)
                0x000050c8                __aeabi_lowlevel_memset
 .text.__sys_close
                0x000050fa        0x6 c:/nxp/mcuxpressoide_11.9.0_2144/ide/plugins/com.nxp.mcuxpresso.tools.win32_11.9.0.202307121226/tools/bin/../lib/gcc/arm-none-eabi/12.3.1/../../../../arm-none-eabi/lib/thumb/v8-m.main/nofp\libcr_nohost_nf.a(__sys_close.o)
                0x000050fa                __sys_close
 .text.__sys_flen
                0x00005100        0x6 c:/nxp/mcuxpressoide_11.9.0_2144/ide/plugins/com.nxp.mcuxpresso.tools.win32_11.9.0.202307121226/tools/bin/../lib/gcc/arm-none-eabi/12.3.1/../../../../arm-none-eabi/lib/thumb/v8-m.main/nofp\libcr_nohost_nf.a(__sys_flen.o)
                0x00005100                __sys_flen
 .text.__sys_istty
                0x00005106        0x6 c:/nxp/mcuxpressoide_11.9.0_2144/ide/plugins/com.nxp.mcuxpresso.tools.win32_11.9.0.202307121226/tools/bin/../lib/gcc/arm-none-eabi/12.3.1/../../../../arm-none-eabi/lib/thumb/v8-m.main/nofp\libcr_nohost_nf.a(__sys_istty.o)
                0x00005106                __sys_istty
 .text.__sys_remove
                0x0000510c        0x6 c:/nxp/mcuxpressoide_11.9.0_2144/ide/plugins/com.nxp.mcuxpresso.tools.win32_11.9.0.202307121226/tools/bin/../lib/gcc/arm-none-eabi/12.3.1/../../../../arm-none-eabi/lib/thumb/v8-m.main/nofp\libcr_nohost_nf.a(__sys_remove.o)
                0x0000510c                __sys_remove
 .text.__sys_seek
                0x00005112        0x6 c:/nxp/mcuxpressoide_11.9.0_2144/ide/plugins/com.nxp.mcuxpresso.tools.win32_11.9.0.202307121226/tools/bin/../lib/gcc/arm-none-eabi/12.3.1/../../../../arm-none-eabi/lib/thumb/v8-m.main/nofp\libcr_nohost_nf.a(__sys_seek.o)
                0x00005112                __sys_seek
 .text.__sys_tmpnam
                0x00005118        0x6 c:/nxp/mcuxpressoide_11.9.0_2144/ide/plugins/com.nxp.mcuxpresso.tools.win32_11.9.0.202307121226/tools/bin/../lib/gcc/arm-none-eabi/12.3.1/../../../../arm-none-eabi/lib/thumb/v8-m.main/nofp\libcr_nohost_nf.a(__sys_tmpnam.o)
                0x00005118                __sys_tmpnam
 .text.__sys_write
                0x0000511e        0x4 c:/nxp/mcuxpressoide_11.9.0_2144/ide/plugins/com.nxp.mcuxpresso.tools.win32_11.9.0.202307121226/tools/bin/../lib/gcc/arm-none-eabi/12.3.1/../../../../arm-none-eabi/lib/thumb/v8-m.main/nofp\libcr_nohost_nf.a(__sys_write.o)
                0x0000511e                __sys_write
 *(SORT_BY_ALIGNMENT(.rodata) SORT_BY_ALIGNMENT(.rodata.*) SORT_BY_ALIGNMENT(.constdata) SORT_BY_ALIGNMENT(.constdata.*))
 *fill*         0x00005122        0x2 ff
 .rodata.__assertion_failed.str1.4
                0x00005124       0x14 ./utilities/fsl_assert.o
 .rodata.EDMA_SetChannelMux.str1.4
                0x00005138       0xb0 ./source/main.o
 .rodata.LPSPI_MasterUserCallback.str1.4
                0x000051e8       0x3c ./source/main.o
 .rodata.main.str1.4
                0x00005224       0x48 ./source/main.o
 .rodata        0x0000526c       0x2b ./source/main.o
 *fill*         0x00005297        0x1 ff
 .rodata.CLOCK_SetClockSelect.str1.4
                0x00005298       0x2c ./drivers/fsl_clock.o
 .rodata.CLOCK_SetClockDiv.str1.4
                0x000052c4       0x2c ./drivers/fsl_clock.o
 .rodata.EDMA_SetChannelMux.str1.4
                0x000052f0       0x4e ./drivers/fsl_edma.o
 *fill*         0x0000533e        0x2 ff
 .rodata.EDMA_EnableChannelMasterIDReplication.str1.4
                0x00005340       0x4e ./drivers/fsl_edma.o
 *fill*         0x0000538e        0x2 ff
 .rodata.EDMA_SetChannelProtectionLevel.str1.4
                0x00005390       0x4e ./drivers/fsl_edma.o
 *fill*         0x000053de        0x2 ff
 .rodata.s_edmaIRQNumber
                0x000053e0        0x4 ./drivers/fsl_edma.o
 .rodata.EDMA_GetInstance.str1.4
                0x000053e4       0x33 ./drivers/fsl_edma.o
 *fill*         0x00005417        0x1 ff
 .rodata.EDMA_Init.str1.4
                0x00005418       0x20 ./drivers/fsl_edma.o
 .rodata.EDMA_InitChannel.str1.4
                0x00005438       0x27 ./drivers/fsl_edma.o
 *fill*         0x0000545f        0x1 ff
 .rodata.EDMA_GetDefaultConfig.str1.4
                0x00005460       0x20 ./drivers/fsl_edma.o
 .rodata.EDMA_ResetChannel.str1.4
                0x00005480       0x4e ./drivers/fsl_edma.o
 *fill*         0x000054ce        0x2 ff
 .rodata.EDMA_SetTransferConfig.str1.4
                0x000054d0       0xa3 ./drivers/fsl_edma.o
 *fill*         0x00005573        0x1 ff
 .rodata.EDMA_SetChannelPreemptionConfig.str1.4
                0x00005574       0x70 ./drivers/fsl_edma.o
 .rodata.EDMA_TcdReset.str1.4
                0x000055e4       0x4f ./drivers/fsl_edma.o
 *fill*         0x00005633        0x1 ff
 .rodata.EDMA_TcdSetTransferConfig.str1.4
                0x00005634       0x70 ./drivers/fsl_edma.o
 .rodata.EDMA_ConfigChannelSoftwareTCD.str1.4
                0x000056a4      0x333 ./drivers/fsl_edma.o
 *fill*         0x000059d7        0x1 ff
 .rodata.EDMA_EnableChannelInterrupts.str1.4
                0x000059d8       0x4e ./drivers/fsl_edma.o
 *fill*         0x00005a26        0x2 ff
 .rodata.EDMA_ClearChannelStatusFlags.str1.4
                0x00005a28       0x4f ./drivers/fsl_edma.o
 *fill*         0x00005a77        0x1 ff
 .rodata.EDMA_CreateHandle.str1.4
                0x00005a78       0x73 ./drivers/fsl_edma.o
 *fill*         0x00005aeb        0x1 ff
 .rodata.EDMA_SetCallback.str1.4
                0x00005aec       0x21 ./drivers/fsl_edma.o
 *fill*         0x00005b0d        0x3 ff
 .rodata.EDMA_StartTransfer.str1.4
                0x00005b10       0x21 ./drivers/fsl_edma.o
 *fill*         0x00005b31        0x3 ff
 .rodata.EDMA_HandleIRQ.str1.4
                0x00005b34       0x21 ./drivers/fsl_edma.o
 *fill*         0x00005b55        0x3 ff
 .rodata.s_baudratePrescaler
                0x00005b58        0x8 ./drivers/fsl_lpspi.o
 .rodata.s_lpspiBases
                0x00005b60        0x8 ./drivers/fsl_lpspi.o
 .rodata.s_lpspiClocks
                0x00005b68        0x8 ./drivers/fsl_lpspi.o
 .rodata.LPSPI_GetInstance.str1.4
                0x00005b70       0x36 ./drivers/fsl_lpspi.o
 *fill*         0x00005ba6        0x2 ff
 .rodata.LPSPI_MasterInit.str1.4
                0x00005ba8       0x27 ./drivers/fsl_lpspi.o
 *fill*         0x00005bcf        0x1 ff
 .rodata.LPSPI_MasterGetDefaultConfig.str1.4
                0x00005bd0       0x27 ./drivers/fsl_lpspi.o
 *fill*         0x00005bf7        0x1 ff
 .rodata.LPSPI_MasterSetBaudRate.str1.4
                0x00005bf8       0x2b ./drivers/fsl_lpspi.o
 *fill*         0x00005c23        0x1 ff
 .rodata.LPSPI_MasterSetDelayScaler.str1.4
                0x00005c24       0x18 ./drivers/fsl_lpspi.o
 .rodata.LPSPI_CheckTransferArgument.str1.4
                0x00005c3c       0x23 ./drivers/fsl_lpspi.o
 *fill*         0x00005c5f        0x1 ff
 .rodata.LPSPI0_DriverIRQHandler.str1.4
                0x00005c60       0x2c ./drivers/fsl_lpspi.o
 .rodata.LPSPI1_DriverIRQHandler.str1.4
                0x00005c8c       0x2c ./drivers/fsl_lpspi.o
 .rodata.LPSPI_SeparateEdmaReadData.str1.4
                0x00005cb8       0x45 ./drivers/fsl_lpspi_edma.o
 *fill*         0x00005cfd        0x3 ff
 .rodata.LPSPI_MasterTransferCreateHandleEDMA.str1.4
                0x00005d00       0x97 ./drivers/fsl_lpspi_edma.o
 *fill*         0x00005d97        0x1 ff
 .rodata.LPSPI_MasterTransferPrepareEDMALite.str1.4
                0x00005d98       0x26 ./drivers/fsl_lpspi_edma.o
 *fill*         0x00005dbe        0x2 ff
 .rodata.LPSPI_MasterTransferEDMALite.str1.4
                0x00005dc0       0xad ./drivers/fsl_lpspi_edma.o
 *fill*         0x00005e6d        0x3 ff
 .rodata.EDMA_LpspiMasterCallback.str1.4
                0x00005e70       0x64 ./drivers/fsl_lpspi_edma.o
 .rodata.s_lpuartBases
                0x00005ed4        0xc ./drivers/fsl_lpuart.o
 .rodata.s_lpuartClock
                0x00005ee0        0xc ./drivers/fsl_lpuart.o
 .rodata.s_lpuartResets
                0x00005eec        0x6 ./drivers/fsl_lpuart.o
 *fill*         0x00005ef2        0x2 ff
 .rodata.LPUART_GetInstance.str1.4
                0x00005ef4       0x38 ./drivers/fsl_lpuart.o
 .rodata.LPUART_Init.str1.4
                0x00005f2c      0x10a ./drivers/fsl_lpuart.o
 *fill*         0x00006036        0x2 ff
 .rodata.LPUART_GetDefaultConfig.str1.4
                0x00006038       0x22 ./drivers/fsl_lpuart.o
 *fill*         0x0000605a        0x2 ff
 .rodata.LPUART_WriteBlocking.str1.4
                0x0000605c       0x21 ./drivers/fsl_lpuart.o
 *fill*         0x0000607d        0x3 ff
 .rodata.LPUART_ReadBlocking.str1.4
                0x00006080       0x21 ./drivers/fsl_lpuart.o
 *fill*         0x000060a1        0x3 ff
 .rodata.RESET_SetPeripheralReset.str1.4
                0x000060a4       0x3f ./drivers/fsl_reset.o
 *fill*         0x000060e3        0x1 ff
 .rodata.RESET_ClearPeripheralReset.str1.4
                0x000060e4       0x1e ./drivers/fsl_reset.o
 *fill*         0x00006102        0x2 ff
 .rodata.SPC_SetSRAMOperateVoltage.str1.4
                0x00006104       0x1f ./drivers/fsl_spc.o
 *fill*         0x00006123        0x1 ff
 .rodata.SPC_SetActiveModeCoreLDORegulatorConfig.str1.4
                0x00006124       0x1f ./drivers/fsl_spc.o
 *fill*         0x00006143        0x1 ff
 .rodata.s_LpuartAdapterBase
                0x00006144        0xc ./component/uart/fsl_adapter_lpuart.o
 .rodata.HAL_UartInit.str1.4
                0x00006150      0x116 ./component/uart/fsl_adapter_lpuart.o
 *fill*         0x00006266        0x2 ff
 .rodata.HAL_UartReceiveBlocking.str1.4
                0x00006268       0x7b ./component/uart/fsl_adapter_lpuart.o
 *fill*         0x000062e3        0x1 ff
 .rodata.HAL_UartSendBlocking.str1.4
                0x000062e4       0x7b ./component/uart/fsl_adapter_lpuart.o
 *fill*         0x0000635f        0x1 ff
 .rodata.PORT_SetPinConfig.str1.4
                0x00006360       0x7a ./board/pin_mux.o
 *fill*         0x000063da        0x2 ff
 .rodata.__num_Ciob_streams
                0x000063dc        0x4 c:/nxp/mcuxpressoide_11.9.0_2144/ide/plugins/com.nxp.mcuxpresso.tools.win32_11.9.0.202307121226/tools/bin/../lib/gcc/arm-none-eabi/12.3.1/../../../../arm-none-eabi/lib/thumb/v8-m.main/nofp\libcr_nohost_nf.a(__ciob.o)
                0x000063dc                __num_Ciob_streams
 .rodata._initio.str1.1
                0x000063e0        0x4 c:/nxp/mcuxpressoide_11.9.0_2144/ide/plugins/com.nxp.mcuxpresso.tools.win32_11.9.0.202307121226/tools/bin/../lib/gcc/arm-none-eabi/12.3.1/../../../../arm-none-eabi/lib/thumb/v8-m.main/nofp\libcr_c.a(initio.o)
                0x000063e4                        . = ALIGN (0x4)

.glue_7         0x000063e4        0x0
 .glue_7        0x000063e4        0x0 linker stubs

.glue_7t        0x000063e4        0x0
 .glue_7t       0x000063e4        0x0 linker stubs

.vfp11_veneer   0x000063e4        0x0
 .vfp11_veneer  0x000063e4        0x0 linker stubs

.v4_bx          0x000063e4        0x0
 .v4_bx         0x000063e4        0x0 linker stubs

.iplt           0x000063e4        0x0
 .iplt          0x000063e4        0x0 ./utilities/fsl_assert.o

.rel.dyn        0x000063e4        0x0
 .rel.iplt      0x000063e4        0x0 ./utilities/fsl_assert.o

.ARM.extab
 *(SORT_BY_ALIGNMENT(.ARM.extab*) SORT_BY_ALIGNMENT(.gnu.linkonce.armextab.*))

.ARM.exidx      0x000063e4        0x0
                0x000063e4                        __exidx_start = .
 *(SORT_BY_ALIGNMENT(.ARM.exidx*) SORT_BY_ALIGNMENT(.gnu.linkonce.armexidx.*))
                0x000063e4                        __exidx_end = .
                0x000063e4                        _etext = .

.data_RAM2      0x04000000        0x0 load address 0x000063e4
 FILL mask 0xff
                [!provide]                        PROVIDE (__start_data_RAM2 = .)
                [!provide]                        PROVIDE (__start_data_SRAMX0 = .)
 *(SORT_BY_ALIGNMENT(.ramfunc.$RAM2))
 *(SORT_BY_ALIGNMENT(.ramfunc.$SRAMX0))
 *(SORT_BY_ALIGNMENT(.data.$RAM2))
 *(SORT_BY_ALIGNMENT(.data.$SRAMX0))
 *(SORT_BY_ALIGNMENT(.data.$RAM2.*))
 *(SORT_BY_ALIGNMENT(.data.$SRAMX0.*))
                0x04000000                        . = ALIGN (0x4)
                [!provide]                        PROVIDE (__end_data_RAM2 = .)
                [!provide]                        PROVIDE (__end_data_SRAMX0 = .)

.data_RAM3      0x04002000        0x0 load address 0x000063e4
 FILL mask 0xff
                [!provide]                        PROVIDE (__start_data_RAM3 = .)
                [!provide]                        PROVIDE (__start_data_SRAMX1 = .)
 *(SORT_BY_ALIGNMENT(.ramfunc.$RAM3))
 *(SORT_BY_ALIGNMENT(.ramfunc.$SRAMX1))
 *(SORT_BY_ALIGNMENT(.data.$RAM3))
 *(SORT_BY_ALIGNMENT(.data.$SRAMX1))
 *(SORT_BY_ALIGNMENT(.data.$RAM3.*))
 *(SORT_BY_ALIGNMENT(.data.$SRAMX1.*))
                0x04002000                        . = ALIGN (0x4)
                [!provide]                        PROVIDE (__end_data_RAM3 = .)
                [!provide]                        PROVIDE (__end_data_SRAMX1 = .)

.uninit_RESERVED
                0x20000000        0x0
                0x20000000                        _start_uninit_RESERVED = .
 *(SORT_BY_ALIGNMENT(.bss.$RESERVED*))
                0x20000000                        . = ALIGN (0x4)
                0x20000000                        _end_uninit_RESERVED = .

.data           0x20000000        0xc load address 0x000063e4
 FILL mask 0xff
                0x20000000                        _data = .
                [!provide]                        PROVIDE (__start_data_RAM = .)
                [!provide]                        PROVIDE (__start_data_SRAM = .)
 *(SORT_BY_ALIGNMENT(vtable))
 *(SORT_BY_ALIGNMENT(.ramfunc*))
 *(SORT_BY_ALIGNMENT(CodeQuickAccess))
 *(SORT_BY_ALIGNMENT(DataQuickAccess))
 *(SORT_BY_ALIGNMENT(RamFunction))
 *(SORT_BY_ALIGNMENT(.data*))
 .data.loopCount
                0x20000000        0x4 ./source/main.o
                0x20000000                loopCount
 .data.s_Ext_Clk_Freq
                0x20000004        0x4 ./drivers/fsl_clock.o
 .data.SystemCoreClock
                0x20000008        0x4 ./device/system_MCXA153.o
                0x20000008                SystemCoreClock
                0x2000000c                        . = ALIGN (0x4)
                0x2000000c                        _edata = .
                [!provide]                        PROVIDE (__end_data_RAM = .)
                [!provide]                        PROVIDE (__end_data_SRAM = .)

.igot.plt       0x2000000c        0x0 load address 0x000063f0
 .igot.plt      0x2000000c        0x0 ./utilities/fsl_assert.o

.bss_RAM2       0x04000000        0x0
                [!provide]                        PROVIDE (__start_bss_RAM2 = .)
                [!provide]                        PROVIDE (__start_bss_SRAMX0 = .)
 *(SORT_BY_ALIGNMENT(.bss.$RAM2))
 *(SORT_BY_ALIGNMENT(.bss.$SRAMX0))
 *(SORT_BY_ALIGNMENT(.bss.$RAM2.*))
 *(SORT_BY_ALIGNMENT(.bss.$SRAMX0.*))
                0x04000000                        . = ALIGN ((. != 0x0)?0x4:0x1)
                [!provide]                        PROVIDE (__end_bss_RAM2 = .)
                [!provide]                        PROVIDE (__end_bss_SRAMX0 = .)

.bss_RAM3       0x04002000        0x0
                [!provide]                        PROVIDE (__start_bss_RAM3 = .)
                [!provide]                        PROVIDE (__start_bss_SRAMX1 = .)
 *(SORT_BY_ALIGNMENT(.bss.$RAM3))
 *(SORT_BY_ALIGNMENT(.bss.$SRAMX1))
 *(SORT_BY_ALIGNMENT(.bss.$RAM3.*))
 *(SORT_BY_ALIGNMENT(.bss.$SRAMX1.*))
                0x04002000                        . = ALIGN ((. != 0x0)?0x4:0x1)
                [!provide]                        PROVIDE (__end_bss_RAM3 = .)
                [!provide]                        PROVIDE (__end_bss_SRAMX1 = .)

.bss            0x2000000c      0x310
                0x2000000c                        _bss = .
                [!provide]                        PROVIDE (__start_bss_RAM = .)
                [!provide]                        PROVIDE (__start_bss_SRAM = .)
 *(SORT_BY_ALIGNMENT(.bss*))
 .bss.s_debugConsole
                0x2000000c       0x14 ./utilities/fsl_debug_console.o
 .bss.g_m_edma_handle
                0x20000020       0xa4 ./source/main.o
                0x20000020                g_m_edma_handle
 .bss.lpspiEdmaMasterRxRegToRxDataHandle
                0x200000c4       0x20 ./source/main.o
                0x200000c4                lpspiEdmaMasterRxRegToRxDataHandle
 .bss.lpspiEdmaMasterTxDataToTxRegHandle
                0x200000e4       0x20 ./source/main.o
                0x200000e4                lpspiEdmaMasterTxDataToTxRegHandle
 .bss.userConfig
                0x20000104       0x18 ./source/main.o
                0x20000104                userConfig
 .bss.srcClock_Hz
                0x2000011c        0x4 ./source/main.o
                0x2000011c                srcClock_Hz
 .bss.masterConfig
                0x20000120       0x20 ./source/main.o
                0x20000120                masterConfig
 .bss.masterXfer
                0x20000140       0x10 ./source/main.o
                0x20000140                masterXfer
 .bss.led_strip
                0x20000150       0x15 ./source/main.o
                0x20000150                led_strip
 *fill*         0x20000165        0x3 
 .bss.spi_ledstrip_data
                0x20000168       0xa8 ./source/main.o
                0x20000168                spi_ledstrip_data
 .bss.mS_DelayTicker
                0x20000210        0x4 ./source/main.o
                0x20000210                mS_DelayTicker
 .bss.s_EDMAHandle
                0x20000214       0x10 ./drivers/fsl_edma.o
 .bss.s_lpspiHandle
                0x20000224        0x8 ./drivers/fsl_lpspi.o
 .bss.s_lpspiMasterIsr
                0x2000022c        0x4 ./drivers/fsl_lpspi.o
 .bss.s_lpspiSlaveIsr
                0x20000230        0x4 ./drivers/fsl_lpspi.o
 .bss.g_lpspiDummyData
                0x20000234        0x2 ./drivers/fsl_lpspi.o
                0x20000234                g_lpspiDummyData
 *fill*         0x20000236        0x2 
 .bss.s_lpspiMasterEdmaPrivateHandle
                0x20000238       0x10 ./drivers/fsl_lpspi_edma.o
 .bss.s_lpuartHandle
                0x20000248        0xc ./drivers/fsl_lpuart.o
                0x20000248                s_lpuartHandle
 .bss.s_lpuartIsr
                0x20000254        0xc ./drivers/fsl_lpuart.o
                0x20000254                s_lpuartIsr
 .bss.errno     0x20000260        0x4 c:/nxp/mcuxpressoide_11.9.0_2144/ide/plugins/com.nxp.mcuxpresso.tools.win32_11.9.0.202307121226/tools/bin/../lib/gcc/arm-none-eabi/12.3.1/../../../../arm-none-eabi/lib/thumb/v8-m.main/nofp\libcr_c.a(errno.o)
                0x20000260                errno
 .bss.__Ciob    0x20000264       0xb4 c:/nxp/mcuxpressoide_11.9.0_2144/ide/plugins/com.nxp.mcuxpresso.tools.win32_11.9.0.202307121226/tools/bin/../lib/gcc/arm-none-eabi/12.3.1/../../../../arm-none-eabi/lib/thumb/v8-m.main/nofp\libcr_nohost_nf.a(__ciob.o)
                0x20000264                __Ciob
 .bss.isTransferCompleted
                0x20000318        0x1 ./source/main.o
                0x20000318                isTransferCompleted
 *(SORT_BY_ALIGNMENT(COMMON))
                0x2000031c                        . = ALIGN (0x4)
 *fill*         0x20000319        0x3 
                0x2000031c                        _ebss = .
                [!provide]                        PROVIDE (__end_bss_RAM = .)
                [!provide]                        PROVIDE (__end_bss_SRAM = .)
                [!provide]                        PROVIDE (end = .)

.noinit_RAM2    0x04000000        0x0
                [!provide]                        PROVIDE (__start_noinit_RAM2 = .)
                [!provide]                        PROVIDE (__start_noinit_SRAMX0 = .)
 *(SORT_BY_ALIGNMENT(.noinit.$RAM2))
 *(SORT_BY_ALIGNMENT(.noinit.$SRAMX0))
 *(SORT_BY_ALIGNMENT(.noinit.$RAM2.*))
 *(SORT_BY_ALIGNMENT(.noinit.$SRAMX0.*))
                0x04000000                        . = ALIGN (0x4)
                [!provide]                        PROVIDE (__end_noinit_RAM2 = .)
                [!provide]                        PROVIDE (__end_noinit_SRAMX0 = .)

.noinit_RAM3    0x04002000        0x0
                [!provide]                        PROVIDE (__start_noinit_RAM3 = .)
                [!provide]                        PROVIDE (__start_noinit_SRAMX1 = .)
 *(SORT_BY_ALIGNMENT(.noinit.$RAM3))
 *(SORT_BY_ALIGNMENT(.noinit.$SRAMX1))
 *(SORT_BY_ALIGNMENT(.noinit.$RAM3.*))
 *(SORT_BY_ALIGNMENT(.noinit.$SRAMX1.*))
                0x04002000                        . = ALIGN (0x4)
                [!provide]                        PROVIDE (__end_noinit_RAM3 = .)
                [!provide]                        PROVIDE (__end_noinit_SRAMX1 = .)

.noinit         0x2000031c        0x0
                0x2000031c                        _noinit = .
                [!provide]                        PROVIDE (__start_noinit_RAM = .)
                [!provide]                        PROVIDE (__start_noinit_SRAM = .)
 *(SORT_BY_ALIGNMENT(.noinit*))
                0x2000031c                        . = ALIGN (0x4)
                0x2000031c                        _end_noinit = .
                [!provide]                        PROVIDE (__end_noinit_RAM = .)
                [!provide]                        PROVIDE (__end_noinit_SRAM = .)
                0x00000600                        _HeapSize = 0x600

.heap           0x2000031c      0x600
                0x2000031c                        _pvHeapStart = .
                0x2000091c                        . = (. + _HeapSize)
 *fill*         0x2000031c      0x600 
                0x2000091c                        . = ALIGN (0x4)
                0x2000091c                        _pvHeapLimit = .
                0x00000600                        _StackSize = 0x600

.heap2stackfill
                0x2000091c      0x600
                0x20000f1c                        . = (. + _StackSize)
 *fill*         0x2000091c      0x600 

.stack          0x20005a00        0x0
                0x20005a00                        _vStackBase = .
                0x20005a00                        . = ALIGN (0x4)
                0x20006000                        _vStackTop = (. + _StackSize)
                0x00000000                        _image_start = LOADADDR (.text)
                0x000063f0                        _image_end = (LOADADDR (.data) + SIZEOF (.data))
                0x000063f0                        _image_size = (_image_end - _image_start)
OUTPUT(frdmmcxa153_spi_neopixel.axf elf32-littlearm)
LOAD linker stubs

.debug_info     0x00000000    0x18619
 .debug_info    0x00000000       0xc5 ./utilities/fsl_assert.o
 .debug_info    0x000000c5      0xd6f ./utilities/fsl_debug_console.o
 .debug_info    0x00000e34       0x24 ./utilities/fsl_memcpy.o
 .debug_info    0x00000e58      0xb7f ./startup/startup_mcxa153.o
 .debug_info    0x000019d7     0x2448 ./source/main.o
 .debug_info    0x00003e1f       0x3c ./source/semihost_hardfault.o
 .debug_info    0x00003e5b      0x17d ./source/ws2812.o
 .debug_info    0x00003fd8     0x213a ./drivers/fsl_clock.o
 .debug_info    0x00006112     0x30cb ./drivers/fsl_edma.o
 .debug_info    0x000091dd       0xdb ./drivers/fsl_edma_soc.o
 .debug_info    0x000092b8     0x311b ./drivers/fsl_lpspi.o
 .debug_info    0x0000c3d3     0x1cea ./drivers/fsl_lpspi_edma.o
 .debug_info    0x0000e0bd     0x2aac ./drivers/fsl_lpuart.o
 .debug_info    0x00010b69      0xab1 ./drivers/fsl_reset.o
 .debug_info    0x0001161a     0x1078 ./drivers/fsl_spc.o
 .debug_info    0x00012692      0x864 ./device/system_MCXA153.o
 .debug_info    0x00012ef6      0xc8e ./component/uart/fsl_adapter_lpuart.o
 .debug_info    0x00013b84      0x6dc ./board/board.o
 .debug_info    0x00014260      0xaf7 ./board/clock_config.o
 .debug_info    0x00014d57     0x1049 ./board/pin_mux.o
 .debug_info    0x00015da0       0x85 c:/nxp/mcuxpressoide_11.9.0_2144/ide/plugins/com.nxp.mcuxpresso.tools.win32_11.9.0.202307121226/tools/bin/../lib/gcc/arm-none-eabi/12.3.1/../../../../arm-none-eabi/lib/thumb/v8-m.main/nofp\libcr_nohost_nf.a(_cr__main.o)
 .debug_info    0x00015e25       0xe3 c:/nxp/mcuxpressoide_11.9.0_2144/ide/plugins/com.nxp.mcuxpresso.tools.win32_11.9.0.202307121226/tools/bin/../lib/gcc/arm-none-eabi/12.3.1/../../../../arm-none-eabi/lib/thumb/v8-m.main/nofp\libcr_c.a(memset.o)
 .debug_info    0x00015f08      0x506 c:/nxp/mcuxpressoide_11.9.0_2144/ide/plugins/com.nxp.mcuxpresso.tools.win32_11.9.0.202307121226/tools/bin/../lib/gcc/arm-none-eabi/12.3.1/../../../../arm-none-eabi/lib/thumb/v8-m.main/nofp\libcr_c.a(alloc.o)
 .debug_info    0x0001640e       0x44 c:/nxp/mcuxpressoide_11.9.0_2144/ide/plugins/com.nxp.mcuxpresso.tools.win32_11.9.0.202307121226/tools/bin/../lib/gcc/arm-none-eabi/12.3.1/../../../../arm-none-eabi/lib/thumb/v8-m.main/nofp\libcr_c.a(errno.o)
 .debug_info    0x00016452      0x339 c:/nxp/mcuxpressoide_11.9.0_2144/ide/plugins/com.nxp.mcuxpresso.tools.win32_11.9.0.202307121226/tools/bin/../lib/gcc/arm-none-eabi/12.3.1/../../../../arm-none-eabi/lib/thumb/v8-m.main/nofp\libcr_c.a(initio.o)
 .debug_info    0x0001678b      0x1f6 c:/nxp/mcuxpressoide_11.9.0_2144/ide/plugins/com.nxp.mcuxpresso.tools.win32_11.9.0.202307121226/tools/bin/../lib/gcc/arm-none-eabi/12.3.1/../../../../arm-none-eabi/lib/thumb/v8-m.main/nofp\libcr_c.a(setvbuf.o)
 .debug_info    0x00016981       0xda c:/nxp/mcuxpressoide_11.9.0_2144/ide/plugins/com.nxp.mcuxpresso.tools.win32_11.9.0.202307121226/tools/bin/../lib/gcc/arm-none-eabi/12.3.1/../../../../arm-none-eabi/lib/thumb/v8-m.main/nofp\libcr_c.a(strlen.o)
 .debug_info    0x00016a5b      0x362 c:/nxp/mcuxpressoide_11.9.0_2144/ide/plugins/com.nxp.mcuxpresso.tools.win32_11.9.0.202307121226/tools/bin/../lib/gcc/arm-none-eabi/12.3.1/../../../../arm-none-eabi/lib/thumb/v8-m.main/nofp\libcr_c.a(_deferredlazyseek.o)
 .debug_info    0x00016dbd      0x244 c:/nxp/mcuxpressoide_11.9.0_2144/ide/plugins/com.nxp.mcuxpresso.tools.win32_11.9.0.202307121226/tools/bin/../lib/gcc/arm-none-eabi/12.3.1/../../../../arm-none-eabi/lib/thumb/v8-m.main/nofp\libcr_c.a(_fdopen.o)
 .debug_info    0x00017001      0x1e3 c:/nxp/mcuxpressoide_11.9.0_2144/ide/plugins/com.nxp.mcuxpresso.tools.win32_11.9.0.202307121226/tools/bin/../lib/gcc/arm-none-eabi/12.3.1/../../../../arm-none-eabi/lib/thumb/v8-m.main/nofp\libcr_c.a(_fflush.o)
 .debug_info    0x000171e4      0x282 c:/nxp/mcuxpressoide_11.9.0_2144/ide/plugins/com.nxp.mcuxpresso.tools.win32_11.9.0.202307121226/tools/bin/../lib/gcc/arm-none-eabi/12.3.1/../../../../arm-none-eabi/lib/thumb/v8-m.main/nofp\libcr_c.a(_writebuf.o)
 .debug_info    0x00017466      0x318 c:/nxp/mcuxpressoide_11.9.0_2144/ide/plugins/com.nxp.mcuxpresso.tools.win32_11.9.0.202307121226/tools/bin/../lib/gcc/arm-none-eabi/12.3.1/../../../../arm-none-eabi/lib/thumb/v8-m.main/nofp\libcr_c.a(fclose.o)
 .debug_info    0x0001777e      0x202 c:/nxp/mcuxpressoide_11.9.0_2144/ide/plugins/com.nxp.mcuxpresso.tools.win32_11.9.0.202307121226/tools/bin/../lib/gcc/arm-none-eabi/12.3.1/../../../../arm-none-eabi/lib/thumb/v8-m.main/nofp\libcr_c.a(fflush.o)
 .debug_info    0x00017980      0x276 c:/nxp/mcuxpressoide_11.9.0_2144/ide/plugins/com.nxp.mcuxpresso.tools.win32_11.9.0.202307121226/tools/bin/../lib/gcc/arm-none-eabi/12.3.1/../../../../arm-none-eabi/lib/thumb/v8-m.main/nofp\libcr_c.a(fseek.o)
 .debug_info    0x00017bf6      0x190 c:/nxp/mcuxpressoide_11.9.0_2144/ide/plugins/com.nxp.mcuxpresso.tools.win32_11.9.0.202307121226/tools/bin/../lib/gcc/arm-none-eabi/12.3.1/../../../../arm-none-eabi/lib/thumb/v8-m.main/nofp\libcr_c.a(ftell.o)
 .debug_info    0x00017d86      0x1ca c:/nxp/mcuxpressoide_11.9.0_2144/ide/plugins/com.nxp.mcuxpresso.tools.win32_11.9.0.202307121226/tools/bin/../lib/gcc/arm-none-eabi/12.3.1/../../../../arm-none-eabi/lib/thumb/v8-m.main/nofp\libcr_c.a(remove.o)
 .debug_info    0x00017f50      0x23a c:/nxp/mcuxpressoide_11.9.0_2144/ide/plugins/com.nxp.mcuxpresso.tools.win32_11.9.0.202307121226/tools/bin/../lib/gcc/arm-none-eabi/12.3.1/../../../../arm-none-eabi/lib/thumb/v8-m.main/nofp\libcr_c.a(_do_fflush.o)
 .debug_info    0x0001818a      0x18b c:/nxp/mcuxpressoide_11.9.0_2144/ide/plugins/com.nxp.mcuxpresso.tools.win32_11.9.0.202307121226/tools/bin/../lib/gcc/arm-none-eabi/12.3.1/../../../../arm-none-eabi/lib/thumb/v8-m.main/nofp\libcr_nohost_nf.a(__ciob.o)
 .debug_info    0x00018315       0x5c c:/nxp/mcuxpressoide_11.9.0_2144/ide/plugins/com.nxp.mcuxpresso.tools.win32_11.9.0.202307121226/tools/bin/../lib/gcc/arm-none-eabi/12.3.1/../../../../arm-none-eabi/lib/thumb/v8-m.main/nofp\libcr_nohost_nf.a(__sys_close.o)
 .debug_info    0x00018371       0x5c c:/nxp/mcuxpressoide_11.9.0_2144/ide/plugins/com.nxp.mcuxpresso.tools.win32_11.9.0.202307121226/tools/bin/../lib/gcc/arm-none-eabi/12.3.1/../../../../arm-none-eabi/lib/thumb/v8-m.main/nofp\libcr_nohost_nf.a(__sys_flen.o)
 .debug_info    0x000183cd       0x5c c:/nxp/mcuxpressoide_11.9.0_2144/ide/plugins/com.nxp.mcuxpresso.tools.win32_11.9.0.202307121226/tools/bin/../lib/gcc/arm-none-eabi/12.3.1/../../../../arm-none-eabi/lib/thumb/v8-m.main/nofp\libcr_nohost_nf.a(__sys_istty.o)
 .debug_info    0x00018429       0x7c c:/nxp/mcuxpressoide_11.9.0_2144/ide/plugins/com.nxp.mcuxpresso.tools.win32_11.9.0.202307121226/tools/bin/../lib/gcc/arm-none-eabi/12.3.1/../../../../arm-none-eabi/lib/thumb/v8-m.main/nofp\libcr_nohost_nf.a(__sys_remove.o)
 .debug_info    0x000184a5       0x6a c:/nxp/mcuxpressoide_11.9.0_2144/ide/plugins/com.nxp.mcuxpresso.tools.win32_11.9.0.202307121226/tools/bin/../lib/gcc/arm-none-eabi/12.3.1/../../../../arm-none-eabi/lib/thumb/v8-m.main/nofp\libcr_nohost_nf.a(__sys_seek.o)
 .debug_info    0x0001850f       0x85 c:/nxp/mcuxpressoide_11.9.0_2144/ide/plugins/com.nxp.mcuxpresso.tools.win32_11.9.0.202307121226/tools/bin/../lib/gcc/arm-none-eabi/12.3.1/../../../../arm-none-eabi/lib/thumb/v8-m.main/nofp\libcr_nohost_nf.a(__sys_tmpnam.o)
 .debug_info    0x00018594       0x85 c:/nxp/mcuxpressoide_11.9.0_2144/ide/plugins/com.nxp.mcuxpresso.tools.win32_11.9.0.202307121226/tools/bin/../lib/gcc/arm-none-eabi/12.3.1/../../../../arm-none-eabi/lib/thumb/v8-m.main/nofp\libcr_nohost_nf.a(__sys_write.o)

.debug_abbrev   0x00000000     0x3daf
 .debug_abbrev  0x00000000       0x90 ./utilities/fsl_assert.o
 .debug_abbrev  0x00000090      0x267 ./utilities/fsl_debug_console.o
 .debug_abbrev  0x000002f7       0x14 ./utilities/fsl_memcpy.o
 .debug_abbrev  0x0000030b      0x134 ./startup/startup_mcxa153.o
 .debug_abbrev  0x0000043f      0x441 ./source/main.o
 .debug_abbrev  0x00000880       0x31 ./source/semihost_hardfault.o
 .debug_abbrev  0x000008b1       0xe6 ./source/ws2812.o
 .debug_abbrev  0x00000997      0x30e ./drivers/fsl_clock.o
 .debug_abbrev  0x00000ca5      0x438 ./drivers/fsl_edma.o
 .debug_abbrev  0x000010dd       0x72 ./drivers/fsl_edma_soc.o
 .debug_abbrev  0x0000114f      0x365 ./drivers/fsl_lpspi.o
 .debug_abbrev  0x000014b4      0x306 ./drivers/fsl_lpspi_edma.o
 .debug_abbrev  0x000017ba      0x464 ./drivers/fsl_lpuart.o
 .debug_abbrev  0x00001c1e      0x14c ./drivers/fsl_reset.o
 .debug_abbrev  0x00001d6a      0x2c0 ./drivers/fsl_spc.o
 .debug_abbrev  0x0000202a      0x123 ./device/system_MCXA153.o
 .debug_abbrev  0x0000214d      0x1e7 ./component/uart/fsl_adapter_lpuart.o
 .debug_abbrev  0x00002334       0xf2 ./board/board.o
 .debug_abbrev  0x00002426      0x1f3 ./board/clock_config.o
 .debug_abbrev  0x00002619      0x252 ./board/pin_mux.o
 .debug_abbrev  0x0000286b       0x70 c:/nxp/mcuxpressoide_11.9.0_2144/ide/plugins/com.nxp.mcuxpresso.tools.win32_11.9.0.202307121226/tools/bin/../lib/gcc/arm-none-eabi/12.3.1/../../../../arm-none-eabi/lib/thumb/v8-m.main/nofp\libcr_nohost_nf.a(_cr__main.o)
 .debug_abbrev  0x000028db       0xa8 c:/nxp/mcuxpressoide_11.9.0_2144/ide/plugins/com.nxp.mcuxpresso.tools.win32_11.9.0.202307121226/tools/bin/../lib/gcc/arm-none-eabi/12.3.1/../../../../arm-none-eabi/lib/thumb/v8-m.main/nofp\libcr_c.a(memset.o)
 .debug_abbrev  0x00002983      0x284 c:/nxp/mcuxpressoide_11.9.0_2144/ide/plugins/com.nxp.mcuxpresso.tools.win32_11.9.0.202307121226/tools/bin/../lib/gcc/arm-none-eabi/12.3.1/../../../../arm-none-eabi/lib/thumb/v8-m.main/nofp\libcr_c.a(alloc.o)
 .debug_abbrev  0x00002c07       0x44 c:/nxp/mcuxpressoide_11.9.0_2144/ide/plugins/com.nxp.mcuxpresso.tools.win32_11.9.0.202307121226/tools/bin/../lib/gcc/arm-none-eabi/12.3.1/../../../../arm-none-eabi/lib/thumb/v8-m.main/nofp\libcr_c.a(errno.o)
 .debug_abbrev  0x00002c4b      0x169 c:/nxp/mcuxpressoide_11.9.0_2144/ide/plugins/com.nxp.mcuxpresso.tools.win32_11.9.0.202307121226/tools/bin/../lib/gcc/arm-none-eabi/12.3.1/../../../../arm-none-eabi/lib/thumb/v8-m.main/nofp\libcr_c.a(initio.o)
 .debug_abbrev  0x00002db4       0xe1 c:/nxp/mcuxpressoide_11.9.0_2144/ide/plugins/com.nxp.mcuxpresso.tools.win32_11.9.0.202307121226/tools/bin/../lib/gcc/arm-none-eabi/12.3.1/../../../../arm-none-eabi/lib/thumb/v8-m.main/nofp\libcr_c.a(setvbuf.o)
 .debug_abbrev  0x00002e95       0xa7 c:/nxp/mcuxpressoide_11.9.0_2144/ide/plugins/com.nxp.mcuxpresso.tools.win32_11.9.0.202307121226/tools/bin/../lib/gcc/arm-none-eabi/12.3.1/../../../../arm-none-eabi/lib/thumb/v8-m.main/nofp\libcr_c.a(strlen.o)
 .debug_abbrev  0x00002f3c      0x152 c:/nxp/mcuxpressoide_11.9.0_2144/ide/plugins/com.nxp.mcuxpresso.tools.win32_11.9.0.202307121226/tools/bin/../lib/gcc/arm-none-eabi/12.3.1/../../../../arm-none-eabi/lib/thumb/v8-m.main/nofp\libcr_c.a(_deferredlazyseek.o)
 .debug_abbrev  0x0000308e      0x119 c:/nxp/mcuxpressoide_11.9.0_2144/ide/plugins/com.nxp.mcuxpresso.tools.win32_11.9.0.202307121226/tools/bin/../lib/gcc/arm-none-eabi/12.3.1/../../../../arm-none-eabi/lib/thumb/v8-m.main/nofp\libcr_c.a(_fdopen.o)
 .debug_abbrev  0x000031a7       0xf1 c:/nxp/mcuxpressoide_11.9.0_2144/ide/plugins/com.nxp.mcuxpresso.tools.win32_11.9.0.202307121226/tools/bin/../lib/gcc/arm-none-eabi/12.3.1/../../../../arm-none-eabi/lib/thumb/v8-m.main/nofp\libcr_c.a(_fflush.o)
 .debug_abbrev  0x00003298      0x126 c:/nxp/mcuxpressoide_11.9.0_2144/ide/plugins/com.nxp.mcuxpresso.tools.win32_11.9.0.202307121226/tools/bin/../lib/gcc/arm-none-eabi/12.3.1/../../../../arm-none-eabi/lib/thumb/v8-m.main/nofp\libcr_c.a(_writebuf.o)
 .debug_abbrev  0x000033be      0x155 c:/nxp/mcuxpressoide_11.9.0_2144/ide/plugins/com.nxp.mcuxpresso.tools.win32_11.9.0.202307121226/tools/bin/../lib/gcc/arm-none-eabi/12.3.1/../../../../arm-none-eabi/lib/thumb/v8-m.main/nofp\libcr_c.a(fclose.o)
 .debug_abbrev  0x00003513      0x125 c:/nxp/mcuxpressoide_11.9.0_2144/ide/plugins/com.nxp.mcuxpresso.tools.win32_11.9.0.202307121226/tools/bin/../lib/gcc/arm-none-eabi/12.3.1/../../../../arm-none-eabi/lib/thumb/v8-m.main/nofp\libcr_c.a(fflush.o)
 .debug_abbrev  0x00003638      0x11b c:/nxp/mcuxpressoide_11.9.0_2144/ide/plugins/com.nxp.mcuxpresso.tools.win32_11.9.0.202307121226/tools/bin/../lib/gcc/arm-none-eabi/12.3.1/../../../../arm-none-eabi/lib/thumb/v8-m.main/nofp\libcr_c.a(fseek.o)
 .debug_abbrev  0x00003753       0xc2 c:/nxp/mcuxpressoide_11.9.0_2144/ide/plugins/com.nxp.mcuxpresso.tools.win32_11.9.0.202307121226/tools/bin/../lib/gcc/arm-none-eabi/12.3.1/../../../../arm-none-eabi/lib/thumb/v8-m.main/nofp\libcr_c.a(ftell.o)
 .debug_abbrev  0x00003815       0xfb c:/nxp/mcuxpressoide_11.9.0_2144/ide/plugins/com.nxp.mcuxpresso.tools.win32_11.9.0.202307121226/tools/bin/../lib/gcc/arm-none-eabi/12.3.1/../../../../arm-none-eabi/lib/thumb/v8-m.main/nofp\libcr_c.a(remove.o)
 .debug_abbrev  0x00003910      0x12c c:/nxp/mcuxpressoide_11.9.0_2144/ide/plugins/com.nxp.mcuxpresso.tools.win32_11.9.0.202307121226/tools/bin/../lib/gcc/arm-none-eabi/12.3.1/../../../../arm-none-eabi/lib/thumb/v8-m.main/nofp\libcr_c.a(_do_fflush.o)
 .debug_abbrev  0x00003a3c       0xb5 c:/nxp/mcuxpressoide_11.9.0_2144/ide/plugins/com.nxp.mcuxpresso.tools.win32_11.9.0.202307121226/tools/bin/../lib/gcc/arm-none-eabi/12.3.1/../../../../arm-none-eabi/lib/thumb/v8-m.main/nofp\libcr_nohost_nf.a(__ciob.o)
 .debug_abbrev  0x00003af1       0x51 c:/nxp/mcuxpressoide_11.9.0_2144/ide/plugins/com.nxp.mcuxpresso.tools.win32_11.9.0.202307121226/tools/bin/../lib/gcc/arm-none-eabi/12.3.1/../../../../arm-none-eabi/lib/thumb/v8-m.main/nofp\libcr_nohost_nf.a(__sys_close.o)
 .debug_abbrev  0x00003b42       0x51 c:/nxp/mcuxpressoide_11.9.0_2144/ide/plugins/com.nxp.mcuxpresso.tools.win32_11.9.0.202307121226/tools/bin/../lib/gcc/arm-none-eabi/12.3.1/../../../../arm-none-eabi/lib/thumb/v8-m.main/nofp\libcr_nohost_nf.a(__sys_flen.o)
 .debug_abbrev  0x00003b93       0x51 c:/nxp/mcuxpressoide_11.9.0_2144/ide/plugins/com.nxp.mcuxpresso.tools.win32_11.9.0.202307121226/tools/bin/../lib/gcc/arm-none-eabi/12.3.1/../../../../arm-none-eabi/lib/thumb/v8-m.main/nofp\libcr_nohost_nf.a(__sys_istty.o)
 .debug_abbrev  0x00003be4       0x7d c:/nxp/mcuxpressoide_11.9.0_2144/ide/plugins/com.nxp.mcuxpresso.tools.win32_11.9.0.202307121226/tools/bin/../lib/gcc/arm-none-eabi/12.3.1/../../../../arm-none-eabi/lib/thumb/v8-m.main/nofp\libcr_nohost_nf.a(__sys_remove.o)
 .debug_abbrev  0x00003c61       0x62 c:/nxp/mcuxpressoide_11.9.0_2144/ide/plugins/com.nxp.mcuxpresso.tools.win32_11.9.0.202307121226/tools/bin/../lib/gcc/arm-none-eabi/12.3.1/../../../../arm-none-eabi/lib/thumb/v8-m.main/nofp\libcr_nohost_nf.a(__sys_seek.o)
 .debug_abbrev  0x00003cc3       0x76 c:/nxp/mcuxpressoide_11.9.0_2144/ide/plugins/com.nxp.mcuxpresso.tools.win32_11.9.0.202307121226/tools/bin/../lib/gcc/arm-none-eabi/12.3.1/../../../../arm-none-eabi/lib/thumb/v8-m.main/nofp\libcr_nohost_nf.a(__sys_tmpnam.o)
 .debug_abbrev  0x00003d39       0x76 c:/nxp/mcuxpressoide_11.9.0_2144/ide/plugins/com.nxp.mcuxpresso.tools.win32_11.9.0.202307121226/tools/bin/../lib/gcc/arm-none-eabi/12.3.1/../../../../arm-none-eabi/lib/thumb/v8-m.main/nofp\libcr_nohost_nf.a(__sys_write.o)

.debug_aranges  0x00000000     0x11d8
 .debug_aranges
                0x00000000       0x20 ./utilities/fsl_assert.o
 .debug_aranges
                0x00000020       0x78 ./utilities/fsl_debug_console.o
 .debug_aranges
                0x00000098       0x20 ./utilities/fsl_memcpy.o
 .debug_aranges
                0x000000b8      0x2e0 ./startup/startup_mcxa153.o
 .debug_aranges
                0x00000398       0x80 ./source/main.o
 .debug_aranges
                0x00000418       0x20 ./source/semihost_hardfault.o
 .debug_aranges
                0x00000438       0x28 ./source/ws2812.o
 .debug_aranges
                0x00000460      0x168 ./drivers/fsl_clock.o
 .debug_aranges
                0x000005c8      0x1d0 ./drivers/fsl_edma.o
 .debug_aranges
                0x00000798       0x38 ./drivers/fsl_edma_soc.o
 .debug_aranges
                0x000007d0      0x1e0 ./drivers/fsl_lpspi.o
 .debug_aranges
                0x000009b0       0xe8 ./drivers/fsl_lpspi_edma.o
 .debug_aranges
                0x00000a98      0x178 ./drivers/fsl_lpuart.o
 .debug_aranges
                0x00000c10       0x30 ./drivers/fsl_reset.o
 .debug_aranges
                0x00000c40      0x120 ./drivers/fsl_spc.o
 .debug_aranges
                0x00000d60       0x30 ./device/system_MCXA153.o
 .debug_aranges
                0x00000d90       0x58 ./component/uart/fsl_adapter_lpuart.o
 .debug_aranges
                0x00000de8       0x20 ./board/board.o
 .debug_aranges
                0x00000e08       0x48 ./board/clock_config.o
 .debug_aranges
                0x00000e50       0x40 ./board/pin_mux.o
 .debug_aranges
                0x00000e90       0x20 c:/nxp/mcuxpressoide_11.9.0_2144/ide/plugins/com.nxp.mcuxpresso.tools.win32_11.9.0.202307121226/tools/bin/../lib/gcc/arm-none-eabi/12.3.1/../../../../arm-none-eabi/lib/thumb/v8-m.main/nofp\libcr_nohost_nf.a(_cr__main.o)
 .debug_aranges
                0x00000eb0       0x20 c:/nxp/mcuxpressoide_11.9.0_2144/ide/plugins/com.nxp.mcuxpresso.tools.win32_11.9.0.202307121226/tools/bin/../lib/gcc/arm-none-eabi/12.3.1/../../../../arm-none-eabi/lib/thumb/v8-m.main/nofp\libcr_c.a(memset.o)
 .debug_aranges
                0x00000ed0       0x40 c:/nxp/mcuxpressoide_11.9.0_2144/ide/plugins/com.nxp.mcuxpresso.tools.win32_11.9.0.202307121226/tools/bin/../lib/gcc/arm-none-eabi/12.3.1/../../../../arm-none-eabi/lib/thumb/v8-m.main/nofp\libcr_c.a(alloc.o)
 .debug_aranges
                0x00000f10       0x18 c:/nxp/mcuxpressoide_11.9.0_2144/ide/plugins/com.nxp.mcuxpresso.tools.win32_11.9.0.202307121226/tools/bin/../lib/gcc/arm-none-eabi/12.3.1/../../../../arm-none-eabi/lib/thumb/v8-m.main/nofp\libcr_c.a(errno.o)
 .debug_aranges
                0x00000f28       0x28 c:/nxp/mcuxpressoide_11.9.0_2144/ide/plugins/com.nxp.mcuxpresso.tools.win32_11.9.0.202307121226/tools/bin/../lib/gcc/arm-none-eabi/12.3.1/../../../../arm-none-eabi/lib/thumb/v8-m.main/nofp\libcr_c.a(initio.o)
 .debug_aranges
                0x00000f50       0x20 c:/nxp/mcuxpressoide_11.9.0_2144/ide/plugins/com.nxp.mcuxpresso.tools.win32_11.9.0.202307121226/tools/bin/../lib/gcc/arm-none-eabi/12.3.1/../../../../arm-none-eabi/lib/thumb/v8-m.main/nofp\libcr_c.a(setvbuf.o)
 .debug_aranges
                0x00000f70       0x20 c:/nxp/mcuxpressoide_11.9.0_2144/ide/plugins/com.nxp.mcuxpresso.tools.win32_11.9.0.202307121226/tools/bin/../lib/gcc/arm-none-eabi/12.3.1/../../../../arm-none-eabi/lib/thumb/v8-m.main/nofp\libcr_c.a(strlen.o)
 .debug_aranges
                0x00000f90       0x28 c:/nxp/mcuxpressoide_11.9.0_2144/ide/plugins/com.nxp.mcuxpresso.tools.win32_11.9.0.202307121226/tools/bin/../lib/gcc/arm-none-eabi/12.3.1/../../../../arm-none-eabi/lib/thumb/v8-m.main/nofp\libcr_c.a(_deferredlazyseek.o)
 .debug_aranges
                0x00000fb8       0x20 c:/nxp/mcuxpressoide_11.9.0_2144/ide/plugins/com.nxp.mcuxpresso.tools.win32_11.9.0.202307121226/tools/bin/../lib/gcc/arm-none-eabi/12.3.1/../../../../arm-none-eabi/lib/thumb/v8-m.main/nofp\libcr_c.a(_fdopen.o)
 .debug_aranges
                0x00000fd8       0x20 c:/nxp/mcuxpressoide_11.9.0_2144/ide/plugins/com.nxp.mcuxpresso.tools.win32_11.9.0.202307121226/tools/bin/../lib/gcc/arm-none-eabi/12.3.1/../../../../arm-none-eabi/lib/thumb/v8-m.main/nofp\libcr_c.a(_fflush.o)
 .debug_aranges
                0x00000ff8       0x20 c:/nxp/mcuxpressoide_11.9.0_2144/ide/plugins/com.nxp.mcuxpresso.tools.win32_11.9.0.202307121226/tools/bin/../lib/gcc/arm-none-eabi/12.3.1/../../../../arm-none-eabi/lib/thumb/v8-m.main/nofp\libcr_c.a(_writebuf.o)
 .debug_aranges
                0x00001018       0x20 c:/nxp/mcuxpressoide_11.9.0_2144/ide/plugins/com.nxp.mcuxpresso.tools.win32_11.9.0.202307121226/tools/bin/../lib/gcc/arm-none-eabi/12.3.1/../../../../arm-none-eabi/lib/thumb/v8-m.main/nofp\libcr_c.a(fclose.o)
 .debug_aranges
                0x00001038       0x20 c:/nxp/mcuxpressoide_11.9.0_2144/ide/plugins/com.nxp.mcuxpresso.tools.win32_11.9.0.202307121226/tools/bin/../lib/gcc/arm-none-eabi/12.3.1/../../../../arm-none-eabi/lib/thumb/v8-m.main/nofp\libcr_c.a(fflush.o)
 .debug_aranges
                0x00001058       0x20 c:/nxp/mcuxpressoide_11.9.0_2144/ide/plugins/com.nxp.mcuxpresso.tools.win32_11.9.0.202307121226/tools/bin/../lib/gcc/arm-none-eabi/12.3.1/../../../../arm-none-eabi/lib/thumb/v8-m.main/nofp\libcr_c.a(fseek.o)
 .debug_aranges
                0x00001078       0x20 c:/nxp/mcuxpressoide_11.9.0_2144/ide/plugins/com.nxp.mcuxpresso.tools.win32_11.9.0.202307121226/tools/bin/../lib/gcc/arm-none-eabi/12.3.1/../../../../arm-none-eabi/lib/thumb/v8-m.main/nofp\libcr_c.a(ftell.o)
 .debug_aranges
                0x00001098       0x28 c:/nxp/mcuxpressoide_11.9.0_2144/ide/plugins/com.nxp.mcuxpresso.tools.win32_11.9.0.202307121226/tools/bin/../lib/gcc/arm-none-eabi/12.3.1/../../../../arm-none-eabi/lib/thumb/v8-m.main/nofp\libcr_c.a(remove.o)
 .debug_aranges
                0x000010c0       0x20 c:/nxp/mcuxpressoide_11.9.0_2144/ide/plugins/com.nxp.mcuxpresso.tools.win32_11.9.0.202307121226/tools/bin/../lib/gcc/arm-none-eabi/12.3.1/../../../../arm-none-eabi/lib/thumb/v8-m.main/nofp\libcr_c.a(_do_fflush.o)
 .debug_aranges
                0x000010e0       0x18 c:/nxp/mcuxpressoide_11.9.0_2144/ide/plugins/com.nxp.mcuxpresso.tools.win32_11.9.0.202307121226/tools/bin/../lib/gcc/arm-none-eabi/12.3.1/../../../../arm-none-eabi/lib/thumb/v8-m.main/nofp\libcr_nohost_nf.a(__ciob.o)
 .debug_aranges
                0x000010f8       0x20 c:/nxp/mcuxpressoide_11.9.0_2144/ide/plugins/com.nxp.mcuxpresso.tools.win32_11.9.0.202307121226/tools/bin/../lib/gcc/arm-none-eabi/12.3.1/../../../../arm-none-eabi/lib/thumb/v8-m.main/nofp\libcr_nohost_nf.a(__sys_close.o)
 .debug_aranges
                0x00001118       0x20 c:/nxp/mcuxpressoide_11.9.0_2144/ide/plugins/com.nxp.mcuxpresso.tools.win32_11.9.0.202307121226/tools/bin/../lib/gcc/arm-none-eabi/12.3.1/../../../../arm-none-eabi/lib/thumb/v8-m.main/nofp\libcr_nohost_nf.a(__sys_flen.o)
 .debug_aranges
                0x00001138       0x20 c:/nxp/mcuxpressoide_11.9.0_2144/ide/plugins/com.nxp.mcuxpresso.tools.win32_11.9.0.202307121226/tools/bin/../lib/gcc/arm-none-eabi/12.3.1/../../../../arm-none-eabi/lib/thumb/v8-m.main/nofp\libcr_nohost_nf.a(__sys_istty.o)
 .debug_aranges
                0x00001158       0x20 c:/nxp/mcuxpressoide_11.9.0_2144/ide/plugins/com.nxp.mcuxpresso.tools.win32_11.9.0.202307121226/tools/bin/../lib/gcc/arm-none-eabi/12.3.1/../../../../arm-none-eabi/lib/thumb/v8-m.main/nofp\libcr_nohost_nf.a(__sys_remove.o)
 .debug_aranges
                0x00001178       0x20 c:/nxp/mcuxpressoide_11.9.0_2144/ide/plugins/com.nxp.mcuxpresso.tools.win32_11.9.0.202307121226/tools/bin/../lib/gcc/arm-none-eabi/12.3.1/../../../../arm-none-eabi/lib/thumb/v8-m.main/nofp\libcr_nohost_nf.a(__sys_seek.o)
 .debug_aranges
                0x00001198       0x20 c:/nxp/mcuxpressoide_11.9.0_2144/ide/plugins/com.nxp.mcuxpresso.tools.win32_11.9.0.202307121226/tools/bin/../lib/gcc/arm-none-eabi/12.3.1/../../../../arm-none-eabi/lib/thumb/v8-m.main/nofp\libcr_nohost_nf.a(__sys_tmpnam.o)
 .debug_aranges
                0x000011b8       0x20 c:/nxp/mcuxpressoide_11.9.0_2144/ide/plugins/com.nxp.mcuxpresso.tools.win32_11.9.0.202307121226/tools/bin/../lib/gcc/arm-none-eabi/12.3.1/../../../../arm-none-eabi/lib/thumb/v8-m.main/nofp\libcr_nohost_nf.a(__sys_write.o)

.debug_ranges   0x00000000      0xf50
 .debug_ranges  0x00000000       0x10 ./utilities/fsl_assert.o
 .debug_ranges  0x00000010       0x68 ./utilities/fsl_debug_console.o
 .debug_ranges  0x00000078      0x2d0 ./startup/startup_mcxa153.o
 .debug_ranges  0x00000348       0x70 ./source/main.o
 .debug_ranges  0x000003b8       0x10 ./source/semihost_hardfault.o
 .debug_ranges  0x000003c8       0x18 ./source/ws2812.o
 .debug_ranges  0x000003e0      0x158 ./drivers/fsl_clock.o
 .debug_ranges  0x00000538      0x1c0 ./drivers/fsl_edma.o
 .debug_ranges  0x000006f8       0x28 ./drivers/fsl_edma_soc.o
 .debug_ranges  0x00000720      0x1d0 ./drivers/fsl_lpspi.o
 .debug_ranges  0x000008f0       0xd8 ./drivers/fsl_lpspi_edma.o
 .debug_ranges  0x000009c8      0x168 ./drivers/fsl_lpuart.o
 .debug_ranges  0x00000b30       0x20 ./drivers/fsl_reset.o
 .debug_ranges  0x00000b50      0x110 ./drivers/fsl_spc.o
 .debug_ranges  0x00000c60       0x20 ./device/system_MCXA153.o
 .debug_ranges  0x00000c80       0x48 ./component/uart/fsl_adapter_lpuart.o
 .debug_ranges  0x00000cc8       0x10 ./board/board.o
 .debug_ranges  0x00000cd8       0x38 ./board/clock_config.o
 .debug_ranges  0x00000d10       0x30 ./board/pin_mux.o
 .debug_ranges  0x00000d40       0x10 c:/nxp/mcuxpressoide_11.9.0_2144/ide/plugins/com.nxp.mcuxpresso.tools.win32_11.9.0.202307121226/tools/bin/../lib/gcc/arm-none-eabi/12.3.1/../../../../arm-none-eabi/lib/thumb/v8-m.main/nofp\libcr_nohost_nf.a(_cr__main.o)
 .debug_ranges  0x00000d50       0x10 c:/nxp/mcuxpressoide_11.9.0_2144/ide/plugins/com.nxp.mcuxpresso.tools.win32_11.9.0.202307121226/tools/bin/../lib/gcc/arm-none-eabi/12.3.1/../../../../arm-none-eabi/lib/thumb/v8-m.main/nofp\libcr_c.a(memset.o)
 .debug_ranges  0x00000d60       0x48 c:/nxp/mcuxpressoide_11.9.0_2144/ide/plugins/com.nxp.mcuxpresso.tools.win32_11.9.0.202307121226/tools/bin/../lib/gcc/arm-none-eabi/12.3.1/../../../../arm-none-eabi/lib/thumb/v8-m.main/nofp\libcr_c.a(alloc.o)
 .debug_ranges  0x00000da8       0x18 c:/nxp/mcuxpressoide_11.9.0_2144/ide/plugins/com.nxp.mcuxpresso.tools.win32_11.9.0.202307121226/tools/bin/../lib/gcc/arm-none-eabi/12.3.1/../../../../arm-none-eabi/lib/thumb/v8-m.main/nofp\libcr_c.a(initio.o)
 .debug_ranges  0x00000dc0       0x10 c:/nxp/mcuxpressoide_11.9.0_2144/ide/plugins/com.nxp.mcuxpresso.tools.win32_11.9.0.202307121226/tools/bin/../lib/gcc/arm-none-eabi/12.3.1/../../../../arm-none-eabi/lib/thumb/v8-m.main/nofp\libcr_c.a(setvbuf.o)
 .debug_ranges  0x00000dd0       0x10 c:/nxp/mcuxpressoide_11.9.0_2144/ide/plugins/com.nxp.mcuxpresso.tools.win32_11.9.0.202307121226/tools/bin/../lib/gcc/arm-none-eabi/12.3.1/../../../../arm-none-eabi/lib/thumb/v8-m.main/nofp\libcr_c.a(strlen.o)